03-21 14:37:18.845   545 23509 E mm-camera: af_port_event:4610  af_port_event: X rc: 1
03-21 14:37:18.850   545 23470 E mm-camera: af_port_event:4560  af_port_event: Received AF port event type: 2, dir: 1
03-21 14:37:18.850   545 23470 E mm-camera: af_port_handle_module_event:2819  af_port_handle_module_event: Handle AF module event of type: 103
03-21 14:37:18.850   545 23470 E mm-camera: af_port_handle_module_event:3018  af_port_handle_module_event: Handle gravity vector data update!
03-21 14:37:18.850   545 23470 E mm-camera: af_port_handle_gravity_update:2084  af_port_handle_gravity_update: af_port->gravity_vector_data =-7.294203,af_port->gravity_vector_data_applied =-7.304157,diff=0.009953 
03-21 14:37:18.850   545 23470 E mm-camera: af_port_event:4610  af_port_event: X rc: 1
03-21 14:37:18.860   545 23470 E mm-camera: af_port_event:4560  af_port_event: Received AF port event type: 2, dir: 1
03-21 14:37:18.860   545 23470 E mm-camera: af_port_handle_module_event:2819  af_port_handle_module_event: Handle AF module event of type: 24
03-21 14:37:18.860   545 23470 E mm-camera: af_port_handle_module_event:2946  af_port_handle_module_event: Handle gyro data update!
03-21 14:37:18.860   545 23470 E mm-camera: af_port_handle_gyro_update:1971  af_port_handle_gyro_update: i: 0 q16: -1 flt: -0.000015
03-21 14:37:18.860   545 23470 E mm-camera: af_port_handle_gyro_update:1971  af_port_handle_gyro_update: i: 1 q16: 167 flt: 0.002548
03-21 14:37:18.860   545 23470 E mm-camera: af_port_handle_gyro_update:1971  af_port_handle_gyro_update: i: 2 q16: 58 flt: 0.000885
03-21 14:37:18.860   545 23470 E mm-camera: af_port_event:4610  af_port_event: X rc: 1
03-21 14:37:18.860   545 23509 E mm-camera-CORE: af_set_parameters:1009  af_set_parameters: Setting parameter: 19
03-21 14:37:18.860   545 23509 E mm-camera-CORE: af_set_parameters:1016  af_set_parameters: param=0xe47bd010 af_obj=0xebf8a000, type =19
03-21 14:37:18.860   545 23509 E mm-camera-CORE: af_util_update_output_data:1047  af_util_update_output_data: Update output data of type: 8192
03-21 14:37:18.860   545 23509 E mm-camera-CORE: af_util_update_output_data:1198  debug data not enabled
03-21 14:37:18.861   545 23509 E mm-camera: af_port_callback:1352  af_port_callback: AF port callback
03-21 14:37:18.861   545 23509 E mm-camera: af_port_handle_set_focus_mode_to_hal_type:1073  af_port_handle_set_focus_mode_to_hal_type mode 2
03-21 14:37:18.861   545 23509 E mm-camera: af_port_callback:1475  af_port_callback: x
03-21 14:37:18.863   545 23472 E mm-camera: af_port_event:4560  af_port_event: Received AF port event type: 2, dir: 1
03-21 14:37:18.863   545 23472 E mm-camera: af_port_handle_module_event:2819  af_port_handle_module_event: Handle AF module event of type: 26
03-21 14:37:18.863   545 23472 E mm-camera: af_port_handle_module_event:2869  af_port_handle_module_event: Handle stats event
03-21 14:37:18.863   545 23472 E mm-camera: af_port_event:4610  af_port_event: X rc: 1
03-21 14:37:18.864   545 23511 E mm-camera: af_port_event:4560  af_port_event: Received AF port event type: 2, dir: 1
03-21 14:37:18.864   545 23511 E mm-camera: af_port_handle_module_event:2819  af_port_handle_module_event: Handle AF module event of type: 22
03-21 14:37:18.864   545 23511 E mm-camera: af_port_handle_module_event:3053  af_port_handle_module_event: Default. no action!
03-21 14:37:18.864   545 23511 E mm-camera: af_port_event:4610  af_port_event: X rc: 1
03-21 14:37:18.864   545 23511 E mm-camera: afd_port_stats_done_callback:100  afd_port_stats_done_callback DONE AFD stats ACK back
03-21 14:37:18.865   545 23508 E AEC_PORT: aec_port_stats_done_callback:868  aec_port_stats_done_callback DONE AEC STATS ACK back
03-21 14:37:18.866   545 23538 D mm-camera-sensor: sensor_util_unpack_identity:296session_id 1 stream id 2
03-21 14:37:18.866   545 23538 D mm-camera-sensor: port_sensor_handle_upstream_module_event:834event id 37
03-21 14:37:18.866   545 23538 D mm-camera-sensor: port_sensor_handle_upstream_module_event:1051MCT_EVENT_MODULE_SOF_NOTIFY
03-21 14:37:18.867   545 23519 D mm-camera-sensor: sensor_util_unpack_identity:296session_id 1 stream id 15
03-21 14:37:18.867   545 23519 D mm-camera-sensor: module_sensor_module_process_event:4863event type 8 current_frame_id 2238 last_idx 2237
03-21 14:37:18.867   545 23519 D mm-camera-sensor: module_sensor_handle_sof_notify:274identity=0x1000f, frame_id=2238
03-21 14:37:18.867   545 23519 D mm-camera-sensor: sensor_fc_process:321[process 2238] SENSOR_FRAME_CTRL_EXP_META
03-21 14:37:18.867   545 23519 D mm-camera-sensor: sensor_fc_process:339post g 6.258582 lc 2875 lux 313.641663 cur sof 2238
03-21 14:37:18.867   545 23519 D mm-camera-sensor: sensor_fc_process:384[process 2238] SENSOR_FRAME_CTRL_POST_FRAME_DURATION 36954864
03-21 14:37:18.867   545 23519 D mm-camera-sensor: sensor_fc_process:375[process 2238] SENSOR_FRAME_CTRL_POST_EXP_TIME 29995832
03-21 14:37:18.867   545 23519 D mm-camera-sensor: sensor_fc_process:454[process 2238] SENSOR_FRAME_CTRL_CALCULATE_EXP_START_TIMESTAMP
03-21 14:37:18.867   545 23519 D mm-camera-sensor: sensor_process:4093sctrl 0xf4c7c500 event 22
03-21 14:37:18.867   545 23519 D mm-camera-sensor: sensor_get_exposure_starttime:3979sof 4000053474000 exposure time 29995832 line_readout 9049 adc_readout 8346
03-21 14:37:18.867   545 23519 D mm-camera-sensor: sensor_get_exposure_starttime:3989exposure timestamp 4000023460773
03-21 14:37:18.867   545 23519 D mm-camera-sensor: sensor_get_exposure_starttime:3995frame readout time 28232880
03-21 14:37:18.867   545 23519 D mm-camera-sensor: calculate_exposure_start_timestamp:114exposure start time 4000023460773
03-21 14:37:18.867   545 23519 D mm-camera-sensor: calculate_exposure_start_timestamp:115frame readout time 28232880
03-21 14:37:18.867   545 23519 D mm-camera-sensor: calculate_exposure_start_timestamp:120[process 2238] report exposure timestamp meta
03-21 14:37:18.867   545 23519 D mm-camera-sensor: calculate_exposure_start_timestamp:125[process 2238] report rolling shutter skew meta
03-21 14:37:18.868   545 23519 D mm-camera-sensor: sensor_fc_process:393[process 2238] SENSOR_FRAME_CTRL_POST_SENSITIVITY 312
03-21 14:37:18.868   545 23519 D mm-camera-sensor: sensor_fc_process:495post frame 2238 test_pattern mode 0
03-21 14:37:18.868   545 23519 D mm-camera-sensor: sensor_process:4093sctrl 0xf4c7c500 event 38
03-21 14:37:18.868   545 23519 D mm-camera-sensor: sensor_set_vfe_sof:1023AE Bracketing not enabled
03-21 14:37:18.868   545 23519 D mm-camera-sensor: sensor_process:4093sctrl 0xf4c7c500 event 9
03-21 14:37:18.868   545 23519 D mm-camera-sensor: sensor_get_digital_gain:1361enter
03-21 14:37:18.868   545 23519 D mm-camera-sensor: sensor_get_digital_gain:1367digital gain 1.002351
03-21 14:37:18.868   545 23519 D mm-camera-sensor: sensor_get_digital_gain:1368exit
03-21 14:37:18.868   545 23519 D mm-camera-sensor: sensor_util_src_port_identity_find_func:362port=0xf4c78d00; required identity=0x1000f
03-21 14:37:18.868   545 23519 D mm-camera-sensor: sensor_util_find_stream_with_streamtype:887id1=10, id2=10
03-21 14:37:18.868   545 23519 D mm-camera-sensor: sensor_util_get_session_stream_identity:933session based identity 0x1000f
03-21 14:37:18.868   545 23519 D mm-camera-sensor: sensor_util_traverse_port:579s_port=0xf4c78d00 event_func=0xf759dea1
03-21 14:37:18.868   545 23519 D mm-camera-sensor: sensor_util_unpack_identity:296session_id 1 stream id 15
03-21 14:37:18.868   545 23519 E mm-camera: af_port_event:4560  af_port_event: Received AF port event type: 2, dir: 1
03-21 14:37:18.869   545 23519 E mm-camera: af_port_handle_module_event:2819  af_port_handle_module_event: Handle AF module event of type: 32
03-21 14:37:18.869   545 23519 E mm-camera: af_port_handle_module_event:3053  af_port_handle_module_event: Default. no action!
03-21 14:37:18.869   545 23519 E mm-camera: af_port_event:4610  af_port_event: X rc: 1
03-21 14:37:18.869   545 23519 D mm-camera-sensor: module_sensor_handle_sof_notify:346led_off_count: -1
03-21 14:37:18.869   545 23519 D mm-camera-sensor: sensor_util_post_bus_sensor_params:1514aperture 2.000000
03-21 14:37:18.869   545 23519 D mm-camera-sensor: sensor_fc_report_meta:634cur_sof 2238 apply_frame_id 2239 led_apply_frame_id 2238
03-21 14:37:18.869   545 23519 D mm-camera-sensor: post_meta_flash:54flash_mode 0 flash_state 2
03-21 14:37:18.869   545 23519 D mm-camera-sensor: sensor_process:4093sctrl 0xf4c7c500 event 18
03-21 14:37:18.869   545 23519 D mm-camera-sensor: sensor_get_frame_duration:3798cur_fps_div 1137 cur_lc 2875 fll 3190 llpclk 5008 vt 480000000
03-21 14:37:18.869   545 23519 D mm-camera-sensor: sensor_get_frame_duration:3802fl_lines 3542
03-21 14:37:18.869   545 23519 D mm-camera-sensor: sensor_get_frame_duration:3813frame duration 36954864
03-21 14:37:18.869   545 23519 D mm-camera-sensor: sensor_fc_store:176type 9 future_frame_id 2239
03-21 14:37:18.869   545 23519 D mm-camera-sensor: sensor_fc_report_meta:670[store meta] frame 2239 frame_duration 36954864
03-21 14:37:18.869   545 23519 D mm-camera-sensor: sensor_process:4093sctrl 0xf4c7c500 event 20
03-21 14:37:18.869   545 23519 D mm-camera-sensor: sensor_get_exposure_time:3724sensor_get_exposure_time: line_length_pclk = 5008, current_linecount = 2875, vt_pixel_clk = 480000000
03-21 14:37:18.869   545 23519 D mm-camera-sensor: sensor_get_exposure_time:3732exp 29995832
03-21 14:37:18.869   545 23519 D mm-camera-sensor: sensor_fc_store:176type 8 future_frame_id 2239
03-21 14:37:18.869   545 23519 D mm-camera-sensor: sensor_fc_report_meta:689[store meta] frame 2239 exp time 29995832
03-21 14:37:18.870   545 23519 D mm-camera-sensor: sensor_fc_store:176type 6 future_frame_id 2239
03-21 14:37:18.870   545 23519 D mm-camera-sensor: sensor_fc_report_meta:704[store calcuate exposure timestamp] frame 2239 exp time 29995832
03-21 14:37:18.870   545 23519 D mm-camera-sensor: sensor_process:4093sctrl 0xf4c7c500 event 21
03-21 14:37:18.870   545 23519 D mm-camera-sensor: sensor_fc_store:176type 10 future_frame_id 2239
03-21 14:37:18.870   545 23519 D mm-camera-sensor: sensor_fc_report_meta:722[store meta] frame 2239 sensitivity 312
03-21 14:37:18.870   545 23519 D mm-camera-sensor: sensor_process:4093sctrl 0xf4c7c500 event 24
03-21 14:37:18.870   545 23519 D mm-camera-sensor: sensor_fc_store:176type 15 future_frame_id 2239
03-21 14:37:18.870   545 23519 D mm-camera-sensor: sensor_fc_report_meta:742[store meta] frame 2239 testpattern mode 0
03-21 14:37:18.870   545 23519 D mm-camera-sensor: sensor_util_traverse_port:579s_port=0xf4c78d00 event_func=0xf759dea1
03-21 14:37:18.870   545 23519 D mm-camera-sensor: sensor_util_unpack_identity:296session_id 1 stream id 15
03-21 14:37:18.870   545 23482 E mm-camera: af_port_event:4560  af_port_event: Received AF port event type: 2, dir: 1
03-21 14:37:18.870   545 23482 E mm-camera: af_port_handle_module_event:2819  af_port_handle_module_event: Handle AF module event of type: 39
03-21 14:37:18.870   545 23482 E mm-camera: af_port_handle_module_event:3053  af_port_handle_module_event: Default. no action!
03-21 14:37:18.870   545 23519 E mm-camera: af_port_event:4560  af_port_event: Received AF port event type: 1, dir: 1
03-21 14:37:18.870   545 23482 E mm-camera: af_port_event:4610  af_port_event: X rc: 1
03-21 14:37:18.870   545 23519 E mm-camera: af_port_handle_control_event:4382  af_port_handle_control_event: Handle Control event of type: 8
03-21 14:37:18.870   545 23519 E mm-camera: af_port_event:4560  af_port_event: Received AF port event type: 2, dir: 0
03-21 14:37:18.870   545 23509 E mm-camera-CORE: af_set_parameters:1009  af_set_parameters: Setting parameter: 27
03-21 14:37:18.870   545 23519 E mm-camera: af_port_event:4598  af_port_event: up event send to peer
03-21 14:37:18.870   545 23509 E mm-camera-CORE: af_set_parameters:1016  af_set_parameters: param=0xe47a9010 af_obj=0xebf8a000, type =27
03-21 14:37:18.870   545 23519 E mm-camera: af_port_event:4601  af_port_event: up event sent
03-21 14:37:18.870   545 23509 E mm-camera-CORE: af_util_update_output_data:1047  af_util_update_output_data: Update output data of type: 8192
03-21 14:37:18.870   545 23519 E mm-camera: af_port_event:4610  af_port_event: X rc: 1
03-21 14:37:18.870   545 23509 E mm-camera-CORE: af_util_update_output_data:1198  debug data not enabled
03-21 14:37:18.870   545 23519 E mm-camera: af_port_event:4560  af_port_event: Received AF port event type: 2, dir: 0
03-21 14:37:18.870   545 23509 E mm-camera: af_port_callback:1352  af_port_callback: AF port callback
03-21 14:37:18.871   545 23519 E mm-camera: af_port_event:4598  af_port_event: up event send to peer
03-21 14:37:18.871   545 23509 E mm-camera: af_port_handle_set_focus_mode_to_hal_type:1073  af_port_handle_set_focus_mode_to_hal_type mode 2
03-21 14:37:18.871   545 23519 E mm-camera: af_port_event:4601  af_port_event: up event sent
03-21 14:37:18.871   545 23509 E mm-camera: af_port_callback:1475  af_port_callback: x
03-21 14:37:18.871   545 23519 E mm-camera: af_port_event:4610  af_port_event: X rc: 1
03-21 14:37:18.871   545 23519 E mm-camera: af_port_event:4610  af_port_event: X rc: 1
03-21 14:37:18.871   545 23519 D mm-camera-sensor: sensor_util_unpack_identity:296session_id 1 stream id 15
03-21 14:37:18.871   545 23519 D mm-camera-sensor: port_sensor_handle_upstream_module_event:834event id 30
03-21 14:37:18.871   545 23509 E mm-camera: af_port_callback:1352  af_port_callback: AF port callback
03-21 14:37:18.871   545 23519 D mm-camera-sensor: sensor_process:4093sctrl 0xf4c7c500 event 5
03-21 14:37:18.871   545 23509 E mm-camera: af_port_callback:1475  af_port_callback: x
03-21 14:37:18.871   545 23519 D mm-camera-sensor: sensor_get_cur_fps:514enter
03-21 14:37:18.871   545 23519 D mm-camera-sensor: sensor_get_cur_fps:534exit
03-21 14:37:18.872   545 23519 E mm-camera: af_port_event:4560  af_port_event: Received AF port event type: 2, dir: 1
03-21 14:37:18.872   545 23519 E mm-camera: af_port_handle_module_event:2819  af_port_handle_module_event: Handle AF module event of type: 46
03-21 14:37:18.872   545 23519 E mm-camera: af_port_handle_module_event:2895  af_port_handle_module_event: Handle stream crop event
03-21 14:37:18.872   545 23519 E mm-camera: af_port_handle_stream_crop_event:2454  af_port_handle_stream_crop_event: pp_x: 0 pp_y: 0 pp_crop_out_x: 1440 pp_crop_out_y: 1080vfe_map_x: 23 vfe_map_y: 0 vfe_map_width: 4160 vfe_map_height: 3120
03-21 14:37:18.872   545 23519 E mm-camera: af_port_event:4610  af_port_event: X rc: 1
03-21 14:37:18.872   545 23519 D mm-camera-sensor: sensor_util_unpack_identity:296session_id 1 stream id 15
03-21 14:37:18.872   545 23519 D mm-camera-sensor: module_sensor_module_process_event:4863event type 17 current_frame_id 0 last_idx 2238
03-21 14:37:18.872   545 23519 D mm-camera-sensor: sensor_util_traverse_port:579s_port=0xf4c78d00 event_func=0xf759dea1
03-21 14:37:18.872   545 23519 D mm-camera-sensor: sensor_util_unpack_identity:296session_id 1 stream id 15
03-21 14:37:18.873   545 23519 E mm-camera: af_port_event:4560  af_port_event: Received AF port event type: 1, dir: 1
03-21 14:37:18.873   545 23519 E mm-camera: af_port_handle_control_event:4382  af_port_handle_control_event: Handle Control event of type: 17
03-21 14:37:18.873   545 23519 E mm-camera: af_port_event:4610  af_port_event: X rc: 1
03-21 14:37:18.873   545 23509 E mm-camera-CORE: af_set_parameters:1009  af_set_parameters: Setting parameter: 21
03-21 14:37:18.873   545 23509 E mm-camera-CORE: af_set_parameters:1016  af_set_parameters: param=0xe47af010 af_obj=0xebf8a000, type =21
03-21 14:37:18.873   545 23509 E mm-camera-CORE: af_util_update_output_data:1047  af_util_update_output_data: Update output data of type: 8192
03-21 14:37:18.873   545 23509 E mm-camera-CORE: af_util_update_output_data:1198  debug data not enabled
03-21 14:37:18.873   545 23509 E mm-camera: af_port_callback:1352  af_port_callback: AF port callback
03-21 14:37:18.873   545 23509 E mm-camera: af_port_handle_set_focus_mode_to_hal_type:1073  af_port_handle_set_focus_mode_to_hal_type mode 2
03-21 14:37:18.873   545 23509 E mm-camera: af_port_callback:1475  af_port_callback: x
03-21 14:37:18.874   370 23531 D QCamera2HWI: [KPI Perf] void qcamera::QCamera2HardwareInterface::debugShowPreviewFPS(): PROFILE_PREVIEW_FRAMES_PER_SECOND : 27.2999 Cam ID = 0
03-21 14:37:18.876   545 23508 E mm-camera: awb_port_stats_done_callback:625  awb_port_stats_done_callback DONE AWB STATS ACK back
03-21 14:37:18.876   545 23508 E AEC_PORT: aec_port_pack_update:696  aec_port_pack_update:sof:2238 capt:0 real_gain:6.258582 linecnt:2875 exp_idx:332 cur_luma:42 est_state:0 aec_state:2
03-21 14:37:18.876   545 23508 D mm-camera-sensor: sensor_util_unpack_identity:296session_id 1 stream id 2
03-21 14:37:18.876   545 23508 D mm-camera-sensor: port_sensor_handle_upstream_module_event:834event id 11
03-21 14:37:18.876   545 23508 D mm-camera-sensor: port_sensor_handle_aec_update:430stats gain 0.000000 lnct 2875
03-21 14:37:18.876   545 23508 D mm-camera-sensor: port_sensor_handle_aec_update:432stats update aec
03-21 14:37:18.876   545 23508 D mm-camera-sensor: sensor_process:4093sctrl 0xf4c7c500 event 35
03-21 14:37:18.876   545 23508 D mm-camera-sensor: sensor_set_exposure:234real_gain=6.258582 line_count=2875
03-21 14:37:18.876   545 23508 D mm-camera-sensor: sensor_delay_in:126Enter
03-21 14:37:18.876   545 23508 D mm-camera-sensor: sensor_delay_in:145Exit
03-21 14:37:18.876   545 23508 D mm-camera-sensor: sensor_delay_out:162Enter
03-21 14:37:18.876   545 23508 D mm-camera-sensor: sensor_delay_out:177Exit
03-21 14:37:18.876   545 23508 D mm-camera-sensor: sensor_set_exposure:257gain from aec:6.258582, sensor analog gain:6.243902, sensor digital gain:1.000000,ISP digital gain:1.002351, linecount:2875
03-21 14:37:18.877   545 23508 D mm-camera-sensor: sensor_process:4093sctrl 0xf4c7c500 event 9
03-21 14:37:18.877   545 23508 D mm-camera-sensor: sensor_get_digital_gain:1361enter
03-21 14:37:18.877   545 23508 D mm-camera-sensor: sensor_get_digital_gain:1367digital gain 1.002351
03-21 14:37:18.877   545 23508 D mm-camera-sensor: sensor_get_digital_gain:1368exit
03-21 14:37:18.877   545 23508 E mm-camera: af_port_event:4560  af_port_event: Received AF port event type: 2, dir: 1
03-21 14:37:18.877   545 23508 E mm-camera: af_port_handle_module_event:2819  af_port_handle_module_event: Handle AF module event of type: 32
03-21 14:37:18.877   545 23508 E mm-camera: af_port_handle_module_event:3053  af_port_handle_module_event: Default. no action!
03-21 14:37:18.877   545 23508 E mm-camera: af_port_event:4610  af_port_event: X rc: 1
03-21 14:37:18.877   545 23508 D mm-camera-sensor: port_sensor_handle_aec_update:588[store meta] SENSOR_FRAME_CTRL_EXP_META future sof 2240
03-21 14:37:18.877   545 23508 D mm-camera-sensor: port_sensor_handle_aec_update:590stored data = g 6.258582 lux idx 313.643555
03-21 14:37:18.878   545 23508 D mm-camera-sensor: sensor_fc_store:176type 1 future_frame_id 2240
03-21 14:37:18.878   545 23508 E mm-camera: af_port_event:4560  af_port_event: Received AF port event type: 2, dir: 1
03-21 14:37:18.878   545 23508 E mm-camera: af_port_handle_module_event:2819  af_port_handle_module_event: Handle AF module event of type: 11
03-21 14:37:18.880   545 23470 E mm-camera: af_port_event:4560  af_port_event: Received AF port event type: 2, dir: 1
03-21 14:37:18.881   545 23470 E mm-camera: af_port_handle_module_event:2819  af_port_handle_module_event: Handle AF module event of type: 103
03-21 14:37:18.881   545 23472 E mm-camera: af_port_handle_stats_event:2368  af_port_handle_stats_event: stats_buf: 0xf0f25000
03-21 14:37:18.890   545 23470 E mm-camera: af_port_event:4560  af_port_event: Received AF port event type: 2, dir: 1
03-21 14:37:18.890   545 23470 E mm-camera: af_port_handle_module_event:2819  af_port_handle_module_event: Handle AF module event of type: 24
03-21 14:37:18.890   545 23470 E mm-camera: af_port_handle_module_event:2946  af_port_handle_module_event: Handle gyro data update!
03-21 14:37:18.890   545 23470 E mm-camera: af_port_handle_gyro_update:1971  af_port_handle_gyro_update: i: 0 q16: -130 flt: -0.001984
03-21 14:37:18.890   545 23470 E mm-camera: af_port_handle_gyro_update:1971  af_port_handle_gyro_update: i: 1 q16: -53 flt: -0.000809
03-21 14:37:18.890   545 23470 E mm-camera: af_port_handle_gyro_update:1971  af_port_handle_gyro_update: i: 2 q16: -65 flt: -0.000992
03-21 14:37:18.890   545 23470 E mm-camera: af_port_event:4610  af_port_event: X rc: 1
03-21 14:37:18.890   545 23509 E mm-camera-CORE: af_set_parameters:1009  af_set_parameters: Setting parameter: 19
03-21 14:37:18.891   545 23509 E mm-camera-CORE: af_set_parameters:1016  af_set_parameters: param=0xe47c5010 af_obj=0xebf8a000, type =19
03-21 14:37:18.891   545 23509 E mm-camera-CORE: af_util_update_output_data:1047  af_util_update_output_data: Update output data of type: 8192
03-21 14:37:18.891   545 23509 E mm-camera-CORE: af_util_update_output_data:1198  debug data not enabled
03-21 14:37:18.891   545 23509 E mm-camera: af_port_callback:1352  af_port_callback: AF port callback
03-21 14:37:18.891   545 23509 E mm-camera: af_port_handle_set_focus_mode_to_hal_type:1073  af_port_handle_set_focus_mode_to_hal_type mode 2
03-21 14:37:18.891   545 23509 E mm-camera: af_port_callback:1475  af_port_callback: x
03-21 14:37:18.900   545 23472 E mm-camera: af_port_event:4560  af_port_event: Received AF port event type: 2, dir: 1
03-21 14:37:18.900   545 23472 E mm-camera: af_port_handle_module_event:2819  af_port_handle_module_event: Handle AF module event of type: 26
03-21 14:37:18.900   545 23472 E mm-camera: af_port_handle_module_event:2869  af_port_handle_module_event: Handle stats event
03-21 14:37:18.900   545 23472 E mm-camera: af_port_event:4610  af_port_event: X rc: 1
03-21 14:37:18.901   545 23511 E mm-camera: af_port_event:4560  af_port_event: Received AF port event type: 2, dir: 1
03-21 14:37:18.901   545 23511 E mm-camera: af_port_handle_module_event:2819  af_port_handle_module_event: Handle AF module event of type: 22
03-21 14:37:18.901   545 23511 E mm-camera: af_port_handle_module_event:3053  af_port_handle_module_event: Default. no action!
03-21 14:37:18.901   545 23511 E mm-camera: af_port_event:4610  af_port_event: X rc: 1
03-21 14:37:18.901   545 23511 E mm-camera: afd_port_stats_done_callback:100  afd_port_stats_done_callback DONE AFD stats ACK back
03-21 14:37:18.902   545 23508 E AEC_PORT: aec_port_stats_done_callback:868  aec_port_stats_done_callback DONE AEC STATS ACK back
03-21 14:37:18.902   545 23508 E mm-camera: awb_port_stats_done_callback:625  awb_port_stats_done_callback DONE AWB STATS ACK back
03-21 14:37:18.903   545 23538 D mm-camera-sensor: sensor_util_unpack_identity:296session_id 1 stream id 2
03-21 14:37:18.903   545 23538 D mm-camera-sensor: port_sensor_handle_upstream_module_event:834event id 37
03-21 14:37:18.903   545 23538 D mm-camera-sensor: port_sensor_handle_upstream_module_event:1051MCT_EVENT_MODULE_SOF_NOTIFY
03-21 14:37:18.904   545 23519 D mm-camera-sensor: sensor_util_unpack_identity:296session_id 1 stream id 15
03-21 14:37:18.904   545 23519 D mm-camera-sensor: module_sensor_module_process_event:4863event type 8 current_frame_id 2239 last_idx 2238
03-21 14:37:18.904   545 23519 D mm-camera-sensor: module_sensor_handle_sof_notify:274identity=0x1000f, frame_id=2239
03-21 14:37:18.904   545 23519 D mm-camera-sensor: sensor_fc_process:321[process 2239] SENSOR_FRAME_CTRL_EXP_META
03-21 14:37:18.904   545 23519 D mm-camera-sensor: sensor_fc_process:339post g 6.258582 lc 2875 lux 313.645416 cur sof 2239
03-21 14:37:18.904   545 23519 D mm-camera-sensor: sensor_fc_process:384[process 2239] SENSOR_FRAME_CTRL_POST_FRAME_DURATION 36954864
03-21 14:37:18.904   545 23519 D mm-camera-sensor: sensor_fc_process:375[process 2239] SENSOR_FRAME_CTRL_POST_EXP_TIME 29995832
03-21 14:37:18.904   545 23519 D mm-camera-sensor: sensor_fc_process:454[process 2239] SENSOR_FRAME_CTRL_CALCULATE_EXP_START_TIMESTAMP
03-21 14:37:18.904   545 23519 D mm-camera-sensor: sensor_process:4093sctrl 0xf4c7c500 event 22
03-21 14:37:18.904   545 23519 D mm-camera-sensor: sensor_get_exposure_starttime:3979sof 4000090424000 exposure time 29995832 line_readout 9049 adc_readout 8346
03-21 14:37:18.904   545 23519 D mm-camera-sensor: sensor_get_exposure_starttime:3989exposure timestamp 4000060410773
03-21 14:37:18.904   545 23519 D mm-camera-sensor: sensor_get_exposure_starttime:3995frame readout time 28232880
03-21 14:37:18.904   545 23519 D mm-camera-sensor: calculate_exposure_start_timestamp:114exposure start time 4000060410773
03-21 14:37:18.904   545 23519 D mm-camera-sensor: calculate_exposure_start_timestamp:115frame readout time 28232880
03-21 14:37:18.904   545 23519 D mm-camera-sensor: calculate_exposure_start_timestamp:120[process 2239] report exposure timestamp meta
03-21 14:37:18.904   545 23519 D mm-camera-sensor: calculate_exposure_start_timestamp:125[process 2239] report rolling shutter skew meta
03-21 14:37:18.905   545 23519 D mm-camera-sensor: sensor_fc_process:393[process 2239] SENSOR_FRAME_CTRL_POST_SENSITIVITY 312
03-21 14:37:18.905   545 23519 D mm-camera-sensor: sensor_fc_process:495post frame 2239 test_pattern mode 0
03-21 14:37:18.905   545 23519 D mm-camera-sensor: sensor_process:4093sctrl 0xf4c7c500 event 38
03-21 14:37:18.905   545 23519 D mm-camera-sensor: sensor_set_vfe_sof:1023AE Bracketing not enabled
03-21 14:37:18.905   545 23519 D mm-camera-sensor: sensor_process:4093sctrl 0xf4c7c500 event 9
03-21 14:37:18.905   545 23519 D mm-camera-sensor: sensor_get_digital_gain:1361enter
03-21 14:37:18.905   545 23519 D mm-camera-sensor: sensor_get_digital_gain:1367digital gain 1.002351
03-21 14:37:18.905   545 23519 D mm-camera-sensor: sensor_get_digital_gain:1368exit
03-21 14:37:18.905   545 23519 D mm-camera-sensor: sensor_util_src_port_identity_find_func:362port=0xf4c78d00; required identity=0x1000f
03-21 14:37:18.905   545 23519 D mm-camera-sensor: sensor_util_find_stream_with_streamtype:887id1=10, id2=10
03-21 14:37:18.905   545 23519 D mm-camera-sensor: sensor_util_get_session_stream_identity:933session based identity 0x1000f
03-21 14:37:18.905   545 23519 D mm-camera-sensor: sensor_util_traverse_port:579s_port=0xf4c78d00 event_func=0xf759dea1
03-21 14:37:18.905   545 23519 D mm-camera-sensor: sensor_util_unpack_identity:296session_id 1 stream id 15
03-21 14:37:18.905   545 23519 E mm-camera: af_port_event:4560  af_port_event: Received AF port event type: 2, dir: 1
03-21 14:37:18.906   545 23519 E mm-camera: af_port_handle_module_event:2819  af_port_handle_module_event: Handle AF module event of type: 32
03-21 14:37:18.906   545 23519 E mm-camera: af_port_handle_module_event:3053  af_port_handle_module_event: Default. no action!
03-21 14:37:18.906   545 23519 E mm-camera: af_port_event:4610  af_port_event: X rc: 1
03-21 14:37:18.906   545 23519 D mm-camera-sensor: module_sensor_handle_sof_notify:346led_off_count: -1
03-21 14:37:18.906   545 23519 D mm-camera-sensor: sensor_util_post_bus_sensor_params:1514aperture 2.000000
03-21 14:37:18.906   545 23519 D mm-camera-sensor: sensor_fc_report_meta:634cur_sof 2239 apply_frame_id 2240 led_apply_frame_id 2239
03-21 14:37:18.906   545 23519 D mm-camera-sensor: post_meta_flash:54flash_mode 0 flash_state 2
03-21 14:37:18.906   545 23519 D mm-camera-sensor: sensor_process:4093sctrl 0xf4c7c500 event 18
03-21 14:37:18.906   545 23482 E mm-camera: af_port_event:4560  af_port_event: Received AF port event type: 2, dir: 1
03-21 14:37:18.906   545 23519 D mm-camera-sensor: sensor_get_frame_duration:3798cur_fps_div 1137 cur_lc 2875 fll 3190 llpclk 5008 vt 480000000
03-21 14:37:18.906   545 23482 E mm-camera: af_port_handle_module_event:2819  af_port_handle_module_event: Handle AF module event of type: 39
03-21 14:37:18.917   545 23472 E mm-camera: af_port_event:4560  af_port_event: Received AF port event type: 2, dir: 1
03-21 14:37:18.930   545 23470 E mm-camera: af_port_event:4560  af_port_event: Received AF port event type: 2, dir: 1
03-21 14:37:18.930   545 23470 E mm-camera: af_port_handle_module_event:2819  af_port_handle_module_event: Handle AF module event of type: 24
03-21 14:37:18.930   545 23470 E mm-camera: af_port_handle_module_event:2946  af_port_handle_module_event: Handle gyro data update!
03-21 14:37:18.938   545 23472 E mm-camera: af_port_event:4560  af_port_event: Received AF port event type: 2, dir: 1
03-21 14:37:18.938   545 23472 E mm-camera: af_port_handle_module_event:2819  af_port_handle_module_event: Handle AF module event of type: 26
03-21 14:37:18.941   545 23538 D mm-camera-sensor: sensor_util_unpack_identity:296session_id 1 stream id 2
03-21 14:37:18.941   545 23538 D mm-camera-sensor: port_sensor_handle_upstream_module_event:834event id 37
03-21 14:37:18.941   545 23538 D mm-camera-sensor: port_sensor_handle_upstream_module_event:1051MCT_EVENT_MODULE_SOF_NOTIFY
03-21 14:37:18.943   545 23519 D mm-camera-sensor: sensor_util_unpack_identity:296session_id 1 stream id 15
03-21 14:37:18.943   545 23519 D mm-camera-sensor: module_sensor_module_process_event:4863event type 8 current_frame_id 2240 last_idx 2239
03-21 14:37:18.943   545 23519 D mm-camera-sensor: module_sensor_handle_sof_notify:274identity=0x1000f, frame_id=2240
03-21 14:37:18.943   545 23519 D mm-camera-sensor: sensor_fc_process:321[process 2240] SENSOR_FRAME_CTRL_EXP_META
03-21 14:37:18.943   545 23519 D mm-camera-sensor: sensor_fc_process:339post g 6.258582 lc 2875 lux 313.643555 cur sof 2240
03-21 14:37:18.943   545 23519 D mm-camera-sensor: sensor_fc_process:384[process 2240] SENSOR_FRAME_CTRL_POST_FRAME_DURATION 36954864
03-21 14:37:18.943   545 23519 D mm-camera-sensor: sensor_fc_process:375[process 2240] SENSOR_FRAME_CTRL_POST_EXP_TIME 29995832
03-21 14:37:18.943   545 23519 D mm-camera-sensor: sensor_fc_process:454[process 2240] SENSOR_FRAME_CTRL_CALCULATE_EXP_START_TIMESTAMP
03-21 14:37:18.944   545 23519 D mm-camera-sensor: sensor_process:4093sctrl 0xf4c7c500 event 22
03-21 14:37:18.944   545 23519 D mm-camera-sensor: sensor_get_exposure_starttime:3979sof 4000127385000 exposure time 29995832 line_readout 9049 adc_readout 8346
03-21 14:37:18.944   545 23519 D mm-camera-sensor: sensor_get_exposure_starttime:3989exposure timestamp 4000097371773
03-21 14:37:18.944   545 23519 D mm-camera-sensor: sensor_get_exposure_starttime:3995frame readout time 28232880
03-21 14:37:18.944   545 23519 D mm-camera-sensor: calculate_exposure_start_timestamp:114exposure start time 4000097371773
03-21 14:37:18.944   545 23519 D mm-camera-sensor: calculate_exposure_start_timestamp:115frame readout time 28232880
03-21 14:37:18.944   545 23519 D mm-camera-sensor: calculate_exposure_start_timestamp:120[process 2240] report exposure timestamp meta
03-21 14:37:18.944   545 23519 D mm-camera-sensor: calculate_exposure_start_timestamp:125[process 2240] report rolling shutter skew meta
03-21 14:37:18.944   545 23519 D mm-camera-sensor: sensor_fc_process:393[process 2240] SENSOR_FRAME_CTRL_POST_SENSITIVITY 312
03-21 14:37:18.944   545 23519 D mm-camera-sensor: sensor_fc_process:495post frame 2240 test_pattern mode 0
03-21 14:37:18.944   545 23519 D mm-camera-sensor: sensor_process:4093sctrl 0xf4c7c500 event 38
03-21 14:37:18.944   545 23519 D mm-camera-sensor: sensor_set_vfe_sof:1023AE Bracketing not enabled
03-21 14:37:18.944   545 23519 D mm-camera-sensor: sensor_process:4093sctrl 0xf4c7c500 event 9
03-21 14:37:18.944   545 23519 D mm-camera-sensor: sensor_get_digital_gain:1361enter
03-21 14:37:18.944   545 23519 D mm-camera-sensor: sensor_get_digital_gain:1367digital gain 1.002351
03-21 14:37:18.944   545 23519 D mm-camera-sensor: sensor_get_digital_gain:1368exit
03-21 14:37:18.944   545 23519 D mm-camera-sensor: sensor_util_src_port_identity_find_func:362port=0xf4c78d00; required identity=0x1000f
03-21 14:37:18.944   545 23519 D mm-camera-sensor: sensor_util_find_stream_with_streamtype:887id1=10, id2=10
03-21 14:37:18.944   545 23519 D mm-camera-sensor: sensor_util_get_session_stream_identity:933session based identity 0x1000f
03-21 14:37:18.944   545 23519 D mm-camera-sensor: sensor_util_traverse_port:579s_port=0xf4c78d00 event_func=0xf759dea1
03-21 14:37:18.945   545 23519 D mm-camera-sensor: sensor_util_unpack_identity:296session_id 1 stream id 15
03-21 14:37:18.945   545 23519 E mm-camera: af_port_event:4560  af_port_event: Received AF port event type: 2, dir: 1
03-21 14:37:18.945   545 23519 E mm-camera: af_port_handle_module_event:2819  af_port_handle_module_event: Handle AF module event of type: 32
03-21 14:37:18.951   545 23519 D mm-camera-sensor: sensor_util_unpack_identity:296session_id 1 stream id 15
03-21 14:37:18.951   545 23519 D mm-camera-sensor: module_sensor_module_process_event:4863event type 17 current_frame_id 0 last_idx 2240
03-21 14:37:18.951   545 23519 D mm-camera-sensor: sensor_util_traverse_port:579s_port=0xf4c78d00 event_func=0xf759dea1
03-21 14:37:18.952   545 23519 D mm-camera-sensor: sensor_util_unpack_identity:296session_id 1 stream id 15
03-21 14:37:18.952   545 23519 E mm-camera: af_port_event:4560  af_port_event: Received AF port event type: 1, dir: 1
03-21 14:37:18.954   545 23472 E mm-camera: af_port_handle_stats_event:2375  af_port_handle_stats_event: BF_SCALE stats_buf: 0xf0f48000
03-21 14:37:18.965  2892  5168 E LocSvc_ApiV02: I/<--- void globalEventCb(locClientHandleType, uint32_t, locClientEventIndUnionType, void*) line 86 QMI_LOC_EVENT_NMEA_IND_V02
03-21 14:37:18.966  2892  5168 E LocSvc_ApiV02: I/<--- void globalEventCb(locClientHandleType, uint32_t, locClientEventIndUnionType, void*) line 86 QMI_LOC_EVENT_NMEA_IND_V02
03-21 14:37:18.966  2892  5168 E LocSvc_ApiV02: I/<--- void globalEventCb(locClientHandleType, uint32_t, locClientEventIndUnionType, void*) line 86 QMI_LOC_EVENT_NMEA_IND_V02
03-21 14:37:18.966  2892  5087 E LocSvc_eng: I/<=== nmea_cb line 929 51
03-21 14:37:18.966  2892  5168 E LocSvc_ApiV02: I/<--- void globalEventCb(locClientHandleType, uint32_t, locClientEventIndUnionType, void*) line 86 QMI_LOC_EVENT_GNSS_SV_INFO_IND_V02
03-21 14:37:18.966  2892  5087 E LocSvc_eng: I/<=== nmea_cb line 929 25
03-21 14:37:18.966  2892  5087 E LocSvc_eng: I/<=== nmea_cb line 929 30
03-21 14:37:18.966  2892  5087 E LocSvc_afw: I/<=== sv_status_cb - line 1170 12
03-21 14:37:18.967  2892  5168 E LocSvc_ApiV02: I/<--- void globalEventCb(locClientHandleType, uint32_t, locClientEventIndUnionType, void*) line 86 QMI_LOC_EVENT_NMEA_IND_V02
03-21 14:37:18.968  2892  5168 E LocSvc_ApiV02: I/<--- void globalEventCb(locClientHandleType, uint32_t, locClientEventIndUnionType, void*) line 86 QMI_LOC_EVENT_NMEA_IND_V02
03-21 14:37:18.968  2892  5168 E LocSvc_ApiV02: I/<--- void globalEventCb(locClientHandleType, uint32_t, locClientEventIndUnionType, void*) line 86 QMI_LOC_EVENT_POSITION_REPORT_IND_V02
03-21 14:37:18.968  2892  5087 E LocSvc_eng: I/<=== nmea_cb line 929 26
03-21 14:37:18.968  2892  5087 E LocSvc_eng: I/<=== nmea_cb line 929 25
03-21 14:37:18.970   545 23470 E mm-camera: af_port_event:4560  af_port_event: Received AF port event type: 2, dir: 1
03-21 14:37:18.971   545 23470 E mm-camera: af_port_handle_module_event:2819  af_port_handle_module_event: Handle AF module event of type: 24
03-21 14:37:18.971   545 23470 E mm-camera: af_port_handle_module_event:2946  af_port_handle_module_event: Handle gyro data update!
03-21 14:37:18.971   545 23470 E mm-camera: af_port_handle_gyro_update:1971  af_port_handle_gyro_update: i: 0 q16: 122 flt: 0.001862
03-21 14:37:18.971   545 23470 E mm-camera: af_port_handle_gyro_update:1971  af_port_handle_gyro_update: i: 1 q16: 8 flt: 0.000122
03-21 14:37:18.971   545 23470 E mm-camera: af_port_handle_gyro_update:1971  af_port_handle_gyro_update: i: 2 q16: -33 flt: -0.000504
03-21 14:37:18.971   545 23470 E mm-camera: af_port_event:4610  af_port_event: X rc: 1
03-21 14:37:18.971   545 23509 E mm-camera-CORE: af_set_parameters:1009  af_set_parameters: Setting parameter: 19
03-21 14:37:18.971   545 23509 E mm-camera-CORE: af_set_parameters:1016  af_set_parameters: param=0xe47a9010 af_obj=0xebf8a000, type =19
03-21 14:37:18.971   545 23509 E mm-camera-CORE: af_util_update_output_data:1047  af_util_update_output_data: Update output data of type: 8192
03-21 14:37:18.971   545 23509 E mm-camera-CORE: af_util_update_output_data:1198  debug data not enabled
03-21 14:37:18.972   545 23509 E mm-camera: af_port_callback:1352  af_port_callback: AF port callback
03-21 14:37:18.972   545 23509 E mm-camera: af_port_handle_set_focus_mode_to_hal_type:1073  af_port_handle_set_focus_mode_to_hal_type mode 2
03-21 14:37:18.972   545 23509 E mm-camera: af_port_callback:1475  af_port_callback: x
03-21 14:37:18.974   545 23472 E mm-camera: af_port_event:4560  af_port_event: Received AF port event type: 2, dir: 1
03-21 14:37:18.974   545 23472 E mm-camera: af_port_handle_module_event:2819  af_port_handle_module_event: Handle AF module event of type: 26
03-21 14:37:18.974   545 23472 E mm-camera: af_port_handle_module_event:2869  af_port_handle_module_event: Handle stats event
03-21 14:37:18.974   545 23472 E mm-camera: af_port_event:4610  af_port_event: X rc: 1
03-21 14:37:18.976   545 23511 E mm-camera: af_port_event:4560  af_port_event: Received AF port event type: 2, dir: 1
03-21 14:37:18.976   545 23508 E AEC_PORT: aec_port_stats_done_callback:868  aec_port_stats_done_callback DONE AEC STATS ACK back
03-21 14:37:18.976   545 23511 E mm-camera: af_port_handle_module_event:2819  af_port_handle_module_event: Handle AF module event of type: 22
03-21 14:37:18.976   545 23511 E mm-camera: af_port_handle_module_event:3053  af_port_handle_module_event: Default. no action!
03-21 14:37:18.976   545 23508 E mm-camera: awb_port_stats_done_callback:625  awb_port_stats_done_callback DONE AWB STATS ACK back
03-21 14:37:18.976   545 23511 E mm-camera: af_port_event:4610  af_port_event: X rc: 1
03-21 14:37:18.976   545 23511 E mm-camera: afd_port_stats_done_callback:100  afd_port_stats_done_callback DONE AFD stats ACK back
03-21 14:37:18.978   545 23538 D mm-camera-sensor: sensor_util_unpack_identity:296session_id 1 stream id 2
03-21 14:37:18.979   545 23538 D mm-camera-sensor: port_sensor_handle_upstream_module_event:834event id 37
03-21 14:37:18.979   545 23538 D mm-camera-sensor: port_sensor_handle_upstream_module_event:1051MCT_EVENT_MODULE_SOF_NOTIFY
03-21 14:37:18.979   545 23519 D mm-camera-sensor: sensor_util_unpack_identity:296session_id 1 stream id 15
03-21 14:37:18.979   545 23519 D mm-camera-sensor: module_sensor_module_process_event:4863event type 8 current_frame_id 2241 last_idx 2240
03-21 14:37:18.979   545 23519 D mm-camera-sensor: module_sensor_handle_sof_notify:274identity=0x1000f, frame_id=2241
03-21 14:37:18.979   545 23519 D mm-camera-sensor: sensor_fc_process:321[process 2241] SENSOR_FRAME_CTRL_EXP_META
03-21 14:37:18.979   545 23519 D mm-camera-sensor: sensor_fc_process:339post g 6.258582 lc 2875 lux 313.654785 cur sof 2241
03-21 14:37:18.979   545 23519 D mm-camera-sensor: sensor_fc_process:384[process 2241] SENSOR_FRAME_CTRL_POST_FRAME_DURATION 36954864
03-21 14:37:18.979   545 23519 D mm-camera-sensor: sensor_fc_process:375[process 2241] SENSOR_FRAME_CTRL_POST_EXP_TIME 29995832
03-21 14:37:18.979   545 23519 D mm-camera-sensor: sensor_fc_process:454[process 2241] SENSOR_FRAME_CTRL_CALCULATE_EXP_START_TIMESTAMP
03-21 14:37:18.979   545 23519 D mm-camera-sensor: sensor_process:4093sctrl 0xf4c7c500 event 22
03-21 14:37:18.979   545 23519 D mm-camera-sensor: sensor_get_exposure_starttime:3979sof 4000164344000 exposure time 29995832 line_readout 9049 adc_readout 8346
03-21 14:37:18.979   545 23519 D mm-camera-sensor: sensor_get_exposure_starttime:3989exposure timestamp 4000134330773
03-21 14:37:18.980   545 23519 D mm-camera-sensor: sensor_get_exposure_starttime:3995frame readout time 28232880
03-21 14:37:18.980   545 23519 D mm-camera-sensor: calculate_exposure_start_timestamp:114exposure start time 4000134330773
03-21 14:37:18.980   545 23519 D mm-camera-sensor: calculate_exposure_start_timestamp:115frame readout time 28232880
03-21 14:37:18.980   545 23519 D mm-camera-sensor: calculate_exposure_start_timestamp:120[process 2241] report exposure timestamp meta
03-21 14:37:18.980   545 23519 D mm-camera-sensor: calculate_exposure_start_timestamp:125[process 2241] report rolling shutter skew meta
03-21 14:37:18.980   545 23519 D mm-camera-sensor: sensor_fc_process:393[process 2241] SENSOR_FRAME_CTRL_POST_SENSITIVITY 312
03-21 14:37:18.980   545 23519 D mm-camera-sensor: sensor_fc_process:495post frame 2241 test_pattern mode 0
03-21 14:37:18.980   545 23519 D mm-camera-sensor: sensor_process:4093sctrl 0xf4c7c500 event 38
03-21 14:37:18.980   545 23519 D mm-camera-sensor: sensor_set_vfe_sof:1023AE Bracketing not enabled
03-21 14:37:18.980   545 23519 D mm-camera-sensor: sensor_process:4093sctrl 0xf4c7c500 event 9
03-21 14:37:18.980   545 23519 D mm-camera-sensor: sensor_get_digital_gain:1361enter
03-21 14:37:18.980   545 23519 D mm-camera-sensor: sensor_get_digital_gain:1367digital gain 1.002351
03-21 14:37:18.980   545 23519 D mm-camera-sensor: sensor_get_digital_gain:1368exit
03-21 14:37:18.980   545 23519 D mm-camera-sensor: sensor_util_src_port_identity_find_func:362port=0xf4c78d00; required identity=0x1000f
03-21 14:37:18.980   545 23519 D mm-camera-sensor: sensor_util_find_stream_with_streamtype:887id1=10, id2=10
03-21 14:37:18.980   545 23519 D mm-camera-sensor: sensor_util_get_session_stream_identity:933session based identity 0x1000f
03-21 14:37:18.980   545 23519 D mm-camera-sensor: sensor_util_traverse_port:579s_port=0xf4c78d00 event_func=0xf759dea1
03-21 14:37:18.980   545 23519 D mm-camera-sensor: sensor_util_unpack_identity:296session_id 1 stream id 15
03-21 14:37:18.981   545 23519 E mm-camera: af_port_event:4560  af_port_event: Received AF port event type: 2, dir: 1
03-21 14:37:18.982   545 23482 E mm-camera: af_port_event:4560  af_port_event: Received AF port event type: 2, dir: 1
03-21 14:37:18.983   545 23482 E mm-camera: af_port_handle_module_event:2819  af_port_handle_module_event: Handle AF module event of type: 39
03-21 14:37:18.983   545 23482 E mm-camera: af_port_handle_module_event:3053  af_port_handle_module_event: Default. no action!
03-21 14:37:18.983   545 23470 E mm-camera: af_port_event:4560  af_port_event: Received AF port event type: 2, dir: 1
03-21 14:37:18.983   545 23482 E mm-camera: af_port_event:4610  af_port_event: X rc: 1
03-21 14:37:18.983   545 23470 E mm-camera: af_port_handle_module_event:2819  af_port_handle_module_event: Handle AF module event of type: 103
03-21 14:37:18.983   545 23470 E mm-camera: af_port_handle_module_event:3018  af_port_handle_module_event: Handle gravity vector data update!
03-21 14:37:18.983   545 23519 E mm-camera: af_port_handle_module_event:2819  af_port_handle_module_event: Handle AF module event of type: 32
03-21 14:37:18.983   545 23470 E mm-camera: af_port_handle_gravity_update:2084  af_port_handle_gravity_update: af_port->gravity_vector_data =-7.293985,af_port->gravity_vector_data_applied =-7.304157,diff=0.010171 
03-21 14:37:18.983   545 23519 E mm-camera: af_port_handle_module_event:3053  af_port_handle_module_event: Default. no action!
03-21 14:37:18.983   545 23470 E mm-camera: af_port_event:4610  af_port_event: X rc: 1
03-21 14:37:18.983   545 23519 E mm-camera: af_port_event:4610  af_port_event: X rc: 1
03-21 14:37:18.983   545 23519 D mm-camera-sensor: module_sensor_handle_sof_notify:346led_off_count: -1
03-21 14:37:18.983   545 23519 D mm-camera-sensor: sensor_util_post_bus_sensor_params:1514aperture 2.000000
03-21 14:37:18.983   545 23519 D mm-camera-sensor: sensor_fc_report_meta:634cur_sof 2241 apply_frame_id 2242 led_apply_frame_id 2241
03-21 14:37:18.983   545 23519 D mm-camera-sensor: post_meta_flash:54flash_mode 0 flash_state 2
03-21 14:37:18.983   545 23519 D mm-camera-sensor: sensor_process:4093sctrl 0xf4c7c500 event 18
03-21 14:37:18.983   545 23519 D mm-camera-sensor: sensor_get_frame_duration:3798cur_fps_div 1137 cur_lc 2875 fll 3190 llpclk 5008 vt 480000000
03-21 14:37:18.983   545 23519 D mm-camera-sensor: sensor_get_frame_duration:3802fl_lines 3542
03-21 14:37:18.983   545 23519 D mm-camera-sensor: sensor_get_frame_duration:3813frame duration 36954864
03-21 14:37:18.983   545 23519 D mm-camera-sensor: sensor_fc_store:176type 9 future_frame_id 2242
03-21 14:37:18.984   545 23519 D mm-camera-sensor: sensor_fc_report_meta:670[store meta] frame 2242 frame_duration 36954864
03-21 14:37:18.984   545 23519 D mm-camera-sensor: sensor_process:4093sctrl 0xf4c7c500 event 20
03-21 14:37:18.984   545 23519 D mm-camera-sensor: sensor_get_exposure_time:3724sensor_get_exposure_time: line_length_pclk = 5008, current_linecount = 2875, vt_pixel_clk = 480000000
03-21 14:37:18.984   545 23519 D mm-camera-sensor: sensor_get_exposure_time:3732exp 29995832
03-21 14:37:18.984   545 23519 D mm-camera-sensor: sensor_fc_store:176type 8 future_frame_id 2242
03-21 14:37:18.984   545 23519 D mm-camera-sensor: sensor_fc_report_meta:689[store meta] frame 2242 exp time 29995832
03-21 14:37:18.984   545 23519 D mm-camera-sensor: sensor_fc_store:176type 6 future_frame_id 2242
03-21 14:37:18.984   545 23519 D mm-camera-sensor: sensor_fc_report_meta:704[store calcuate exposure timestamp] frame 2242 exp time 29995832
03-21 14:37:18.984   545 23519 D mm-camera-sensor: sensor_process:4093sctrl 0xf4c7c500 event 21
03-21 14:37:18.984   545 23519 D mm-camera-sensor: sensor_fc_store:176type 10 future_frame_id 2242
03-21 14:37:18.984   545 23519 D mm-camera-sensor: sensor_fc_report_meta:722[store meta] frame 2242 sensitivity 312
03-21 14:37:18.984   545 23519 D mm-camera-sensor: sensor_process:4093sctrl 0xf4c7c500 event 24
03-21 14:37:18.984   545 23519 D mm-camera-sensor: sensor_fc_store:176type 15 future_frame_id 2242
03-21 14:37:18.984   545 23519 D mm-camera-sensor: sensor_fc_report_meta:742[store meta] frame 2242 testpattern mode 0
03-21 14:37:18.984   545 23519 D mm-camera-sensor: sensor_util_traverse_port:579s_port=0xf4c78d00 event_func=0xf759dea1
03-21 14:37:18.984   545 23519 D mm-camera-sensor: sensor_util_unpack_identity:296session_id 1 stream id 15
03-21 14:37:18.984   545 23519 E mm-camera: af_port_event:4560  af_port_event: Received AF port event type: 1, dir: 1
03-21 14:37:18.984   545 23508 E AEC_PORT: aec_port_pack_update:696  aec_port_pack_update:sof:2241 capt:0 real_gain:6.258582 linecnt:2875 exp_idx:332 cur_luma:42 est_state:0 aec_state:2
03-21 14:37:18.985   545 23519 E mm-camera: af_port_handle_control_event:4382  af_port_handle_control_event: Handle Control event of type: 8
03-21 14:37:18.985   545 23508 D mm-camera-sensor: sensor_util_unpack_identity:296session_id 1 stream id 2
03-21 14:37:18.985   545 23519 E mm-camera: af_port_event:4560  af_port_event: Received AF port event type: 2, dir: 0
03-21 14:37:18.985   545 23508 D mm-camera-sensor: port_sensor_handle_upstream_module_event:834event id 11
03-21 14:37:18.985   545 23519 E mm-camera: af_port_event:4598  af_port_event: up event send to peer
03-21 14:37:18.985   545 23508 D mm-camera-sensor: port_sensor_handle_aec_update:430stats gain 0.000000 lnct 2875
03-21 14:37:18.985   545 23519 E mm-camera: af_port_event:4601  af_port_event: up event sent
03-21 14:37:18.985   545 23508 D mm-camera-sensor: port_sensor_handle_aec_update:432stats update aec
03-21 14:37:18.985   545 23519 E mm-camera: af_port_event:4610  af_port_event: X rc: 1
03-21 14:37:18.985   545 23508 D mm-camera-sensor: sensor_process:4093sctrl 0xf4c7c500 event 35
03-21 14:37:18.985   545 23519 E mm-camera: af_port_event:4560  af_port_event: Received AF port event type: 2, dir: 0
03-21 14:37:18.985   545 23508 D mm-camera-sensor: sensor_set_exposure:234real_gain=6.258582 line_count=2875
03-21 14:37:18.985   545 23519 E mm-camera: af_port_event:4598  af_port_event: up event send to peer
03-21 14:37:18.985   545 23508 D mm-camera-sensor: sensor_delay_in:126Enter
03-21 14:37:18.985   545 23519 E mm-camera: af_port_event:4601  af_port_event: up event sent
03-21 14:37:18.985   545 23508 D mm-camera-sensor: sensor_delay_in:145Exit
03-21 14:37:18.985   545 23519 E mm-camera: af_port_event:4610  af_port_event: X rc: 1
03-21 14:37:18.985   545 23508 D mm-camera-sensor: sensor_delay_out:162Enter
03-21 14:37:18.985   545 23519 E mm-camera: af_port_event:4610  af_port_event: X rc: 1
03-21 14:37:18.985   545 23508 D mm-camera-sensor: sensor_delay_out:177Exit
03-21 14:37:18.985   545 23508 D mm-camera-sensor: sensor_set_exposure:257gain from aec:6.258582, sensor analog gain:6.243902, sensor digital gain:1.000000,ISP digital gain:1.002351, linecount:2875
03-21 14:37:18.985   545 23519 D mm-camera-sensor: sensor_util_unpack_identity:296session_id 1 stream id 15
03-21 14:37:18.985   545 23508 D mm-camera-sensor: sensor_process:4093sctrl 0xf4c7c500 event 9
03-21 14:37:18.985   545 23519 D mm-camera-sensor: port_sensor_handle_upstream_module_event:834event id 30
03-21 14:37:18.985   545 23508 D mm-camera-sensor: sensor_get_digital_gain:1361enter
03-21 14:37:18.985   545 23519 D mm-camera-sensor: sensor_process:4093sctrl 0xf4c7c500 event 5
03-21 14:37:18.985   545 23508 D mm-camera-sensor: sensor_get_digital_gain:1367digital gain 1.002351
03-21 14:37:18.985   545 23519 D mm-camera-sensor: sensor_get_cur_fps:514enter
03-21 14:37:18.985   545 23508 D mm-camera-sensor: sensor_get_digital_gain:1368exit
03-21 14:37:18.985   545 23519 D mm-camera-sensor: sensor_get_cur_fps:534exit
03-21 14:37:18.986   545 23519 E mm-camera: af_port_event:4560  af_port_event: Received AF port event type: 2, dir: 1
03-21 14:37:18.986   545 23509 E mm-camera-CORE: af_set_parameters:1009  af_set_parameters: Setting parameter: 27
03-21 14:37:18.986   545 23508 E mm-camera: af_port_event:4560  af_port_event: Received AF port event type: 2, dir: 1
