--------- beginning of system
03-21 14:23:11.075  2892  4663 W ActivityManager: Unable to start service Intent { cmp=se.dirac.acs/.AudioControlService } U=0: not found
03-21 14:23:11.208  2892  5312 I ActivityManager: Adjust success: true
03-21 14:23:11.325  2892  5312 V ActivityManager: Removing provider requested by com.smartisanos.gallery from process android.process.media: com.android.providers.media/.MediaProvider scnt=0 uscnt=1
03-21 14:23:11.637  2892  2984 W ContextImpl: Calling a method in the system process without a qualified user: android.app.ContextImpl.sendStickyBroadcast:1522 com.android.server.LocationManagerService.broadcastUpdatesChanged:2751 com.android.server.LocationManagerService.access$1900:135 com.android.server.LocationManagerService$LocationWorkerHandler.handleMessage:2360 android.os.Handler.dispatchMessage:102 
03-21 14:23:11.647  2892  2984 W ContextImpl: Calling a method in the system process without a qualified user: android.app.ContextImpl.sendStickyBroadcast:1522 com.android.server.LocationManagerService.broadcastUpdatesChanged:2751 com.android.server.LocationManagerService.access$1900:135 com.android.server.LocationManagerService$LocationWorkerHandler.handleMessage:2360 android.os.Handler.dispatchMessage:102 
03-21 14:23:11.670  2892  2984 W ContextImpl: Calling a method in the system process without a qualified user: android.app.ContextImpl.sendStickyBroadcast:1522 com.android.server.LocationManagerService.broadcastUpdatesChanged:2751 com.android.server.LocationManagerService.access$1900:135 com.android.server.LocationManagerService$LocationWorkerHandler.handleMessage:2360 android.os.Handler.dispatchMessage:102 
03-21 14:23:11.672  2892  2892 D DisturbModeUtils: NMS pkg=com.android.systemui is in disturb mode:false
03-21 14:23:11.743  2892  2984 W ContextImpl: Calling a method in the system process without a qualified user: android.app.ContextImpl.sendStickyBroadcast:1522 com.android.server.LocationManagerService.broadcastUpdatesChanged:2751 com.android.server.LocationManagerService.access$1900:135 com.android.server.LocationManagerService$LocationWorkerHandler.handleMessage:2360 android.os.Handler.dispatchMessage:102 
03-21 14:23:11.768  2892  2984 W ContextImpl: Calling a method in the system process without a qualified user: android.app.ContextImpl.sendStickyBroadcast:1522 com.android.server.LocationManagerService.broadcastUpdatesChanged:2751 com.android.server.LocationManagerService.access$1900:135 com.android.server.LocationManagerService$LocationWorkerHandler.handleMessage:2360 android.os.Handler.dispatchMessage:102 
03-21 14:23:11.804  2892  2892 D DisturbModeUtils: NMS pkg=com.android.systemui is in disturb mode:false
03-21 14:23:11.806  2892  2984 W ContextImpl: Calling a method in the system process without a qualified user: android.app.ContextImpl.sendStickyBroadcast:1522 com.android.server.LocationManagerService.broadcastUpdatesChanged:2751 com.android.server.LocationManagerService.access$1900:135 com.android.server.LocationManagerService$LocationWorkerHandler.handleMessage:2360 android.os.Handler.dispatchMessage:102 
03-21 14:23:11.838  2892  2892 D DisturbModeUtils: NMS pkg=com.android.systemui is in disturb mode:false
03-21 14:23:12.077  2892  5312 W ActivityManager: Unable to start service Intent { cmp=se.dirac.acs/.AudioControlService } U=0: not found
03-21 14:23:12.080  2892  4475 W ActivityManager: Unable to start service Intent { cmp=se.dirac.acs/.AudioControlService } U=0: not found
03-21 14:23:12.255 12308 12308 I LoadedApk: makeApplication
03-21 14:23:12.771  2892  4418 I ActivityManager: Adjust success: true
03-21 14:23:12.873  2892  4418 V ActivityManager: Removing provider requested by com.android.camera2 from process android.process.media: com.android.providers.media/.MediaProvider scnt=0 uscnt=1
03-21 14:23:13.084  2892  5331 W ActivityManager: Unable to start service Intent { cmp=se.dirac.acs/.AudioControlService } U=0: not found
03-21 14:23:13.085  2892  5312 W ActivityManager: Unable to start service Intent { cmp=se.dirac.acs/.AudioControlService } U=0: not found
03-21 14:23:13.634  2892  4406 D ConnectivityService: updateNetworkScore for NetworkAgentInfo [WIFI () - 100] to 60
03-21 14:23:13.634  2892  4406 D ConnectivityService: rematching NetworkAgentInfo [WIFI () - 100]
03-21 14:23:13.634  2892  4406 D ConnectivityService: Network NetworkAgentInfo [WIFI () - 100] was already satisfying request 1. No change.
03-21 14:23:13.634  2892  4406 D ConnectivityService: notifyType AVAILABLE for NetworkAgentInfo [WIFI () - 100]
03-21 14:23:13.670  6033  6033 W ContextImpl: Calling a method in the system process without a qualified user: android.app.ContextImpl.sendBroadcast:1355 android.content.ContextWrapper.sendBroadcast:377 com.android.camera.VideoModule.sendRecordingBroadcast:2393 com.android.camera.VideoModule.stopVideoRecording:1801 com.android.camera.VideoModule.onStopVideoRecording:644 
03-21 14:23:13.680 12308 12308 I LoadedApk: makeApplication
03-21 14:23:13.681  2892  4418 I ActivityManager: Adjust success: true
03-21 14:23:13.724  2892  4701 I ActivityManager: Adjust success: true
03-21 14:23:13.733  5352  5352 I LoadedApk: makeApplication
03-21 14:23:13.745 10838 10838 I LoadedApk: makeApplication
03-21 14:23:13.753  2892  4701 V ActivityManager: Removing provider requested by com.smartisanos.gallery from process android.process.media: com.android.providers.media/.MediaProvider scnt=0 uscnt=1
03-21 14:23:13.756  8749  8749 I LoadedApk: makeApplication
03-21 14:23:13.807  2892  2984 W ContextImpl: Calling a method in the system process without a qualified user: android.app.ContextImpl.sendStickyBroadcast:1522 com.android.server.LocationManagerService.broadcastUpdatesChanged:2751 com.android.server.LocationManagerService.access$1900:135 com.android.server.LocationManagerService$LocationWorkerHandler.handleMessage:2360 android.os.Handler.dispatchMessage:102 
03-21 14:23:13.840  2892  2892 D DisturbModeUtils: NMS pkg=com.android.systemui is in disturb mode:false
03-21 14:23:13.918  2892  2984 W ContextImpl: Calling a method in the system process without a qualified user: android.app.ContextImpl.sendStickyBroadcast:1522 com.android.server.LocationManagerService.broadcastUpdatesChanged:2751 com.android.server.LocationManagerService.access$1900:135 com.android.server.LocationManagerService$LocationWorkerHandler.handleMessage:2360 android.os.Handler.dispatchMessage:102 
03-21 14:23:13.939  2892  4475 V ActivityManager: Removing provider requested by com.smartisanos.gallery from process android.process.media: com.android.providers.media/.MediaProvider scnt=0 uscnt=1
03-21 14:23:13.951  2892  4418 I ActivityManager: Adjust success: true
03-21 14:23:13.954 10930 10930 I LoadedApk: makeApplication
03-21 14:23:13.961 10930 10930 I LoadedApk: makeApplication
03-21 14:23:13.999  2892  2965 V ActivityManager: Removing provider requested by com.smartisanos.gallery from process android.process.media: com.android.providers.media/.MediaProvider scnt=0 uscnt=1
03-21 14:23:14.014  6033  6033 W ContextImpl: Calling a method in the system process without a qualified user: android.app.ContextImpl.sendBroadcast:1355 android.content.ContextWrapper.sendBroadcast:377 com.android.camera.CameraActivity.notifyNewMedia:943 com.android.camera.VideoModule$2.onMediaSaved:213 com.android.camera.MediaSaveService$VideoSaveTask.onPostExecute:272 
03-21 14:23:14.095  2892  4418 W ActivityManager: Unable to start service Intent { cmp=se.dirac.acs/.AudioControlService } U=0: not found
03-21 14:23:14.098  2892  5079 W ActivityManager: Unable to start service Intent { cmp=se.dirac.acs/.AudioControlService } U=0: not found
03-21 14:23:14.424  2892  2984 W ContextImpl: Calling a method in the system process without a qualified user: android.app.ContextImpl.sendStickyBroadcast:1522 com.android.server.LocationManagerService.broadcastUpdatesChanged:2751 com.android.server.LocationManagerService.access$1900:135 com.android.server.LocationManagerService$LocationWorkerHandler.handleMessage:2360 android.os.Handler.dispatchMessage:102 
03-21 14:23:14.465  2892  2984 W ContextImpl: Calling a method in the system process without a qualified user: android.app.ContextImpl.sendStickyBroadcast:1522 com.android.server.LocationManagerService.broadcastUpdatesChanged:2751 com.android.server.LocationManagerService.access$1900:135 com.android.server.LocationManagerService$LocationWorkerHandler.handleMessage:2360 android.os.Handler.dispatchMessage:102 
03-21 14:23:14.506  2892  2892 D DisturbModeUtils: NMS pkg=com.android.systemui is in disturb mode:false
03-21 14:23:14.509  2892  2984 W ContextImpl: Calling a method in the system process without a qualified user: android.app.ContextImpl.sendStickyBroadcast:1522 com.android.server.LocationManagerService.broadcastUpdatesChanged:2751 com.android.server.LocationManagerService.access$1900:135 com.android.server.LocationManagerService$LocationWorkerHandler.handleMessage:2360 android.os.Handler.dispatchMessage:102 
03-21 14:23:14.571  2892  2892 D DisturbModeUtils: NMS pkg=com.android.systemui is in disturb mode:false
03-21 14:23:15.042  2892  2965 I ActivityManager: Adjust success: true
03-21 14:23:15.101  2892  5312 W ActivityManager: Unable to start service Intent { cmp=se.dirac.acs/.AudioControlService } U=0: not found
03-21 14:23:15.102  2892  4482 W ActivityManager: Unable to start service Intent { cmp=se.dirac.acs/.AudioControlService } U=0: not found
03-21 14:23:15.328  2892  4663 V ActivityManager: Removing provider requested by com.smartisanos.gallery from process android.process.media: com.android.providers.media/.MediaProvider scnt=0 uscnt=1
03-21 14:23:15.434  2892  5079 V ActivityManager: Removing provider requested by com.android.camera2 from process android.process.media: com.android.providers.media/.MediaProvider scnt=0 uscnt=1
03-21 14:23:16.104  2892  5084 W ActivityManager: Unable to start service Intent { cmp=se.dirac.acs/.AudioControlService } U=0: not found
03-21 14:23:16.105  2892  4475 W ActivityManager: Unable to start service Intent { cmp=se.dirac.acs/.AudioControlService } U=0: not found
03-21 14:23:16.344  2892  2964 I ActivityManager: Adjust success: true
03-21 14:23:16.446  2892  5291 V ActivityManager: Removing provider requested by com.smartisanos.gallery from process android.process.media: com.android.providers.media/.MediaProvider scnt=0 uscnt=1
03-21 14:23:16.447  2892  5342 I ActivityManager: Adjust success: true
03-21 14:23:16.498  2892  4663 V ActivityManager: Removing provider requested by com.smartisanos.gallery from process android.process.media: com.android.providers.media/.MediaProvider scnt=0 uscnt=1
03-21 14:23:17.108  2892  5084 W ActivityManager: Unable to start service Intent { cmp=se.dirac.acs/.AudioControlService } U=0: not found
03-21 14:23:17.109  2892  5331 W ActivityManager: Unable to start service Intent { cmp=se.dirac.acs/.AudioControlService } U=0: not found
03-21 14:23:17.447  2892  4820 I ActivityManager: Adjust success: true
03-21 14:23:17.495  2892  5084 V ActivityManager: Removing provider requested by com.android.camera2 from process android.process.media: com.android.providers.media/.MediaProvider scnt=0 uscnt=1
03-21 14:23:17.533   365  1052 E NetlinkEvent: NetlinkEvent::FindParam(): Parameter 'ALERT_NAME' not found
03-21 14:23:17.533   351   647 E NetlinkEvent: NetlinkEvent::FindParam(): Parameter 'ALERT_NAME' not found
03-21 14:23:17.541   365  1052 E NetlinkEvent: NetlinkEvent::FindParam(): Parameter 'ALERT_NAME' not found
03-21 14:23:17.541   351   647 E NetlinkEvent: NetlinkEvent::FindParam(): Parameter 'ALERT_NAME' not found
03-21 14:23:17.545  2892  4421 I IconManagerService: onReceive:android.intent.action.BATTERY_CHANGED
03-21 14:23:18.112  2892  5291 W ActivityManager: Unable to start service Intent { cmp=se.dirac.acs/.AudioControlService } U=0: not found
03-21 14:23:18.113  2892  2965 W ActivityManager: Unable to start service Intent { cmp=se.dirac.acs/.AudioControlService } U=0: not found
03-21 14:23:19.116  2892  4482 W ActivityManager: Unable to start service Intent { cmp=se.dirac.acs/.AudioControlService } U=0: not found
03-21 14:23:19.117  2892  5079 W ActivityManager: Unable to start service Intent { cmp=se.dirac.acs/.AudioControlService } U=0: not found
03-21 14:23:20.121  2892  4418 W ActivityManager: Unable to start service Intent { cmp=se.dirac.acs/.AudioControlService } U=0: not found
03-21 14:23:20.122  2892  5079 W ActivityManager: Unable to start service Intent { cmp=se.dirac.acs/.AudioControlService } U=0: not found
03-21 14:23:21.124  2892  5331 W ActivityManager: Unable to start service Intent { cmp=se.dirac.acs/.AudioControlService } U=0: not found
03-21 14:23:21.131  2892  4418 W ActivityManager: Unable to start service Intent { cmp=se.dirac.acs/.AudioControlService } U=0: not found
03-21 14:23:22.134  2892  4820 W ActivityManager: Unable to start service Intent { cmp=se.dirac.acs/.AudioControlService } U=0: not found
03-21 14:23:22.135  2892  4482 W ActivityManager: Unable to start service Intent { cmp=se.dirac.acs/.AudioControlService } U=0: not found
03-21 14:23:23.142  2892  5084 W ActivityManager: Unable to start service Intent { cmp=se.dirac.acs/.AudioControlService } U=0: not found
03-21 14:23:23.143  2892  5079 W ActivityManager: Unable to start service Intent { cmp=se.dirac.acs/.AudioControlService } U=0: not found
03-21 14:23:24.148  2892  4482 W ActivityManager: Unable to start service Intent { cmp=se.dirac.acs/.AudioControlService } U=0: not found
03-21 14:23:24.149  2892  5084 W ActivityManager: Unable to start service Intent { cmp=se.dirac.acs/.AudioControlService } U=0: not found
03-21 14:23:25.152  2892  5331 W ActivityManager: Unable to start service Intent { cmp=se.dirac.acs/.AudioControlService } U=0: not found
03-21 14:23:25.157  2892  5079 W ActivityManager: Unable to start service Intent { cmp=se.dirac.acs/.AudioControlService } U=0: not found
03-21 14:23:26.158  2892  5079 W ActivityManager: Unable to start service Intent { cmp=se.dirac.acs/.AudioControlService } U=0: not found
03-21 14:23:26.159  2892  5291 W ActivityManager: Unable to start service Intent { cmp=se.dirac.acs/.AudioControlService } U=0: not found
03-21 14:23:27.164  2892  2965 W ActivityManager: Unable to start service Intent { cmp=se.dirac.acs/.AudioControlService } U=0: not found
03-21 14:23:27.165  2892  4475 W ActivityManager: Unable to start service Intent { cmp=se.dirac.acs/.AudioControlService } U=0: not found
03-21 14:23:28.168  2892  5312 W ActivityManager: Unable to start service Intent { cmp=se.dirac.acs/.AudioControlService } U=0: not found
03-21 14:23:28.169  2892  4820 W ActivityManager: Unable to start service Intent { cmp=se.dirac.acs/.AudioControlService } U=0: not found
03-21 14:23:29.174  2892  4820 W ActivityManager: Unable to start service Intent { cmp=se.dirac.acs/.AudioControlService } U=0: not found
03-21 14:23:29.177  2892  5312 W ActivityManager: Unable to start service Intent { cmp=se.dirac.acs/.AudioControlService } U=0: not found
03-21 14:23:30.182  2892  2964 W ActivityManager: Unable to start service Intent { cmp=se.dirac.acs/.AudioControlService } U=0: not found
03-21 14:23:30.183  2892  4418 W ActivityManager: Unable to start service Intent { cmp=se.dirac.acs/.AudioControlService } U=0: not found
03-21 14:23:31.186  2892  2965 W ActivityManager: Unable to start service Intent { cmp=se.dirac.acs/.AudioControlService } U=0: not found
03-21 14:23:31.188  2892  2964 W ActivityManager: Unable to start service Intent { cmp=se.dirac.acs/.AudioControlService } U=0: not found
03-21 14:23:32.191  2892  4820 W ActivityManager: Unable to start service Intent { cmp=se.dirac.acs/.AudioControlService } U=0: not found
03-21 14:23:32.192  2892  2965 W ActivityManager: Unable to start service Intent { cmp=se.dirac.acs/.AudioControlService } U=0: not found
03-21 14:23:33.194  2892  5079 W ActivityManager: Unable to start service Intent { cmp=se.dirac.acs/.AudioControlService } U=0: not found
03-21 14:23:33.196  2892  5331 W ActivityManager: Unable to start service Intent { cmp=se.dirac.acs/.AudioControlService } U=0: not found
03-21 14:23:34.200  2892  4701 W ActivityManager: Unable to start service Intent { cmp=se.dirac.acs/.AudioControlService } U=0: not found
03-21 14:23:34.202  2892  5291 W ActivityManager: Unable to start service Intent { cmp=se.dirac.acs/.AudioControlService } U=0: not found
03-21 14:23:35.204  2892  4475 W ActivityManager: Unable to start service Intent { cmp=se.dirac.acs/.AudioControlService } U=0: not found
03-21 14:23:35.205  2892  5084 W ActivityManager: Unable to start service Intent { cmp=se.dirac.acs/.AudioControlService } U=0: not found
03-21 14:23:36.208  2892  4820 W ActivityManager: Unable to start service Intent { cmp=se.dirac.acs/.AudioControlService } U=0: not found
03-21 14:23:36.209  2892  5079 W ActivityManager: Unable to start service Intent { cmp=se.dirac.acs/.AudioControlService } U=0: not found
03-21 14:23:37.212  2892  4701 W ActivityManager: Unable to start service Intent { cmp=se.dirac.acs/.AudioControlService } U=0: not found
03-21 14:23:38.214  2892  5291 W ActivityManager: Unable to start service Intent { cmp=se.dirac.acs/.AudioControlService } U=0: not found
03-21 14:23:38.216  2892  4820 W ActivityManager: Unable to start service Intent { cmp=se.dirac.acs/.AudioControlService } U=0: not found
03-21 14:23:39.219  2892  2964 W ActivityManager: Unable to start service Intent { cmp=se.dirac.acs/.AudioControlService } U=0: not found
03-21 14:23:39.220  2892  5084 W ActivityManager: Unable to start service Intent { cmp=se.dirac.acs/.AudioControlService } U=0: not found
03-21 14:23:40.228  2892  4418 W ActivityManager: Unable to start service Intent { cmp=se.dirac.acs/.AudioControlService } U=0: not found
03-21 14:23:40.231  2892  4482 W ActivityManager: Unable to start service Intent { cmp=se.dirac.acs/.AudioControlService } U=0: not found
03-21 14:23:42.241  2892  4663 W ActivityManager: Unable to start service Intent { cmp=se.dirac.acs/.AudioControlService } U=0: not found
03-21 14:23:42.242  2892  5079 W ActivityManager: Unable to start service Intent { cmp=se.dirac.acs/.AudioControlService } U=0: not found
03-21 14:23:43.245  2892  4663 W ActivityManager: Unable to start service Intent { cmp=se.dirac.acs/.AudioControlService } U=0: not found
03-21 14:23:43.251  2892  5079 W ActivityManager: Unable to start service Intent { cmp=se.dirac.acs/.AudioControlService } U=0: not found
03-21 14:23:44.254  2892  5331 W ActivityManager: Unable to start service Intent { cmp=se.dirac.acs/.AudioControlService } U=0: not found
03-21 14:23:44.256  2892  4418 W ActivityManager: Unable to start service Intent { cmp=se.dirac.acs/.AudioControlService } U=0: not found
03-21 14:23:45.260  2892  5342 W ActivityManager: Unable to start service Intent { cmp=se.dirac.acs/.AudioControlService } U=0: not found
03-21 14:23:45.261  2892  5079 W ActivityManager: Unable to start service Intent { cmp=se.dirac.acs/.AudioControlService } U=0: not found
03-21 14:23:46.267  2892  4663 W ActivityManager: Unable to start service Intent { cmp=se.dirac.acs/.AudioControlService } U=0: not found
03-21 14:23:46.268  2892  5291 W ActivityManager: Unable to start service Intent { cmp=se.dirac.acs/.AudioControlService } U=0: not found
03-21 14:23:47.271  2892  5079 W ActivityManager: Unable to start service Intent { cmp=se.dirac.acs/.AudioControlService } U=0: not found
03-21 14:23:47.273  2892  5291 W ActivityManager: Unable to start service Intent { cmp=se.dirac.acs/.AudioControlService } U=0: not found
03-21 14:23:48.278  2892  4482 W ActivityManager: Unable to start service Intent { cmp=se.dirac.acs/.AudioControlService } U=0: not found
03-21 14:23:48.279  2892  5342 W ActivityManager: Unable to start service Intent { cmp=se.dirac.acs/.AudioControlService } U=0: not found
03-21 14:23:49.282  2892  2965 W ActivityManager: Unable to start service Intent { cmp=se.dirac.acs/.AudioControlService } U=0: not found
03-21 14:23:49.284  2892  4820 W ActivityManager: Unable to start service Intent { cmp=se.dirac.acs/.AudioControlService } U=0: not found
03-21 14:23:50.288  2892  5291 W ActivityManager: Unable to start service Intent { cmp=se.dirac.acs/.AudioControlService } U=0: not found
03-21 14:23:50.289  2892  5331 W ActivityManager: Unable to start service Intent { cmp=se.dirac.acs/.AudioControlService } U=0: not found
03-21 14:23:51.292  2892  5084 W ActivityManager: Unable to start service Intent { cmp=se.dirac.acs/.AudioControlService } U=0: not found
03-21 14:23:51.293  2892  4482 W ActivityManager: Unable to start service Intent { cmp=se.dirac.acs/.AudioControlService } U=0: not found
03-21 14:23:52.296  2892  4701 W ActivityManager: Unable to start service Intent { cmp=se.dirac.acs/.AudioControlService } U=0: not found
03-21 14:23:52.297  2892  5342 W ActivityManager: Unable to start service Intent { cmp=se.dirac.acs/.AudioControlService } U=0: not found
03-21 14:23:53.303  2892  5291 W ActivityManager: Unable to start service Intent { cmp=se.dirac.acs/.AudioControlService } U=0: not found
03-21 14:23:53.314  2892  2964 W ActivityManager: Unable to start service Intent { cmp=se.dirac.acs/.AudioControlService } U=0: not found
03-21 14:23:54.316  2892  4475 W ActivityManager: Unable to start service Intent { cmp=se.dirac.acs/.AudioControlService } U=0: not found
03-21 14:23:54.318  2892  5079 W ActivityManager: Unable to start service Intent { cmp=se.dirac.acs/.AudioControlService } U=0: not found
03-21 14:23:55.320  2892  4475 W ActivityManager: Unable to start service Intent { cmp=se.dirac.acs/.AudioControlService } U=0: not found
03-21 14:23:55.322  2892  5079 W ActivityManager: Unable to start service Intent { cmp=se.dirac.acs/.AudioControlService } U=0: not found
03-21 14:23:56.324  2892  4701 W ActivityManager: Unable to start service Intent { cmp=se.dirac.acs/.AudioControlService } U=0: not found
03-21 14:23:56.326  2892  2965 W ActivityManager: Unable to start service Intent { cmp=se.dirac.acs/.AudioControlService } U=0: not found
03-21 14:23:57.330  2892  5291 W ActivityManager: Unable to start service Intent { cmp=se.dirac.acs/.AudioControlService } U=0: not found
03-21 14:23:57.331  2892  4475 W ActivityManager: Unable to start service Intent { cmp=se.dirac.acs/.AudioControlService } U=0: not found
03-21 14:23:58.334  2892  5312 W ActivityManager: Unable to start service Intent { cmp=se.dirac.acs/.AudioControlService } U=0: not found
03-21 14:23:58.335  2892  4475 W ActivityManager: Unable to start service Intent { cmp=se.dirac.acs/.AudioControlService } U=0: not found
03-21 14:23:59.339  2892  5079 W ActivityManager: Unable to start service Intent { cmp=se.dirac.acs/.AudioControlService } U=0: not found
03-21 14:23:59.340  2892  5342 W ActivityManager: Unable to start service Intent { cmp=se.dirac.acs/.AudioControlService } U=0: not found
03-21 14:24:00.343  2892  5331 W ActivityManager: Unable to start service Intent { cmp=se.dirac.acs/.AudioControlService } U=0: not found
03-21 14:24:00.345  2892  4701 W ActivityManager: Unable to start service Intent { cmp=se.dirac.acs/.AudioControlService } U=0: not found
03-21 14:24:01.348  2892  4475 W ActivityManager: Unable to start service Intent { cmp=se.dirac.acs/.AudioControlService } U=0: not found
03-21 14:24:01.349  2892  5312 W ActivityManager: Unable to start service Intent { cmp=se.dirac.acs/.AudioControlService } U=0: not found
03-21 14:24:02.353  2892  4820 W ActivityManager: Unable to start service Intent { cmp=se.dirac.acs/.AudioControlService } U=0: not found
03-21 14:24:02.358  2892  2964 W ActivityManager: Unable to start service Intent { cmp=se.dirac.acs/.AudioControlService } U=0: not found
03-21 14:24:03.361  2892  5331 W ActivityManager: Unable to start service Intent { cmp=se.dirac.acs/.AudioControlService } U=0: not found
03-21 14:24:03.363  2892  2964 W ActivityManager: Unable to start service Intent { cmp=se.dirac.acs/.AudioControlService } U=0: not found
03-21 14:24:04.368  2892  4701 W ActivityManager: Unable to start service Intent { cmp=se.dirac.acs/.AudioControlService } U=0: not found
03-21 14:24:04.369  2892  4820 W ActivityManager: Unable to start service Intent { cmp=se.dirac.acs/.AudioControlService } U=0: not found
03-21 14:24:05.372  2892  4820 W ActivityManager: Unable to start service Intent { cmp=se.dirac.acs/.AudioControlService } U=0: not found
03-21 14:24:05.373  2892  5079 W ActivityManager: Unable to start service Intent { cmp=se.dirac.acs/.AudioControlService } U=0: not found
03-21 14:24:06.376  2892  4820 W ActivityManager: Unable to start service Intent { cmp=se.dirac.acs/.AudioControlService } U=0: not found
03-21 14:24:06.378  2892  5312 W ActivityManager: Unable to start service Intent { cmp=se.dirac.acs/.AudioControlService } U=0: not found
03-21 14:24:07.384  2892  5079 W ActivityManager: Unable to start service Intent { cmp=se.dirac.acs/.AudioControlService } U=0: not found
03-21 14:25:15.794  2892  4820 W ActivityManager: Unable to start service Intent { cmp=se.dirac.acs/.AudioControlService } U=0: not found
03-21 14:27:03.712  2892  4820 W ActivityManager: Unable to start service Intent { cmp=se.dirac.acs/.AudioControlService } U=0: not found
03-21 14:27:04.718  2892  4482 W ActivityManager: Unable to start service Intent { cmp=se.dirac.acs/.AudioControlService } U=0: not found
03-21 14:27:04.720  2892  5084 W ActivityManager: Unable to start service Intent { cmp=se.dirac.acs/.AudioControlService } U=0: not found
03-21 14:27:05.727  2892  4701 W ActivityManager: Unable to start service Intent { cmp=se.dirac.acs/.AudioControlService } U=0: not found
03-21 14:27:05.729  2892  5079 W ActivityManager: Unable to start service Intent { cmp=se.dirac.acs/.AudioControlService } U=0: not found
03-21 14:27:06.735  2892  5291 W ActivityManager: Unable to start service Intent { cmp=se.dirac.acs/.AudioControlService } U=0: not found
03-21 14:29:29.305  2892  4401 D NetworkManagementService: hardware tether stats:NetworkStats: elapsedRealtime=5691768
03-21 14:29:36.726  8446  8446 I LoadedApk: makeApplication
03-21 14:30:10.476  2892  5079 I ActivityManager: Adjust success: true
03-21 14:31:11.637  2892  2984 W ContextImpl: Calling a method in the system process without a qualified user: android.app.ContextImpl.sendStickyBroadcast:1522 com.android.server.LocationManagerService.broadcastUpdatesChanged:2751 com.android.server.LocationManagerService.access$1900:135 com.android.server.LocationManagerService$LocationWorkerHandler.handleMessage:2360 android.os.Handler.dispatchMessage:102 
03-21 14:32:34.063  2892  2965 W ActivityManager: Unable to start service Intent { cmp=se.dirac.acs/.AudioControlService } U=0: not found
03-21 14:33:44.488  2892  4663 W ActivityManager: Unable to start service Intent { cmp=se.dirac.acs/.AudioControlService } U=0: not found
03-21 14:35:58.109  2892  3378 I DisplayPowerController: Unblocked screen on after 115 ms
03-21 14:35:58.670  2892  4663 W ActivityManager: Unable to start service Intent { cmp=se.dirac.acs/.AudioControlService } U=0: not found
03-21 14:35:58.671  2892  5084 W ActivityManager: Unable to start service Intent { cmp=se.dirac.acs/.AudioControlService } U=0: not found
03-21 14:35:59.579  4426  4426 W ContextImpl: Calling a method in the system process without a qualified user: android.app.ContextImpl.startActivity:1252 android.content.ContextWrapper.startActivity:323 com.smartisanos.keyguard.KeyguardActivityLauncher.startActivity:268 com.smartisanos.keyguard.KeyguardActivityLauncher.launchActivityWithAnimation:253 com.smartisanos.keyguard.KeyguardActivityLauncher.launchActivity:215 
03-21 14:35:59.580  4426  4426 W ContextImpl: Calling a method in the system process without a qualified user: android.app.ContextImpl.startActivity:1264 android.app.ContextImpl.startActivity:1253 android.content.ContextWrapper.startActivity:323 com.smartisanos.keyguard.KeyguardActivityLauncher.startActivity:268 com.smartisanos.keyguard.KeyguardActivityLauncher.launchActivityWithAnimation:253 
03-21 14:35:59.586  2892  5084 I ActivityManager: START u0 {flg=0x34018000 cmp=com.android.contacts/.activities.DialtactsActivity (has extras)} from uid 1000 on display 0
03-21 14:35:59.623  2892  5084 V WindowManager: addAppToken: AppWindowToken{4cfe5bb token=Token{1882f24a ActivityRecord{52bb5 u0 com.android.contacts/.activities.DialtactsActivity t15}}} to stack=1 task=15 at 0
03-21 14:35:59.641  2892  3376 E WindowManager: Adding starting window for com.android.contacts / Token{1882f24a ActivityRecord{52bb5 u0 com.android.contacts/.activities.DialtactsActivity t15}}: null
03-21 14:35:59.643  2892  3376 V WindowManager: Adding window Window{c775133 u0 Starting com.android.contacts} at 7 of 12 (after Window{2c5434f4 u0 com.android.camera2/com.android.camera.CameraLauncher})
03-21 14:35:59.657  2892  5084 I ActivityManager: Start proc 23361:com.android.contacts/u0a0 for activity com.android.contacts/.activities.DialtactsActivity
03-21 14:35:59.658  6033  6033 W ContextImpl: Calling a method in the system process without a qualified user: android.app.ContextImpl.bindService:1784 android.content.ContextWrapper.bindService:539 com.android.camera.CameraActivity.bindMediaSaveService:972 com.android.camera.CameraActivity.onStart:1785 android.app.Instrumentation.callActivityOnStart:1236 
03-21 14:35:59.663  6033  6033 I LoadedApk: makeApplication
03-21 14:37:02.002  2892  5331 W ActivityManager: Unable to start service Intent { cmp=se.dirac.acs/.AudioControlService } U=0: not found
--------- beginning of main
03-21 14:37:18.437   545 23472 E mm-camera: af_fdprio_process:550  af_fdprio_process: Processing frame 2226
03-21 14:37:18.465   545 23509 E mm-camera-CORE: af_set_parameters:1016  af_set_parameters: param=0xe4723010 af_obj=0xebf8a000, type =27
03-21 14:37:18.465   545 23509 E mm-camera-CORE: af_util_update_output_data:1047  af_util_update_output_data: Update output data of type: 8192
03-21 14:37:18.465   545 23509 E mm-camera-CORE: af_util_update_output_data:1198  debug data not enabled
03-21 14:37:18.465   545 23509 E mm-camera: af_port_callback:1352  af_port_callback: AF port callback
03-21 14:37:18.465   545 23509 E mm-camera: af_port_handle_set_focus_mode_to_hal_type:1073  af_port_handle_set_focus_mode_to_hal_type mode 2
03-21 14:37:18.465   545 23509 E mm-camera: af_port_callback:1475  af_port_callback: x
03-21 14:37:18.465   545 23509 E mm-camera: af_port_callback:1352  af_port_callback: AF port callback
03-21 14:37:18.465   545 23519 E mm-camera: af_port_event:4560  af_port_event: Received AF port event type: 2, dir: 1
03-21 14:37:18.465   545 23509 E mm-camera: af_port_callback:1475  af_port_callback: x
03-21 14:37:18.465   545 23519 E mm-camera: af_port_handle_module_event:2819  af_port_handle_module_event: Handle AF module event of type: 46
03-21 14:37:18.465   545 23508 E mm-camera: af_port_handle_module_event:2819  af_port_handle_module_event: Handle AF module event of type: 32
03-21 14:37:18.465   545 23519 E mm-camera: af_port_handle_module_event:2895  af_port_handle_module_event: Handle stream crop event
03-21 14:37:18.466   545 23508 E mm-camera: af_port_handle_module_event:3053  af_port_handle_module_event: Default. no action!
03-21 14:37:18.466   545 23519 E mm-camera: af_port_handle_stream_crop_event:2454  af_port_handle_stream_crop_event: pp_x: 0 pp_y: 0 pp_crop_out_x: 1440 pp_crop_out_y: 1080vfe_map_x: 23 vfe_map_y: 0 vfe_map_width: 4160 vfe_map_height: 3120
03-21 14:37:18.466   545 23508 E mm-camera: af_port_event:4610  af_port_event: X rc: 1
03-21 14:37:18.466   545 23519 E mm-camera: af_port_event:4610  af_port_event: X rc: 1
03-21 14:37:18.466   545 23509 E mm-camera-CORE: af_set_parameters:1009  af_set_parameters: Setting parameter: 21
03-21 14:37:18.466   545 23509 E mm-camera-CORE: af_set_parameters:1016  af_set_parameters: param=0xe47b7010 af_obj=0xebf8a000, type =21
03-21 14:37:18.466   545 23509 E mm-camera-CORE: af_util_update_output_data:1047  af_util_update_output_data: Update output data of type: 8192
03-21 14:37:18.466   545 23509 E mm-camera-CORE: af_util_update_output_data:1198  debug data not enabled
03-21 14:37:18.466   545 23509 E mm-camera: af_port_callback:1352  af_port_callback: AF port callback
03-21 14:37:18.466   545 23509 E mm-camera: af_port_handle_set_focus_mode_to_hal_type:1073  af_port_handle_set_focus_mode_to_hal_type mode 2
03-21 14:37:18.466   545 23509 E mm-camera: af_port_callback:1475  af_port_callback: x
03-21 14:37:18.466   545 23508 D mm-camera-sensor: port_sensor_handle_aec_update:588[store meta] SENSOR_FRAME_CTRL_EXP_META future sof 2229
03-21 14:37:18.466   545 23508 D mm-camera-sensor: port_sensor_handle_aec_update:590stored data = g 6.258582 lux idx 313.722321
03-21 14:37:18.466   545 23508 D mm-camera-sensor: sensor_fc_store:176type 1 future_frame_id 2229
03-21 14:37:18.468   545 23519 D mm-camera-sensor: sensor_util_unpack_identity:296session_id 1 stream id 15
03-21 14:37:18.468   545 23519 D mm-camera-sensor: module_sensor_module_process_event:4863event type 17 current_frame_id 0 last_idx 2227
03-21 14:37:18.468   545 23519 D mm-camera-sensor: sensor_util_traverse_port:579s_port=0xf4c78d00 event_func=0xf759dea1
03-21 14:37:18.468   545 23519 D mm-camera-sensor: sensor_util_unpack_identity:296session_id 1 stream id 15
03-21 14:37:18.468   545 23519 E mm-camera: af_port_event:4560  af_port_event: Received AF port event type: 1, dir: 1
03-21 14:37:18.468   545 23519 E mm-camera: af_port_handle_control_event:4382  af_port_handle_control_event: Handle Control event of type: 17
03-21 14:37:18.468   545 23519 E mm-camera: af_port_event:4610  af_port_event: X rc: 1
03-21 14:37:18.469   545 23508 E mm-camera: af_port_event:4560  af_port_event: Received AF port event type: 2, dir: 1
03-21 14:37:18.469   545 23508 E mm-camera: af_port_handle_module_event:2819  af_port_handle_module_event: Handle AF module event of type: 11
03-21 14:37:18.469   545 23508 E mm-camera: af_port_handle_module_event:2878  af_port_handle_module_event: Handle aec update
03-21 14:37:18.469   545 23508 E mm-camera: af_port_handle_aec_update:1924  af_port_handle_aec_update: preview_fps 27.000000, exp time 0.030042
03-21 14:37:18.469   545 23508 E mm-camera: af_port_handle_aec_update:1925  af_port_handle_aec_update: Bv_af: 0.543214
03-21 14:37:18.469   545 23508 E mm-camera: af_port_event:4610  af_port_event: X rc: 1
03-21 14:37:18.469   545 23509 E mm-camera-CORE: af_set_parameters:1009  af_set_parameters: Setting parameter: 17
03-21 14:37:18.469   545 23509 E mm-camera-CORE: af_set_parameters:1016  af_set_parameters: param=0xe477b010 af_obj=0xebf8a000, type =17
03-21 14:37:18.469   545 23509 E mm-camera-CORE: af_util_update_output_data:1047  af_util_update_output_data: Update output data of type: 8192
03-21 14:37:18.469   545 23509 E mm-camera-CORE: af_util_update_output_data:1198  debug data not enabled
03-21 14:37:18.469   545 23509 E mm-camera: af_port_callback:1352  af_port_callback: AF port callback
03-21 14:37:18.469   545 23508 D mm-camera-sensor: sensor_util_unpack_identity:296session_id 1 stream id 2
03-21 14:37:18.469   545 23509 E mm-camera: af_port_handle_set_focus_mode_to_hal_type:1073  af_port_handle_set_focus_mode_to_hal_type mode 2
03-21 14:37:18.469   545 23508 D mm-camera-sensor: port_sensor_handle_upstream_module_event:834event id 12
03-21 14:37:18.469   545 23509 E mm-camera: af_port_callback:1475  af_port_callback: x
03-21 14:37:18.469   545 23508 D mm-camera-sensor: port_sensor_handle_upstream_module_event:878stats update awb hdr
03-21 14:37:18.470   545 23508 D mm-camera-sensor: sensor_process:4093sctrl 0xf4c7c500 event 65
03-21 14:37:18.470   545 23508 E mm-camera: af_port_event:4560  af_port_event: Received AF port event type: 2, dir: 1
03-21 14:37:18.470   545 23508 E mm-camera: af_port_handle_module_event:2819  af_port_handle_module_event: Handle AF module event of type: 12
03-21 14:37:18.470   545 23508 E mm-camera: af_port_event:4610  af_port_event: X rc: 1
03-21 14:37:18.474   545 23472 E mm-camera: af_port_event:4560  af_port_event: Received AF port event type: 2, dir: 1
03-21 14:37:18.474   545 23472 E mm-camera: af_port_handle_module_event:2819  af_port_handle_module_event: Handle AF module event of type: 26
03-21 14:37:18.474   545 23472 E mm-camera: af_port_handle_module_event:2869  af_port_handle_module_event: Handle stats event
03-21 14:37:18.474   545 23472 E mm-camera: af_port_handle_stats_event:2354  af_port_handle_stats_event: Stats mask: 900
03-21 14:37:18.474   545 23472 E mm-camera: af_port_handle_stats_event:2368  af_port_handle_stats_event: stats_buf: 0xf0f25000
03-21 14:37:18.474   545 23472 E mm-camera: af_port_handle_stats_event:2375  af_port_handle_stats_event: BF_SCALE stats_buf: 0xf0f48000
03-21 14:37:18.474   545 23472 E mm-camera: af_fdprio_process:550  af_fdprio_process: Processing frame 2227
03-21 14:37:18.474   545 23472 E mm-camera: af_fdprio_process_counters_int:151  af_fdprio_process_counters_int:151 Process counters
03-21 14:37:18.474   545 23472 E mm-camera: af_port_event:4610  af_port_event: X rc: 1
03-21 14:37:18.474   545 23509 E mm-camera-CORE: af_process:713  af_process: Process AF stats!
03-21 14:37:18.474   545 23509 E mm-camera-CORE: af_process:767  af_process: AF Inactive. Initialize first! Returning!
03-21 14:37:18.475   545 23509 E mm-camera: af_port_callback:1352  af_port_callback: AF port callback
03-21 14:37:18.475   545 23509 E mm-camera: af_port_callback:1475  af_port_callback: x
03-21 14:37:18.475   545 23509 E mm-camera: af_port_stats_done_callback:1318  af_port_stats_done_callback DONE AF STATS ACK back
03-21 14:37:18.475   545 23509 E mm-camera: af_port_event:4560  af_port_event: Received AF port event type: 2, dir: 0
03-21 14:37:18.475   545 23509 E mm-camera: af_port_event:4598  af_port_event: up event send to peer
03-21 14:37:18.475   545 23509 E mm-camera: af_port_event:4601  af_port_event: up event sent
03-21 14:37:18.475   545 23509 E mm-camera: af_port_event:4610  af_port_event: X rc: 1
03-21 14:37:18.480   545 23470 E mm-camera: af_port_event:4560  af_port_event: Received AF port event type: 2, dir: 1
03-21 14:37:18.480   545 23470 E mm-camera: af_port_handle_module_event:2819  af_port_handle_module_event: Handle AF module event of type: 103
03-21 14:37:18.480   545 23470 E mm-camera: af_port_handle_module_event:3018  af_port_handle_module_event: Handle gravity vector data update!
03-21 14:37:18.480   545 23470 E mm-camera: af_port_handle_gravity_update:2084  af_port_handle_gravity_update: af_port->gravity_vector_data =-7.294668,af_port->gravity_vector_data_applied =-7.304157,diff=0.009489 
03-21 14:37:18.480   545 23470 E mm-camera: af_port_event:4610  af_port_event: X rc: 1
03-21 14:37:18.491   545 23470 E mm-camera: af_port_event:4560  af_port_event: Received AF port event type: 2, dir: 1
03-21 14:37:18.491   545 23470 E mm-camera: af_port_handle_module_event:2819  af_port_handle_module_event: Handle AF module event of type: 24
03-21 14:37:18.491   545 23470 E mm-camera: af_port_handle_module_event:2946  af_port_handle_module_event: Handle gyro data update!
03-21 14:37:18.491   545 23470 E mm-camera: af_port_handle_gyro_update:1971  af_port_handle_gyro_update: i: 0 q16: -33 flt: -0.000504
03-21 14:37:18.491   545 23470 E mm-camera: af_port_handle_gyro_update:1971  af_port_handle_gyro_update: i: 1 q16: 5 flt: 0.000076
03-21 14:37:18.491   545 23470 E mm-camera: af_port_handle_gyro_update:1971  af_port_handle_gyro_update: i: 2 q16: -38 flt: -0.000580
03-21 14:37:18.491   545 23470 E mm-camera: af_port_event:4610  af_port_event: X rc: 1
03-21 14:37:18.491   545 23509 E mm-camera-CORE: af_set_parameters:1009  af_set_parameters: Setting parameter: 19
03-21 14:37:18.491   545 23509 E mm-camera-CORE: af_set_parameters:1016  af_set_parameters: param=0xe47a5010 af_obj=0xebf8a000, type =19
03-21 14:37:18.491   545 23509 E mm-camera-CORE: af_util_update_output_data:1047  af_util_update_output_data: Update output data of type: 8192
03-21 14:37:18.491   545 23509 E mm-camera-CORE: af_util_update_output_data:1198  debug data not enabled
03-21 14:37:18.491   545 23509 E mm-camera: af_port_callback:1352  af_port_callback: AF port callback
03-21 14:37:18.491   545 23509 E mm-camera: af_port_handle_set_focus_mode_to_hal_type:1073  af_port_handle_set_focus_mode_to_hal_type mode 2
03-21 14:37:18.491   545 23509 E mm-camera: af_port_callback:1475  af_port_callback: x
03-21 14:37:18.493   545 23472 E mm-camera: af_port_event:4560  af_port_event: Received AF port event type: 2, dir: 1
03-21 14:37:18.493   545 23472 E mm-camera: af_port_handle_module_event:2819  af_port_handle_module_event: Handle AF module event of type: 26
03-21 14:37:18.493   545 23472 E mm-camera: af_port_handle_module_event:2869  af_port_handle_module_event: Handle stats event
03-21 14:37:18.493   545 23472 E mm-camera: af_port_event:4610  af_port_event: X rc: 1
03-21 14:37:18.494   545 23508 E AEC_PORT: aec_port_stats_done_callback:868  aec_port_stats_done_callback DONE AEC STATS ACK back
03-21 14:37:18.495   545 23511 E mm-camera: af_port_event:4560  af_port_event: Received AF port event type: 2, dir: 1
03-21 14:37:18.495   545 23511 E mm-camera: af_port_handle_module_event:2819  af_port_handle_module_event: Handle AF module event of type: 22
03-21 14:37:18.495   545 23511 E mm-camera: af_port_handle_module_event:3053  af_port_handle_module_event: Default. no action!
03-21 14:37:18.495   545 23511 E mm-camera: af_port_event:4610  af_port_event: X rc: 1
03-21 14:37:18.495   545 23511 E mm-camera: afd_port_stats_done_callback:100  afd_port_stats_done_callback DONE AFD stats ACK back
03-21 14:37:18.498   545 23538 D mm-camera-sensor: sensor_util_unpack_identity:296session_id 1 stream id 2
03-21 14:37:18.498   545 23538 D mm-camera-sensor: port_sensor_handle_upstream_module_event:834event id 37
03-21 14:37:18.499   545 23538 D mm-camera-sensor: port_sensor_handle_upstream_module_event:1051MCT_EVENT_MODULE_SOF_NOTIFY
03-21 14:37:18.499   545 23519 D mm-camera-sensor: sensor_util_unpack_identity:296session_id 1 stream id 15
03-21 14:37:18.499   545 23519 D mm-camera-sensor: module_sensor_module_process_event:4863event type 8 current_frame_id 2228 last_idx 2227
03-21 14:37:18.499   545 23519 D mm-camera-sensor: module_sensor_handle_sof_notify:274identity=0x1000f, frame_id=2228
03-21 14:37:18.499   545 23519 D mm-camera-sensor: sensor_fc_process:321[process 2228] SENSOR_FRAME_CTRL_EXP_META
03-21 14:37:18.499   545 23519 D mm-camera-sensor: sensor_fc_process:339post g 6.258582 lc 2875 lux 313.709198 cur sof 2228
03-21 14:37:18.499   545 23519 D mm-camera-sensor: sensor_fc_process:384[process 2228] SENSOR_FRAME_CTRL_POST_FRAME_DURATION 36954864
03-21 14:37:18.499   545 23519 D mm-camera-sensor: sensor_fc_process:375[process 2228] SENSOR_FRAME_CTRL_POST_EXP_TIME 29995832
03-21 14:37:18.499   545 23519 D mm-camera-sensor: sensor_fc_process:454[process 2228] SENSOR_FRAME_CTRL_CALCULATE_EXP_START_TIMESTAMP
03-21 14:37:18.499   545 23519 D mm-camera-sensor: sensor_process:4093sctrl 0xf4c7c500 event 22
03-21 14:37:18.499   545 23519 D mm-camera-sensor: sensor_get_exposure_starttime:3979sof 3999683925000 exposure time 29995832 line_readout 9049 adc_readout 8346
03-21 14:37:18.499   545 23519 D mm-camera-sensor: sensor_get_exposure_starttime:3989exposure timestamp 3999653911773
03-21 14:37:18.499   545 23519 D mm-camera-sensor: sensor_get_exposure_starttime:3995frame readout time 28232880
03-21 14:37:18.499   545 23519 D mm-camera-sensor: calculate_exposure_start_timestamp:114exposure start time 3999653911773
03-21 14:37:18.499   545 23519 D mm-camera-sensor: calculate_exposure_start_timestamp:115frame readout time 28232880
03-21 14:37:18.500   545 23519 D mm-camera-sensor: calculate_exposure_start_timestamp:120[process 2228] report exposure timestamp meta
03-21 14:37:18.500   545 23482 E mm-camera: af_port_event:4560  af_port_event: Received AF port event type: 2, dir: 1
03-21 14:37:18.500   545 23519 D mm-camera-sensor: calculate_exposure_start_timestamp:125[process 2228] report rolling shutter skew meta
03-21 14:37:18.500   545 23482 E mm-camera: af_port_handle_module_event:2819  af_port_handle_module_event: Handle AF module event of type: 39
03-21 14:37:18.500   545 23519 D mm-camera-sensor: sensor_fc_process:393[process 2228] SENSOR_FRAME_CTRL_POST_SENSITIVITY 312
03-21 14:37:18.500   545 23482 E mm-camera: af_port_handle_module_event:3053  af_port_handle_module_event: Default. no action!
03-21 14:37:18.500   545 23519 D mm-camera-sensor: sensor_fc_process:495post frame 2228 test_pattern mode 0
03-21 14:37:18.500   545 23482 E mm-camera: af_port_event:4610  af_port_event: X rc: 1
03-21 14:37:18.500   545 23519 D mm-camera-sensor: sensor_process:4093sctrl 0xf4c7c500 event 38
03-21 14:37:18.500   545 23519 D mm-camera-sensor: sensor_set_vfe_sof:1023AE Bracketing not enabled
03-21 14:37:18.500   545 23519 D mm-camera-sensor: sensor_process:4093sctrl 0xf4c7c500 event 9
03-21 14:37:18.500   545 23519 D mm-camera-sensor: sensor_get_digital_gain:1361enter
03-21 14:37:18.500   545 23519 D mm-camera-sensor: sensor_get_digital_gain:1367digital gain 1.002351
03-21 14:37:18.500   545 23519 D mm-camera-sensor: sensor_get_digital_gain:1368exit
03-21 14:37:18.500   545 23519 D mm-camera-sensor: sensor_util_src_port_identity_find_func:362port=0xf4c78d00; required identity=0x1000f
03-21 14:37:18.500   545 23508 E mm-camera: awb_port_stats_done_callback:625  awb_port_stats_done_callback DONE AWB STATS ACK back
03-21 14:37:18.500   545 23519 D mm-camera-sensor: sensor_util_find_stream_with_streamtype:887id1=10, id2=10
03-21 14:37:18.500   545 23519 D mm-camera-sensor: sensor_util_get_session_stream_identity:933session based identity 0x1000f
03-21 14:37:18.500   545 23519 D mm-camera-sensor: sensor_util_traverse_port:579s_port=0xf4c78d00 event_func=0xf759dea1
03-21 14:37:18.500   545 23519 D mm-camera-sensor: sensor_util_unpack_identity:296session_id 1 stream id 15
03-21 14:37:18.501   545 23519 E mm-camera: af_port_event:4560  af_port_event: Received AF port event type: 2, dir: 1
03-21 14:37:18.501   545 23519 E mm-camera: af_port_handle_module_event:2819  af_port_handle_module_event: Handle AF module event of type: 32
03-21 14:37:18.501   545 23519 E mm-camera: af_port_handle_module_event:3053  af_port_handle_module_event: Default. no action!
03-21 14:37:18.501   545 23519 E mm-camera: af_port_event:4610  af_port_event: X rc: 1
03-21 14:37:18.501   545 23519 D mm-camera-sensor: module_sensor_handle_sof_notify:346led_off_count: -1
03-21 14:37:18.501   545 23519 D mm-camera-sensor: sensor_util_post_bus_sensor_params:1514aperture 2.000000
03-21 14:37:18.501   545 23519 D mm-camera-sensor: sensor_fc_report_meta:634cur_sof 2228 apply_frame_id 2229 led_apply_frame_id 2228
03-21 14:37:18.501   545 23519 D mm-camera-sensor: post_meta_flash:54flash_mode 0 flash_state 2
03-21 14:37:18.501   545 23519 D mm-camera-sensor: sensor_process:4093sctrl 0xf4c7c500 event 18
03-21 14:37:18.501   545 23519 D mm-camera-sensor: sensor_get_frame_duration:3798cur_fps_div 1137 cur_lc 2875 fll 3190 llpclk 5008 vt 480000000
03-21 14:37:18.501   545 23519 D mm-camera-sensor: sensor_get_frame_duration:3802fl_lines 3542
03-21 14:37:18.501   545 23519 D mm-camera-sensor: sensor_get_frame_duration:3813frame duration 36954864
03-21 14:37:18.501   545 23519 D mm-camera-sensor: sensor_fc_store:176type 9 future_frame_id 2229
03-21 14:37:18.501   545 23519 D mm-camera-sensor: sensor_fc_report_meta:670[store meta] frame 2229 frame_duration 36954864
03-21 14:37:18.501   545 23519 D mm-camera-sensor: sensor_process:4093sctrl 0xf4c7c500 event 20
03-21 14:37:18.501   545 23519 D mm-camera-sensor: sensor_get_exposure_time:3724sensor_get_exposure_time: line_length_pclk = 5008, current_linecount = 2875, vt_pixel_clk = 480000000
03-21 14:37:18.501   545 23519 D mm-camera-sensor: sensor_get_exposure_time:3732exp 29995832
03-21 14:37:18.502   545 23519 D mm-camera-sensor: sensor_fc_store:176type 8 future_frame_id 2229
03-21 14:37:18.502   545 23519 D mm-camera-sensor: sensor_fc_report_meta:689[store meta] frame 2229 exp time 29995832
03-21 14:37:18.502   545 23519 D mm-camera-sensor: sensor_fc_store:176type 6 future_frame_id 2229
03-21 14:37:18.502   545 23519 D mm-camera-sensor: sensor_fc_report_meta:704[store calcuate exposure timestamp] frame 2229 exp time 29995832
03-21 14:37:18.502   545 23519 D mm-camera-sensor: sensor_process:4093sctrl 0xf4c7c500 event 21
03-21 14:37:18.502   545 23519 D mm-camera-sensor: sensor_fc_store:176type 10 future_frame_id 2229
03-21 14:37:18.502   545 23519 D mm-camera-sensor: sensor_fc_report_meta:722[store meta] frame 2229 sensitivity 312
03-21 14:37:18.502   545 23519 D mm-camera-sensor: sensor_process:4093sctrl 0xf4c7c500 event 24
03-21 14:37:18.502   545 23519 D mm-camera-sensor: sensor_fc_store:176type 15 future_frame_id 2229
03-21 14:37:18.502   545 23519 D mm-camera-sensor: sensor_fc_report_meta:742[store meta] frame 2229 testpattern mode 0
03-21 14:37:18.502   545 23519 D mm-camera-sensor: sensor_util_traverse_port:579s_port=0xf4c78d00 event_func=0xf759dea1
03-21 14:37:18.502   545 23519 D mm-camera-sensor: sensor_util_unpack_identity:296session_id 1 stream id 15
03-21 14:37:18.502   545 23519 E mm-camera: af_port_event:4560  af_port_event: Received AF port event type: 1, dir: 1
03-21 14:37:18.502   545 23519 E mm-camera: af_port_handle_control_event:4382  af_port_handle_control_event: Handle Control event of type: 8
03-21 14:37:18.502   545 23509 E mm-camera-CORE: af_set_parameters:1009  af_set_parameters: Setting parameter: 27
03-21 14:37:18.503   545 23509 E mm-camera-CORE: af_set_parameters:1016  af_set_parameters: param=0xe47b1010 af_obj=0xebf8a000, type =27
03-21 14:37:18.503   545 23509 E mm-camera-CORE: af_util_update_output_data:1047  af_util_update_output_data: Update output data of type: 8192
