03-21 14:37:19.840   545 23508 E mm-camera: af_port_event:4560  af_port_event: Received AF port event type: 2, dir: 1
03-21 14:37:19.840   545 23508 E mm-camera: af_port_handle_module_event:2819  af_port_handle_module_event: Handle AF module event of type: 32
03-21 14:37:19.840   545 23508 E mm-camera: af_port_handle_module_event:3053  af_port_handle_module_event: Default. no action!
03-21 14:37:19.840   545 23508 E mm-camera: af_port_event:4610  af_port_event: X rc: 1
03-21 14:37:19.841   545 23508 D mm-camera-sensor: port_sensor_handle_aec_update:588[store meta] SENSOR_FRAME_CTRL_EXP_META future sof 2266
03-21 14:37:19.841   545 23508 D mm-camera-sensor: port_sensor_handle_aec_update:590stored data = g 6.258582 lux idx 313.626709
03-21 14:37:19.841   545 23508 D mm-camera-sensor: sensor_fc_store:176type 1 future_frame_id 2266
03-21 14:37:19.847   545 23470 E mm-camera: af_port_event:4560  af_port_event: Received AF port event type: 2, dir: 1
03-21 14:37:19.848   545 23470 E mm-camera: af_port_handle_module_event:2819  af_port_handle_module_event: Handle AF module event of type: 103
03-21 14:37:19.848   545 23470 E mm-camera: af_port_handle_module_event:3018  af_port_handle_module_event: Handle gravity vector data update!
03-21 14:37:19.848   545 23470 E mm-camera: af_port_handle_gravity_update:2084  af_port_handle_gravity_update: af_port->gravity_vector_data =-7.292738,af_port->gravity_vector_data_applied =-7.304157,diff=0.011418 
03-21 14:37:19.848   545 23470 E mm-camera: af_port_event:4610  af_port_event: X rc: 1
03-21 14:37:19.859   545 23470 E mm-camera: af_port_event:4560  af_port_event: Received AF port event type: 2, dir: 1
03-21 14:37:19.859   545 23470 E mm-camera: af_port_handle_module_event:2819  af_port_handle_module_event: Handle AF module event of type: 24
03-21 14:37:19.859   545 23470 E mm-camera: af_port_handle_module_event:2946  af_port_handle_module_event: Handle gyro data update!
03-21 14:37:19.859   545 23470 E mm-camera: af_port_handle_gyro_update:1971  af_port_handle_gyro_update: i: 0 q16: -19 flt: -0.000290
03-21 14:37:19.860   545 23470 E mm-camera: af_port_handle_gyro_update:1971  af_port_handle_gyro_update: i: 1 q16: -13 flt: -0.000198
03-21 14:37:19.860   545 23470 E mm-camera: af_port_handle_gyro_update:1971  af_port_handle_gyro_update: i: 2 q16: -41 flt: -0.000626
03-21 14:37:19.860   545 23470 E mm-camera: af_port_event:4610  af_port_event: X rc: 1
03-21 14:37:19.860   545 23509 E mm-camera-CORE: af_set_parameters:1009  af_set_parameters: Setting parameter: 19
03-21 14:37:19.860   545 23509 E mm-camera-CORE: af_set_parameters:1016  af_set_parameters: param=0xe47d3010 af_obj=0xebf8a000, type =19
03-21 14:37:19.860   545 23509 E mm-camera-CORE: af_util_update_output_data:1047  af_util_update_output_data: Update output data of type: 8192
03-21 14:37:19.860   545 23509 E mm-camera-CORE: af_util_update_output_data:1198  debug data not enabled
03-21 14:37:19.860   545 23509 E mm-camera: af_port_callback:1352  af_port_callback: AF port callback
03-21 14:37:19.865   545 23519 D mm-camera-sensor: module_sensor_handle_sof_notify:274identity=0x1000f, frame_id=2265
03-21 14:37:19.869   545 23508 D mm-camera-sensor: sensor_delay_out:177Exit
03-21 14:37:19.878   545 23472 E mm-camera: af_port_event:4560  af_port_event: Received AF port event type: 2, dir: 1
03-21 14:37:19.878   545 23472 E mm-camera: af_port_handle_module_event:2819  af_port_handle_module_event: Handle AF module event of type: 26
03-21 14:37:19.878   545 23472 E mm-camera: af_port_handle_module_event:2869  af_port_handle_module_event: Handle stats event
03-21 14:37:19.878   545 23472 E mm-camera: af_port_handle_stats_event:2354  af_port_handle_stats_event: Stats mask: 900
03-21 14:37:19.878   545 23472 E mm-camera: af_port_handle_stats_event:2368  af_port_handle_stats_event: stats_buf: 0xf0f25000
03-21 14:37:19.879   545 23472 E mm-camera: af_port_handle_stats_event:2375  af_port_handle_stats_event: BF_SCALE stats_buf: 0xf0f48000
03-21 14:37:19.879   545 23472 E mm-camera: af_fdprio_process:550  af_fdprio_process: Processing frame 2265
03-21 14:37:19.879   545 23472 E mm-camera: af_fdprio_process_counters_int:151  af_fdprio_process_counters_int:151 Process counters
03-21 14:37:19.879   545 23472 E mm-camera: af_port_event:4610  af_port_event: X rc: 1
03-21 14:37:19.879   545 23509 E mm-camera-CORE: af_process:713  af_process: Process AF stats!
03-21 14:37:19.879   545 23509 E mm-camera-CORE: af_process:767  af_process: AF Inactive. Initialize first! Returning!
03-21 14:37:19.888   545 23470 E mm-camera: af_port_event:4560  af_port_event: Received AF port event type: 2, dir: 1
03-21 14:37:19.888   545 23470 E mm-camera: af_port_handle_module_event:2819  af_port_handle_module_event: Handle AF module event of type: 24
03-21 14:37:19.888   545 23470 E mm-camera: af_port_handle_module_event:2946  af_port_handle_module_event: Handle gyro data update!
03-21 14:37:19.888   545 23470 E mm-camera: af_port_handle_gyro_update:1971  af_port_handle_gyro_update: i: 0 q16: 24 flt: 0.000366
03-21 14:37:19.888   545 23470 E mm-camera: af_port_handle_gyro_update:1971  af_port_handle_gyro_update: i: 1 q16: -93 flt: -0.001419
03-21 14:37:19.888   545 23470 E mm-camera: af_port_handle_gyro_update:1971  af_port_handle_gyro_update: i: 2 q16: -24 flt: -0.000366
03-21 14:37:19.888   545 23470 E mm-camera: af_port_event:4610  af_port_event: X rc: 1
03-21 14:37:19.888   545 23509 E mm-camera-CORE: af_set_parameters:1009  af_set_parameters: Setting parameter: 19
03-21 14:37:19.888   545 23509 E mm-camera-CORE: af_set_parameters:1016  af_set_parameters: param=0xe8c0f010 af_obj=0xebf8a000, type =19
03-21 14:37:19.888   545 23509 E mm-camera-CORE: af_util_update_output_data:1047  af_util_update_output_data: Update output data of type: 8192
03-21 14:37:19.889   545 23509 E mm-camera-CORE: af_util_update_output_data:1198  debug data not enabled
03-21 14:37:19.889   545 23509 E mm-camera: af_port_callback:1352  af_port_callback: AF port callback
03-21 14:37:19.889   545 23509 E mm-camera: af_port_handle_set_focus_mode_to_hal_type:1073  af_port_handle_set_focus_mode_to_hal_type mode 2
03-21 14:37:19.889   545 23509 E mm-camera: af_port_callback:1475  af_port_callback: x
03-21 14:37:19.897   545 23472 E mm-camera: af_port_event:4560  af_port_event: Received AF port event type: 2, dir: 1
03-21 14:37:19.898   545 23472 E mm-camera: af_port_handle_module_event:2819  af_port_handle_module_event: Handle AF module event of type: 26
03-21 14:37:19.898   545 23472 E mm-camera: af_port_handle_module_event:2869  af_port_handle_module_event: Handle stats event
03-21 14:37:19.898   545 23472 E mm-camera: af_port_event:4610  af_port_event: X rc: 1
03-21 14:37:19.898   545 23511 E mm-camera: af_port_event:4560  af_port_event: Received AF port event type: 2, dir: 1
03-21 14:37:19.898   545 23511 E mm-camera: af_port_handle_module_event:2819  af_port_handle_module_event: Handle AF module event of type: 22
03-21 14:37:19.898   545 23511 E mm-camera: af_port_handle_module_event:3053  af_port_handle_module_event: Default. no action!
03-21 14:37:19.898   545 23511 E mm-camera: af_port_event:4610  af_port_event: X rc: 1
03-21 14:37:19.898   545 23511 E mm-camera: afd_port_stats_done_callback:100  afd_port_stats_done_callback DONE AFD stats ACK back
03-21 14:37:19.899   545 23508 E AEC_PORT: aec_port_stats_done_callback:868  aec_port_stats_done_callback DONE AEC STATS ACK back
03-21 14:37:19.902   545 23538 D mm-camera-sensor: sensor_util_unpack_identity:296session_id 1 stream id 2
03-21 14:37:19.903   545 23538 D mm-camera-sensor: port_sensor_handle_upstream_module_event:834event id 37
03-21 14:37:19.903   545 23538 D mm-camera-sensor: port_sensor_handle_upstream_module_event:1051MCT_EVENT_MODULE_SOF_NOTIFY
03-21 14:37:19.903   545 23519 D mm-camera-sensor: sensor_util_unpack_identity:296session_id 1 stream id 15
03-21 14:37:19.903   545 23519 D mm-camera-sensor: module_sensor_module_process_event:4863event type 8 current_frame_id 2266 last_idx 2265
03-21 14:37:19.903   545 23519 D mm-camera-sensor: module_sensor_handle_sof_notify:274identity=0x1000f, frame_id=2266
03-21 14:37:19.903   545 23519 D mm-camera-sensor: sensor_fc_process:321[process 2266] SENSOR_FRAME_CTRL_EXP_META
03-21 14:37:19.903   545 23519 D mm-camera-sensor: sensor_fc_process:339post g 6.258582 lc 2875 lux 313.626709 cur sof 2266
03-21 14:37:19.903   545 23519 D mm-camera-sensor: sensor_fc_process:384[process 2266] SENSOR_FRAME_CTRL_POST_FRAME_DURATION 36954864
03-21 14:37:19.903   545 23519 D mm-camera-sensor: sensor_fc_process:375[process 2266] SENSOR_FRAME_CTRL_POST_EXP_TIME 29995832
03-21 14:37:19.903   545 23519 D mm-camera-sensor: sensor_fc_process:454[process 2266] SENSOR_FRAME_CTRL_CALCULATE_EXP_START_TIMESTAMP
03-21 14:37:19.903   545 23519 D mm-camera-sensor: sensor_process:4093sctrl 0xf4c7c500 event 22
03-21 14:37:19.903   545 23519 D mm-camera-sensor: sensor_get_exposure_starttime:3979sof 4001088210000 exposure time 29995832 line_readout 9049 adc_readout 8346
03-21 14:37:19.903   545 23519 D mm-camera-sensor: sensor_get_exposure_starttime:3989exposure timestamp 4001058196773
03-21 14:37:19.904   545 23519 D mm-camera-sensor: sensor_get_exposure_starttime:3995frame readout time 28232880
03-21 14:37:19.904   545 23519 D mm-camera-sensor: calculate_exposure_start_timestamp:114exposure start time 4001058196773
03-21 14:37:19.904   545 23519 D mm-camera-sensor: calculate_exposure_start_timestamp:115frame readout time 28232880
03-21 14:37:19.904   545 23519 D mm-camera-sensor: calculate_exposure_start_timestamp:120[process 2266] report exposure timestamp meta
03-21 14:37:19.904   545 23519 D mm-camera-sensor: calculate_exposure_start_timestamp:125[process 2266] report rolling shutter skew meta
03-21 14:37:19.905   545 23482 E mm-camera: af_port_handle_module_event:2819  af_port_handle_module_event: Handle AF module event of type: 39
03-21 14:37:19.905   545 23482 E mm-camera: af_port_handle_module_event:3053  af_port_handle_module_event: Default. no action!
03-21 14:37:19.905   545 23482 E mm-camera: af_port_event:4610  af_port_event: X rc: 1
03-21 14:37:19.905   545 23519 E mm-camera: af_port_event:4560  af_port_event: Received AF port event type: 2, dir: 1
03-21 14:37:19.905   545 23519 E mm-camera: af_port_handle_module_event:2819  af_port_handle_module_event: Handle AF module event of type: 32
03-21 14:37:19.905   545 23519 E mm-camera: af_port_handle_module_event:3053  af_port_handle_module_event: Default. no action!
03-21 14:37:19.905   545 23519 E mm-camera: af_port_event:4610  af_port_event: X rc: 1
03-21 14:37:19.905   545 23519 D mm-camera-sensor: module_sensor_handle_sof_notify:346led_off_count: -1
03-21 14:37:19.906   545 23519 D mm-camera-sensor: sensor_util_post_bus_sensor_params:1514aperture 2.000000
03-21 14:37:19.906   545 23519 D mm-camera-sensor: sensor_fc_report_meta:634cur_sof 2266 apply_frame_id 2267 led_apply_frame_id 2266
03-21 14:37:19.906   545 23519 D mm-camera-sensor: post_meta_flash:54flash_mode 0 flash_state 2
03-21 14:37:19.906   545 23519 D mm-camera-sensor: sensor_process:4093sctrl 0xf4c7c500 event 18
03-21 14:37:19.906   545 23519 D mm-camera-sensor: sensor_get_frame_duration:3798cur_fps_div 1137 cur_lc 2875 fll 3190 llpclk 5008 vt 480000000
03-21 14:37:19.906   545 23519 D mm-camera-sensor: sensor_get_frame_duration:3802fl_lines 3542
03-21 14:37:19.906   545 23519 D mm-camera-sensor: sensor_get_frame_duration:3813frame duration 36954864
03-21 14:37:19.906   545 23519 D mm-camera-sensor: sensor_fc_store:176type 9 future_frame_id 2267
03-21 14:37:19.906   545 23519 D mm-camera-sensor: sensor_fc_report_meta:670[store meta] frame 2267 frame_duration 36954864
03-21 14:37:19.906   545 23519 D mm-camera-sensor: sensor_process:4093sctrl 0xf4c7c500 event 20
03-21 14:37:19.906   545 23519 D mm-camera-sensor: sensor_get_exposure_time:3724sensor_get_exposure_time: line_length_pclk = 5008, current_linecount = 2875, vt_pixel_clk = 480000000
03-21 14:37:19.906   545 23519 D mm-camera-sensor: sensor_get_exposure_time:3732exp 29995832
03-21 14:37:19.906   545 23519 D mm-camera-sensor: sensor_fc_store:176type 8 future_frame_id 2267
03-21 14:37:19.906   545 23519 D mm-camera-sensor: sensor_fc_report_meta:689[store meta] frame 2267 exp time 29995832
03-21 14:37:19.906   545 23519 D mm-camera-sensor: sensor_fc_store:176type 6 future_frame_id 2267
03-21 14:37:19.908   370 23531 D QCamera2HWI: [KPI Perf] void qcamera::QCamera2HardwareInterface::debugShowPreviewFPS(): PROFILE_PREVIEW_FRAMES_PER_SECOND : 26.8878 Cam ID = 0
03-21 14:37:19.915   545 23472 E mm-camera: af_port_event:4560  af_port_event: Received AF port event type: 2, dir: 1
03-21 14:37:19.918   545 23470 E mm-camera: af_port_event:4560  af_port_event: Received AF port event type: 2, dir: 1
03-21 14:37:19.918   545 23470 E mm-camera: af_port_handle_module_event:2819  af_port_handle_module_event: Handle AF module event of type: 103
03-21 14:37:19.918   545 23470 E mm-camera: af_port_handle_module_event:3018  af_port_handle_module_event: Handle gravity vector data update!
03-21 14:37:19.918   545 23470 E mm-camera: af_port_handle_gravity_update:2084  af_port_handle_gravity_update: af_port->gravity_vector_data =-7.292338,af_port->gravity_vector_data_applied =-7.304157,diff=0.011819 
03-21 14:37:19.918   545 23470 E mm-camera: af_port_event:4610  af_port_event: X rc: 1
03-21 14:37:19.928   545 23470 E mm-camera: af_port_event:4560  af_port_event: Received AF port event type: 2, dir: 1
03-21 14:37:19.928   545 23470 E mm-camera: af_port_handle_module_event:2819  af_port_handle_module_event: Handle AF module event of type: 24
03-21 14:37:19.928   545 23470 E mm-camera: af_port_handle_module_event:2946  af_port_handle_module_event: Handle gyro data update!
03-21 14:37:19.928   545 23470 E mm-camera: af_port_handle_gyro_update:1971  af_port_handle_gyro_update: i: 0 q16: -103 flt: -0.001572
03-21 14:37:19.928   545 23470 E mm-camera: af_port_handle_gyro_update:1971  af_port_handle_gyro_update: i: 1 q16: 35 flt: 0.000534
03-21 14:37:19.928   545 23470 E mm-camera: af_port_handle_gyro_update:1971  af_port_handle_gyro_update: i: 2 q16: 10 flt: 0.000153
03-21 14:37:19.928   545 23470 E mm-camera: af_port_event:4610  af_port_event: X rc: 1
03-21 14:37:19.928   545 23509 E mm-camera-CORE: af_set_parameters:1009  af_set_parameters: Setting parameter: 19
03-21 14:37:19.928   545 23509 E mm-camera-CORE: af_set_parameters:1016  af_set_parameters: param=0xe47f1010 af_obj=0xebf8a000, type =19
03-21 14:37:19.928   545 23509 E mm-camera-CORE: af_util_update_output_data:1047  af_util_update_output_data: Update output data of type: 8192
03-21 14:37:19.928   545 23509 E mm-camera-CORE: af_util_update_output_data:1198  debug data not enabled
03-21 14:37:19.929   545 23509 E mm-camera: af_port_callback:1352  af_port_callback: AF port callback
03-21 14:37:19.929   545 23509 E mm-camera: af_port_handle_set_focus_mode_to_hal_type:1073  af_port_handle_set_focus_mode_to_hal_type mode 2
03-21 14:37:19.929   545 23509 E mm-camera: af_port_callback:1475  af_port_callback: x
03-21 14:37:19.937   545 23472 E mm-camera: af_port_event:4560  af_port_event: Received AF port event type: 2, dir: 1
03-21 14:37:19.937   545 23472 E mm-camera: af_port_handle_module_event:2819  af_port_handle_module_event: Handle AF module event of type: 26
03-21 14:37:19.937   545 23472 E mm-camera: af_port_handle_module_event:2869  af_port_handle_module_event: Handle stats event
03-21 14:37:19.937   545 23472 E mm-camera: af_port_event:4610  af_port_event: X rc: 1
03-21 14:37:19.937   545 23511 E mm-camera: af_port_event:4560  af_port_event: Received AF port event type: 2, dir: 1
03-21 14:37:19.938   545 23511 E mm-camera: af_port_handle_module_event:2819  af_port_handle_module_event: Handle AF module event of type: 22
03-21 14:37:19.938   545 23511 E mm-camera: af_port_handle_module_event:3053  af_port_handle_module_event: Default. no action!
03-21 14:37:19.938   545 23511 E mm-camera: af_port_event:4610  af_port_event: X rc: 1
03-21 14:37:19.938   545 23511 E mm-camera: afd_port_stats_done_callback:100  afd_port_stats_done_callback DONE AFD stats ACK back
03-21 14:37:19.938   545 23538 D mm-camera-sensor: sensor_util_unpack_identity:296session_id 1 stream id 2
03-21 14:37:19.938   545 23538 D mm-camera-sensor: port_sensor_handle_upstream_module_event:834event id 37
03-21 14:37:19.938   545 23538 D mm-camera-sensor: port_sensor_handle_upstream_module_event:1051MCT_EVENT_MODULE_SOF_NOTIFY
03-21 14:37:19.938   545 23519 D mm-camera-sensor: sensor_util_unpack_identity:296session_id 1 stream id 15
03-21 14:37:19.938   545 23519 D mm-camera-sensor: module_sensor_module_process_event:4863event type 8 current_frame_id 2267 last_idx 2266
03-21 14:37:19.938   545 23519 D mm-camera-sensor: module_sensor_handle_sof_notify:274identity=0x1000f, frame_id=2267
03-21 14:37:19.938   545 23508 E AEC_PORT: aec_port_stats_done_callback:868  aec_port_stats_done_callback DONE AEC STATS ACK back
03-21 14:37:19.938   545 23519 D mm-camera-sensor: sensor_fc_process:321[process 2267] SENSOR_FRAME_CTRL_EXP_META
03-21 14:37:19.938   545 23508 E mm-camera: awb_port_stats_done_callback:625  awb_port_stats_done_callback DONE AWB STATS ACK back
03-21 14:37:19.939   545 23519 D mm-camera-sensor: sensor_fc_process:339post g 6.258582 lc 2875 lux 313.632324 cur sof 2267
03-21 14:37:19.939   545 23519 D mm-camera-sensor: sensor_fc_process:384[process 2267] SENSOR_FRAME_CTRL_POST_FRAME_DURATION 36954864
03-21 14:37:19.939   545 23519 D mm-camera-sensor: sensor_fc_process:375[process 2267] SENSOR_FRAME_CTRL_POST_EXP_TIME 29995832
03-21 14:37:19.939   545 23519 D mm-camera-sensor: sensor_fc_process:454[process 2267] SENSOR_FRAME_CTRL_CALCULATE_EXP_START_TIMESTAMP
03-21 14:37:19.939   545 23519 D mm-camera-sensor: sensor_process:4093sctrl 0xf4c7c500 event 22
03-21 14:37:19.939   545 23519 D mm-camera-sensor: sensor_get_exposure_starttime:3979sof 4001125167000 exposure time 29995832 line_readout 9049 adc_readout 8346
03-21 14:37:19.939   545 23519 D mm-camera-sensor: sensor_get_exposure_starttime:3989exposure timestamp 4001095153773
03-21 14:37:19.939   545 23519 D mm-camera-sensor: sensor_get_exposure_starttime:3995frame readout time 28232880
03-21 14:37:19.939   545 23519 D mm-camera-sensor: calculate_exposure_start_timestamp:114exposure start time 4001095153773
03-21 14:37:19.939   545 23519 D mm-camera-sensor: calculate_exposure_start_timestamp:115frame readout time 28232880
03-21 14:37:19.939   545 23519 D mm-camera-sensor: calculate_exposure_start_timestamp:120[process 2267] report exposure timestamp meta
03-21 14:37:19.939   545 23519 D mm-camera-sensor: calculate_exposure_start_timestamp:125[process 2267] report rolling shutter skew meta
03-21 14:37:19.939   545 23519 D mm-camera-sensor: sensor_fc_process:393[process 2267] SENSOR_FRAME_CTRL_POST_SENSITIVITY 312
03-21 14:37:19.939   545 23519 D mm-camera-sensor: sensor_fc_process:495post frame 2267 test_pattern mode 0
03-21 14:37:19.939   545 23519 D mm-camera-sensor: sensor_process:4093sctrl 0xf4c7c500 event 38
03-21 14:37:19.939   545 23519 D mm-camera-sensor: sensor_set_vfe_sof:1023AE Bracketing not enabled
03-21 14:37:19.939   545 23519 D mm-camera-sensor: sensor_process:4093sctrl 0xf4c7c500 event 9
03-21 14:37:19.939   545 23519 D mm-camera-sensor: sensor_get_digital_gain:1361enter
03-21 14:37:19.939   545 23519 D mm-camera-sensor: sensor_get_digital_gain:1367digital gain 1.002351
03-21 14:37:19.940   545 23519 D mm-camera-sensor: sensor_get_digital_gain:1368exit
03-21 14:37:19.940   545 23519 D mm-camera-sensor: sensor_util_src_port_identity_find_func:362port=0xf4c78d00; required identity=0x1000f
03-21 14:37:19.940   545 23519 D mm-camera-sensor: sensor_util_find_stream_with_streamtype:887id1=10, id2=10
03-21 14:37:19.940   545 23519 D mm-camera-sensor: sensor_util_get_session_stream_identity:933session based identity 0x1000f
03-21 14:37:19.940   545 23519 D mm-camera-sensor: sensor_util_traverse_port:579s_port=0xf4c78d00 event_func=0xf759dea1
03-21 14:37:19.940   545 23519 D mm-camera-sensor: sensor_util_unpack_identity:296session_id 1 stream id 15
03-21 14:37:19.940   545 23519 E mm-camera: af_port_event:4560  af_port_event: Received AF port event type: 2, dir: 1
03-21 14:37:19.941   545 23519 E mm-camera: af_port_handle_module_event:2819  af_port_handle_module_event: Handle AF module event of type: 32
03-21 14:37:19.951   545 23470 E mm-camera: af_port_event:4560  af_port_event: Received AF port event type: 2, dir: 1
03-21 14:37:19.951   545 23470 E mm-camera: af_port_handle_module_event:2819  af_port_handle_module_event: Handle AF module event of type: 103
03-21 14:37:19.951   545 23470 E mm-camera: af_port_handle_module_event:3018  af_port_handle_module_event: Handle gravity vector data update!
03-21 14:37:19.951   545 23470 E mm-camera: af_port_handle_gravity_update:2084  af_port_handle_gravity_update: af_port->gravity_vector_data =-7.292584,af_port->gravity_vector_data_applied =-7.304157,diff=0.011572 
03-21 14:37:19.951   545 23470 E mm-camera: af_port_event:4610  af_port_event: X rc: 1
03-21 14:37:19.951   545 23509 E mm-camera-CORE: af_set_parameters:1009  af_set_parameters: Setting parameter: 17
03-21 14:37:19.951   545 23509 E mm-camera-CORE: af_set_parameters:1016  af_set_parameters: param=0xe47d3010 af_obj=0xebf8a000, type =17
03-21 14:37:19.951   545 23509 E mm-camera-CORE: af_util_update_output_data:1047  af_util_update_output_data: Update output data of type: 8192
03-21 14:37:19.951   545 23509 E mm-camera-CORE: af_util_update_output_data:1198  debug data not enabled
03-21 14:37:19.951   545 23509 E mm-camera: af_port_callback:1352  af_port_callback: AF port callback
03-21 14:37:19.951   545 23509 E mm-camera: af_port_handle_set_focus_mode_to_hal_type:1073  af_port_handle_set_focus_mode_to_hal_type mode 2
03-21 14:37:19.951   545 23509 E mm-camera: af_port_callback:1475  af_port_callback: x
03-21 14:37:19.952   545 23472 E mm-camera: af_port_event:4560  af_port_event: Received AF port event type: 2, dir: 1
03-21 14:37:19.952   545 23472 E mm-camera: af_port_handle_module_event:2819  af_port_handle_module_event: Handle AF module event of type: 26
03-21 14:37:19.952   545 23472 E mm-camera: af_port_handle_module_event:2869  af_port_handle_module_event: Handle stats event
03-21 14:37:19.952   545 23472 E mm-camera: af_port_handle_stats_event:2354  af_port_handle_stats_event: Stats mask: 900
03-21 14:37:19.952   545 23472 E mm-camera: af_port_handle_stats_event:2368  af_port_handle_stats_event: stats_buf: 0xf0f25000
03-21 14:37:19.952   545 23472 E mm-camera: af_port_handle_stats_event:2375  af_port_handle_stats_event: BF_SCALE stats_buf: 0xf0f48000
03-21 14:37:19.952   545 23472 E mm-camera: af_fdprio_process:550  af_fdprio_process: Processing frame 2267
03-21 14:37:19.952   545 23472 E mm-camera: af_fdprio_process_counters_int:151  af_fdprio_process_counters_int:151 Process counters
03-21 14:37:19.952   545 23472 E mm-camera: af_port_event:4610  af_port_event: X rc: 1
03-21 14:37:19.952   545 23509 E mm-camera-CORE: af_process:713  af_process: Process AF stats!
03-21 14:37:19.952   545 23509 E mm-camera-CORE: af_process:767  af_process: AF Inactive. Initialize first! Returning!
03-21 14:37:19.952   545 23509 E mm-camera: af_port_callback:1352  af_port_callback: AF port callback
03-21 14:37:19.952   545 23509 E mm-camera: af_port_callback:1475  af_port_callback: x
03-21 14:37:19.953   545 23509 E mm-camera: af_port_stats_done_callback:1318  af_port_stats_done_callback DONE AF STATS ACK back
03-21 14:37:19.953   545 23509 E mm-camera: af_port_event:4560  af_port_event: Received AF port event type: 2, dir: 0
03-21 14:37:19.953   545 23509 E mm-camera: af_port_event:4598  af_port_event: up event send to peer
03-21 14:37:19.953   545 23509 E mm-camera: af_port_event:4601  af_port_event: up event sent
03-21 14:37:19.953   545 23509 E mm-camera: af_port_event:4610  af_port_event: X rc: 1
03-21 14:37:19.965  2892  5168 E LocSvc_ApiV02: I/<--- void globalEventCb(locClientHandleType, uint32_t, locClientEventIndUnionType, void*) line 86 QMI_LOC_EVENT_NMEA_IND_V02
03-21 14:37:19.966  2892  5168 E LocSvc_ApiV02: I/<--- void globalEventCb(locClientHandleType, uint32_t, locClientEventIndUnionType, void*) line 86 QMI_LOC_EVENT_NMEA_IND_V02
03-21 14:37:19.966  2892  5168 E LocSvc_ApiV02: I/<--- void globalEventCb(locClientHandleType, uint32_t, locClientEventIndUnionType, void*) line 86 QMI_LOC_EVENT_NMEA_IND_V02
03-21 14:37:19.966  2892  5168 E LocSvc_ApiV02: I/<--- void globalEventCb(locClientHandleType, uint32_t, locClientEventIndUnionType, void*) line 86 QMI_LOC_EVENT_GNSS_SV_INFO_IND_V02
03-21 14:37:19.966  2892  5168 E LocSvc_ApiV02: I/<--- void globalEventCb(locClientHandleType, uint32_t, locClientEventIndUnionType, void*) line 86 QMI_LOC_EVENT_NMEA_IND_V02
03-21 14:37:19.966  2892  5168 E LocSvc_ApiV02: I/<--- void globalEventCb(locClientHandleType, uint32_t, locClientEventIndUnionType, void*) line 86 QMI_LOC_EVENT_NMEA_IND_V02
03-21 14:37:19.966  2892  5168 E LocSvc_ApiV02: I/<--- void globalEventCb(locClientHandleType, uint32_t, locClientEventIndUnionType, void*) line 86 QMI_LOC_EVENT_POSITION_REPORT_IND_V02
03-21 14:37:19.966  2892  5087 E LocSvc_eng: I/<=== nmea_cb line 929 51
03-21 14:37:19.967  2892  5087 E LocSvc_eng: I/<=== nmea_cb line 929 25
03-21 14:37:19.967  2892  5087 E LocSvc_eng: I/<=== nmea_cb line 929 30
03-21 14:37:19.967  2892  5087 E LocSvc_afw: I/<=== sv_status_cb - line 1170 12
03-21 14:37:19.967  2892  5087 E LocSvc_eng: I/<=== nmea_cb line 929 26
03-21 14:37:19.967  2892  5087 E LocSvc_eng: I/<=== nmea_cb line 929 25
03-21 14:37:19.969   545 23470 E mm-camera: af_port_event:4560  af_port_event: Received AF port event type: 2, dir: 1
03-21 14:37:19.969   545 23470 E mm-camera: af_port_handle_module_event:2819  af_port_handle_module_event: Handle AF module event of type: 24
03-21 14:37:19.969   545 23470 E mm-camera: af_port_handle_module_event:2946  af_port_handle_module_event: Handle gyro data update!
03-21 14:37:19.970   545 23470 E mm-camera: af_port_handle_gyro_update:1971  af_port_handle_gyro_update: i: 0 q16: 56 flt: 0.000854
03-21 14:37:19.970   545 23470 E mm-camera: af_port_handle_gyro_update:1971  af_port_handle_gyro_update: i: 1 q16: -128 flt: -0.001953
03-21 14:37:19.970   545 23470 E mm-camera: af_port_handle_gyro_update:1971  af_port_handle_gyro_update: i: 2 q16: -16 flt: -0.000244
03-21 14:37:19.970   545 23470 E mm-camera: af_port_event:4610  af_port_event: X rc: 1
03-21 14:37:19.970   545 23509 E mm-camera-CORE: af_set_parameters:1009  af_set_parameters: Setting parameter: 19
03-21 14:37:19.970   545 23509 E mm-camera-CORE: af_set_parameters:1016  af_set_parameters: param=0xe4723010 af_obj=0xebf8a000, type =19
03-21 14:37:19.970   545 23509 E mm-camera-CORE: af_util_update_output_data:1047  af_util_update_output_data: Update output data of type: 8192
03-21 14:37:19.970   545 23509 E mm-camera-CORE: af_util_update_output_data:1198  debug data not enabled
03-21 14:37:19.970   545 23509 E mm-camera: af_port_callback:1352  af_port_callback: AF port callback
03-21 14:37:19.970   545 23509 E mm-camera: af_port_handle_set_focus_mode_to_hal_type:1073  af_port_handle_set_focus_mode_to_hal_type mode 2
03-21 14:37:19.971   545 23509 E mm-camera: af_port_callback:1475  af_port_callback: x
03-21 14:37:19.971   545 23472 E mm-camera: af_port_event:4560  af_port_event: Received AF port event type: 2, dir: 1
03-21 14:37:19.971   545 23472 E mm-camera: af_port_handle_module_event:2819  af_port_handle_module_event: Handle AF module event of type: 26
03-21 14:37:19.971   545 23472 E mm-camera: af_port_handle_module_event:2869  af_port_handle_module_event: Handle stats event
03-21 14:37:19.971   545 23472 E mm-camera: af_port_event:4610  af_port_event: X rc: 1
03-21 14:37:19.972   545 23511 E mm-camera: af_port_event:4560  af_port_event: Received AF port event type: 2, dir: 1
03-21 14:37:19.972   545 23511 E mm-camera: af_port_handle_module_event:2819  af_port_handle_module_event: Handle AF module event of type: 22
03-21 14:37:19.972   545 23511 E mm-camera: af_port_handle_module_event:3053  af_port_handle_module_event: Default. no action!
03-21 14:37:19.972   545 23511 E mm-camera: af_port_event:4610  af_port_event: X rc: 1
03-21 14:37:19.972   545 23511 E mm-camera: afd_port_stats_done_callback:100  afd_port_stats_done_callback DONE AFD stats ACK back
03-21 14:37:19.973   545 23508 E AEC_PORT: aec_port_stats_done_callback:868  aec_port_stats_done_callback DONE AEC STATS ACK back
03-21 14:37:19.977   545 23470 E mm-camera: af_port_event:4560  af_port_event: Received AF port event type: 2, dir: 1
03-21 14:37:19.977   545 23470 E mm-camera: af_port_handle_module_event:2819  af_port_handle_module_event: Handle AF module event of type: 103
03-21 14:37:19.977   545 23470 E mm-camera: af_port_handle_module_event:3018  af_port_handle_module_event: Handle gravity vector data update!
03-21 14:37:19.977   545 23470 E mm-camera: af_port_handle_gravity_update:2084  af_port_handle_gravity_update: af_port->gravity_vector_data =-7.293031,af_port->gravity_vector_data_applied =-7.304157,diff=0.011126 
03-21 14:37:19.977   545 23470 E mm-camera: af_port_event:4610  af_port_event: X rc: 1
03-21 14:37:19.978   545 23538 D mm-camera-sensor: sensor_util_unpack_identity:296session_id 1 stream id 2
03-21 14:37:19.978   545 23538 D mm-camera-sensor: port_sensor_handle_upstream_module_event:834event id 37
03-21 14:37:19.978   545 23538 D mm-camera-sensor: port_sensor_handle_upstream_module_event:1051MCT_EVENT_MODULE_SOF_NOTIFY
03-21 14:37:19.978   545 23519 D mm-camera-sensor: sensor_util_unpack_identity:296session_id 1 stream id 15
03-21 14:37:19.979   545 23519 D mm-camera-sensor: module_sensor_module_process_event:4863event type 8 current_frame_id 2268 last_idx 2267
03-21 14:37:19.979   545 23519 D mm-camera-sensor: module_sensor_handle_sof_notify:274identity=0x1000f, frame_id=2268
03-21 14:37:19.979   545 23519 D mm-camera-sensor: sensor_fc_process:321[process 2268] SENSOR_FRAME_CTRL_EXP_META
03-21 14:37:19.980   545 23508 E mm-camera: awb_port_stats_done_callback:625  awb_port_stats_done_callback DONE AWB STATS ACK back
03-21 14:37:19.985   545 23508 E mm-camera: af_port_handle_module_event:2819  af_port_handle_module_event: Handle AF module event of type: 11
03-21 14:37:19.985   545 23508 E mm-camera: af_port_handle_module_event:2878  af_port_handle_module_event: Handle aec update
03-21 14:37:19.985   545 23508 E mm-camera: af_port_handle_aec_update:1924  af_port_handle_aec_update: preview_fps 27.000000, exp time 0.030042
03-21 14:37:19.985   545 23508 E mm-camera: af_port_handle_aec_update:1925  af_port_handle_aec_update: Bv_af: 0.543214
03-21 14:37:19.984   545 23519 E mm-camera: af_port_event:4601  af_port_event: up event sent
03-21 14:37:19.985   545 23508 E mm-camera: af_port_event:4610  af_port_event: X rc: 1
03-21 14:37:19.985   545 23519 E mm-camera: af_port_event:4610  af_port_event: X rc: 1
03-21 14:37:19.985   545 23519 E mm-camera: af_port_event:4560  af_port_event: Received AF port event type: 2, dir: 0
03-21 14:37:19.985   545 23519 E mm-camera: af_port_event:4598  af_port_event: up event send to peer
03-21 14:37:19.986   545 23519 E mm-camera: af_port_event:4601  af_port_event: up event sent
03-21 14:37:19.986   545 23519 E mm-camera: af_port_event:4610  af_port_event: X rc: 1
03-21 14:37:19.986   545 23508 D mm-camera-sensor: sensor_util_unpack_identity:296session_id 1 stream id 2
03-21 14:37:19.986   545 23519 E mm-camera: af_port_event:4610  af_port_event: X rc: 1
03-21 14:37:19.986   545 23508 D mm-camera-sensor: port_sensor_handle_upstream_module_event:834event id 12
03-21 14:37:19.986   545 23508 D mm-camera-sensor: port_sensor_handle_upstream_module_event:878stats update awb hdr
03-21 14:37:19.986   545 23519 D mm-camera-sensor: sensor_util_unpack_identity:296session_id 1 stream id 15
03-21 14:37:19.986   545 23508 D mm-camera-sensor: sensor_process:4093sctrl 0xf4c7c500 event 65
03-21 14:37:19.986   545 23509 E mm-camera-CORE: af_set_parameters:1009  af_set_parameters: Setting parameter: 17
03-21 14:37:19.986   545 23519 D mm-camera-sensor: port_sensor_handle_upstream_module_event:834event id 30
03-21 14:37:19.986   545 23519 D mm-camera-sensor: sensor_process:4093sctrl 0xf4c7c500 event 5
03-21 14:37:19.986   545 23509 E mm-camera-CORE: af_set_parameters:1016  af_set_parameters: param=0xe8c09010 af_obj=0xebf8a000, type =17
03-21 14:37:19.986   545 23508 E mm-camera: af_port_event:4560  af_port_event: Received AF port event type: 2, dir: 1
03-21 14:37:19.986   545 23519 D mm-camera-sensor: sensor_get_cur_fps:514enter
03-21 14:37:19.986   545 23509 E mm-camera-CORE: af_util_update_output_data:1047  af_util_update_output_data: Update output data of type: 8192
03-21 14:37:19.986   545 23508 E mm-camera: af_port_handle_module_event:2819  af_port_handle_module_event: Handle AF module event of type: 12
03-21 14:37:19.986   545 23519 D mm-camera-sensor: sensor_get_cur_fps:534exit
03-21 14:37:19.986   545 23509 E mm-camera-CORE: af_util_update_output_data:1198  debug data not enabled
03-21 14:37:19.986   545 23508 E mm-camera: af_port_event:4610  af_port_event: X rc: 1
03-21 14:37:19.986   545 23509 E mm-camera: af_port_callback:1352  af_port_callback: AF port callback
03-21 14:37:19.986   545 23509 E mm-camera: af_port_handle_set_focus_mode_to_hal_type:1073  af_port_handle_set_focus_mode_to_hal_type mode 2
03-21 14:37:19.986   545 23509 E mm-camera: af_port_callback:1475  af_port_callback: x
03-21 14:37:19.987   545 23519 E mm-camera: af_port_event:4560  af_port_event: Received AF port event type: 2, dir: 1
03-21 14:37:19.987   545 23519 E mm-camera: af_port_handle_module_event:2819  af_port_handle_module_event: Handle AF module event of type: 46
03-21 14:37:19.987   545 23519 E mm-camera: af_port_handle_module_event:2895  af_port_handle_module_event: Handle stream crop event
03-21 14:37:19.988   545 23519 E mm-camera: af_port_handle_stream_crop_event:2454  af_port_handle_stream_crop_event: pp_x: 0 pp_y: 0 pp_crop_out_x: 1440 pp_crop_out_y: 1080vfe_map_x: 23 vfe_map_y: 0 vfe_map_width: 4160 vfe_map_height: 3120
03-21 14:37:19.988   545 23519 E mm-camera: af_port_event:4610  af_port_event: X rc: 1
03-21 14:37:19.989   545 23472 E mm-camera: af_port_event:4560  af_port_event: Received AF port event type: 2, dir: 1
03-21 14:37:19.989   545 23472 E mm-camera: af_port_handle_module_event:2819  af_port_handle_module_event: Handle AF module event of type: 26
03-21 14:37:19.989   545 23472 E mm-camera: af_port_handle_module_event:2869  af_port_handle_module_event: Handle stats event
03-21 14:37:19.989   545 23472 E mm-camera: af_port_handle_stats_event:2354  af_port_handle_stats_event: Stats mask: 900
03-21 14:37:19.989   545 23472 E mm-camera: af_port_handle_stats_event:2368  af_port_handle_stats_event: stats_buf: 0xf0f25000
03-21 14:37:19.989   545 23472 E mm-camera: af_port_handle_stats_event:2375  af_port_handle_stats_event: BF_SCALE stats_buf: 0xf0f48000
03-21 14:37:19.989   545 23472 E mm-camera: af_fdprio_process:550  af_fdprio_process: Processing frame 2268
03-21 14:37:19.989   545 23472 E mm-camera: af_fdprio_process_counters_int:151  af_fdprio_process_counters_int:151 Process counters
03-21 14:37:19.989   545 23472 E mm-camera: af_port_event:4610  af_port_event: X rc: 1
03-21 14:37:19.992   545 23509 E mm-camera-CORE: af_set_parameters:1009  af_set_parameters: Setting parameter: 21
03-21 14:37:19.992   545 23509 E mm-camera-CORE: af_set_parameters:1016  af_set_parameters: param=0xe8c0d010 af_obj=0xebf8a000, type =21
03-21 14:37:19.992   545 23509 E mm-camera-CORE: af_util_update_output_data:1047  af_util_update_output_data: Update output data of type: 8192
03-21 14:37:19.992   545 23509 E mm-camera-CORE: af_util_update_output_data:1198  debug data not enabled
03-21 14:37:19.992   545 23509 E mm-camera: af_port_callback:1352  af_port_callback: AF port callback
03-21 14:37:19.992   545 23509 E mm-camera: af_port_handle_set_focus_mode_to_hal_type:1073  af_port_handle_set_focus_mode_to_hal_type mode 2
03-21 14:37:19.992   545 23509 E mm-camera: af_port_callback:1475  af_port_callback: x
03-21 14:37:19.992   545 23509 E mm-camera-CORE: af_process:713  af_process: Process AF stats!
03-21 14:37:19.992   545 23509 E mm-camera-CORE: af_process:767  af_process: AF Inactive. Initialize first! Returning!
03-21 14:37:19.992   545 23509 E mm-camera: af_port_callback:1352  af_port_callback: AF port callback
03-21 14:37:19.992   545 23509 E mm-camera: af_port_callback:1475  af_port_callback: x
03-21 14:37:19.992   545 23509 E mm-camera: af_port_stats_done_callback:1318  af_port_stats_done_callback DONE AF STATS ACK back
03-21 14:37:19.992   545 23509 E mm-camera: af_port_event:4560  af_port_event: Received AF port event type: 2, dir: 0
03-21 14:37:19.993   545 23509 E mm-camera: af_port_event:4598  af_port_event: up event send to peer
03-21 14:37:19.993   545 23509 E mm-camera: af_port_event:4601  af_port_event: up event sent
03-21 14:37:19.993   545 23509 E mm-camera: af_port_event:4610  af_port_event: X rc: 1
03-21 14:37:19.993   545 23519 D mm-camera-sensor: sensor_util_unpack_identity:296session_id 1 stream id 15
03-21 14:37:19.993   545 23519 D mm-camera-sensor: module_sensor_module_process_event:4863event type 17 current_frame_id 0 last_idx 2268
03-21 14:37:19.993   545 23519 D mm-camera-sensor: sensor_util_traverse_port:579s_port=0xf4c78d00 event_func=0xf759dea1
03-21 14:37:19.993   545 23519 D mm-camera-sensor: sensor_util_unpack_identity:296session_id 1 stream id 15
03-21 14:37:19.993   545 23519 E mm-camera: af_port_event:4560  af_port_event: Received AF port event type: 1, dir: 1
03-21 14:37:19.994   545 23519 E mm-camera: af_port_handle_control_event:4382  af_port_handle_control_event: Handle Control event of type: 17
03-21 14:37:19.994   545 23519 E mm-camera: af_port_event:4610  af_port_event: X rc: 1
03-21 14:37:19.999   545 23470 E mm-camera: af_port_event:4560  af_port_event: Received AF port event type: 2, dir: 1
03-21 14:37:19.999   545 23470 E mm-camera: af_port_handle_module_event:2819  af_port_handle_module_event: Handle AF module event of type: 24
03-21 14:37:19.999   545 23470 E mm-camera: af_port_handle_module_event:2946  af_port_handle_module_event: Handle gyro data update!
03-21 14:37:19.999   545 23470 E mm-camera: af_port_handle_gyro_update:1971  af_port_handle_gyro_update: i: 0 q16: 126 flt: 0.001923
03-21 14:37:19.999   545 23470 E mm-camera: af_port_handle_gyro_update:1971  af_port_handle_gyro_update: i: 1 q16: -100 flt: -0.001526
03-21 14:37:19.999   545 23470 E mm-camera: af_port_handle_gyro_update:1971  af_port_handle_gyro_update: i: 2 q16: -75 flt: -0.001144
03-21 14:37:19.999   545 23470 E mm-camera: af_port_event:4610  af_port_event: X rc: 1
03-21 14:37:19.999   545 23509 E mm-camera-CORE: af_set_parameters:1009  af_set_parameters: Setting parameter: 19
03-21 14:37:19.999   545 23509 E mm-camera-CORE: af_set_parameters:1016  af_set_parameters: param=0xe4797010 af_obj=0xebf8a000, type =19
03-21 14:37:19.999   545 23509 E mm-camera-CORE: af_util_update_output_data:1047  af_util_update_output_data: Update output data of type: 8192
03-21 14:37:19.999   545 23509 E mm-camera-CORE: af_util_update_output_data:1198  debug data not enabled
03-21 14:37:19.999   545 23509 E mm-camera: af_port_callback:1352  af_port_callback: AF port callback
03-21 14:37:19.999   545 23509 E mm-camera: af_port_handle_set_focus_mode_to_hal_type:1073  af_port_handle_set_focus_mode_to_hal_type mode 2
03-21 14:37:20.000   545 23509 E mm-camera: af_port_callback:1475  af_port_callback: x
03-21 14:37:20.010   545 23472 E mm-camera: af_port_event:4560  af_port_event: Received AF port event type: 2, dir: 1
03-21 14:37:20.010   545 23472 E mm-camera: af_port_handle_module_event:2819  af_port_handle_module_event: Handle AF module event of type: 26
03-21 14:37:20.010   545 23472 E mm-camera: af_port_handle_module_event:2869  af_port_handle_module_event: Handle stats event
03-21 14:37:20.010   545 23472 E mm-camera: af_port_event:4610  af_port_event: X rc: 1
03-21 14:37:20.010   545 23511 E mm-camera: af_port_event:4560  af_port_event: Received AF port event type: 2, dir: 1
03-21 14:37:20.010   545 23511 E mm-camera: af_port_handle_module_event:2819  af_port_handle_module_event: Handle AF module event of type: 22
03-21 14:37:20.010   545 23511 E mm-camera: af_port_handle_module_event:3053  af_port_handle_module_event: Default. no action!
03-21 14:37:20.010   545 23511 E mm-camera: af_port_event:4610  af_port_event: X rc: 1
03-21 14:37:20.010   545 23511 E mm-camera: afd_port_stats_done_callback:100  afd_port_stats_done_callback DONE AFD stats ACK back
03-21 14:37:20.011   545 23508 E AEC_PORT: aec_port_stats_done_callback:868  aec_port_stats_done_callback DONE AEC STATS ACK back
03-21 14:37:20.011   545 23508 E mm-camera: awb_port_stats_done_callback:625  awb_port_stats_done_callback DONE AWB STATS ACK back
03-21 14:37:20.012   545 23538 D mm-camera-sensor: sensor_util_unpack_identity:296session_id 1 stream id 2
03-21 14:37:20.012   545 23538 D mm-camera-sensor: port_sensor_handle_upstream_module_event:834event id 37
03-21 14:37:20.012   545 23538 D mm-camera-sensor: port_sensor_handle_upstream_module_event:1051MCT_EVENT_MODULE_SOF_NOTIFY
03-21 14:37:20.012   545 23519 D mm-camera-sensor: sensor_util_unpack_identity:296session_id 1 stream id 15
03-21 14:37:20.012   545 23519 D mm-camera-sensor: module_sensor_module_process_event:4863event type 8 current_frame_id 2269 last_idx 2268
03-21 14:37:20.012   545 23519 D mm-camera-sensor: module_sensor_handle_sof_notify:274identity=0x1000f, frame_id=2269
03-21 14:37:20.012   545 23519 D mm-camera-sensor: sensor_fc_process:321[process 2269] SENSOR_FRAME_CTRL_EXP_META
03-21 14:37:20.012   545 23519 D mm-camera-sensor: sensor_fc_process:339post g 6.258582 lc 2875 lux 313.617340 cur sof 2269
03-21 14:37:20.013   545 23519 D mm-camera-sensor: sensor_fc_process:384[process 2269] SENSOR_FRAME_CTRL_POST_FRAME_DURATION 36954864
03-21 14:37:20.013   545 23519 D mm-camera-sensor: sensor_fc_process:375[process 2269] SENSOR_FRAME_CTRL_POST_EXP_TIME 29995832
03-21 14:37:20.013   545 23519 D mm-camera-sensor: sensor_fc_process:454[process 2269] SENSOR_FRAME_CTRL_CALCULATE_EXP_START_TIMESTAMP
03-21 14:37:20.013   545 23519 D mm-camera-sensor: sensor_process:4093sctrl 0xf4c7c500 event 22
03-21 14:37:20.013   545 23519 D mm-camera-sensor: sensor_get_exposure_starttime:3979sof 4001199071000 exposure time 29995832 line_readout 9049 adc_readout 8346
03-21 14:37:20.013   545 23519 D mm-camera-sensor: sensor_get_exposure_starttime:3989exposure timestamp 4001169057773
03-21 14:37:20.013   545 23519 D mm-camera-sensor: sensor_get_exposure_starttime:3995frame readout time 28232880
03-21 14:37:20.013   545 23519 D mm-camera-sensor: calculate_exposure_start_timestamp:114exposure start time 4001169057773
03-21 14:37:20.013   545 23519 D mm-camera-sensor: calculate_exposure_start_timestamp:115frame readout time 28232880
03-21 14:37:20.013   545 23519 D mm-camera-sensor: calculate_exposure_start_timestamp:120[process 2269] report exposure timestamp meta
03-21 14:37:20.013   545 23519 D mm-camera-sensor: calculate_exposure_start_timestamp:125[process 2269] report rolling shutter skew meta
03-21 14:37:20.013   545 23519 D mm-camera-sensor: sensor_fc_process:393[process 2269] SENSOR_FRAME_CTRL_POST_SENSITIVITY 312
03-21 14:37:20.013   545 23519 D mm-camera-sensor: sensor_fc_process:495post frame 2269 test_pattern mode 0
03-21 14:37:20.013   545 23519 D mm-camera-sensor: sensor_process:4093sctrl 0xf4c7c500 event 38
03-21 14:37:20.013   545 23519 D mm-camera-sensor: sensor_set_vfe_sof:1023AE Bracketing not enabled
03-21 14:37:20.013   545 23519 D mm-camera-sensor: sensor_process:4093sctrl 0xf4c7c500 event 9
03-21 14:37:20.013   545 23519 D mm-camera-sensor: sensor_get_digital_gain:1361enter
03-21 14:37:20.014   545 23519 D mm-camera-sensor: sensor_get_digital_gain:1367digital gain 1.002351
03-21 14:37:20.014   545 23519 D mm-camera-sensor: sensor_get_digital_gain:1368exit
03-21 14:37:20.014   545 23519 D mm-camera-sensor: sensor_util_src_port_identity_find_func:362port=0xf4c78d00; required identity=0x1000f
03-21 14:37:20.014   545 23519 D mm-camera-sensor: sensor_util_find_stream_with_streamtype:887id1=10, id2=10
03-21 14:37:20.014   545 23519 D mm-camera-sensor: sensor_util_get_session_stream_identity:933session based identity 0x1000f
03-21 14:37:20.014   545 23519 D mm-camera-sensor: sensor_util_traverse_port:579s_port=0xf4c78d00 event_func=0xf759dea1
03-21 14:37:20.014   545 23519 D mm-camera-sensor: sensor_util_unpack_identity:296session_id 1 stream id 15
03-21 14:37:20.014   545 23519 E mm-camera: af_port_event:4560  af_port_event: Received AF port event type: 2, dir: 1
03-21 14:37:20.014   545 23519 E mm-camera: af_port_handle_module_event:2819  af_port_handle_module_event: Handle AF module event of type: 32
03-21 14:37:20.014   545 23519 E mm-camera: af_port_handle_module_event:3053  af_port_handle_module_event: Default. no action!
03-21 14:37:20.014   545 23519 E mm-camera: af_port_event:4610  af_port_event: X rc: 1
03-21 14:37:20.014   545 23519 D mm-camera-sensor: module_sensor_handle_sof_notify:346led_off_count: -1
03-21 14:37:20.015   545 23519 D mm-camera-sensor: sensor_util_post_bus_sensor_params:1514aperture 2.000000
03-21 14:37:20.015   545 23519 D mm-camera-sensor: sensor_fc_report_meta:634cur_sof 2269 apply_frame_id 2270 led_apply_frame_id 2269
03-21 14:37:20.015   545 23519 D mm-camera-sensor: post_meta_flash:54flash_mode 0 flash_state 2
03-21 14:37:20.015   545 23519 D mm-camera-sensor: sensor_process:4093sctrl 0xf4c7c500 event 18
03-21 14:37:20.015   545 23519 D mm-camera-sensor: sensor_get_frame_duration:3798cur_fps_div 1137 cur_lc 2875 fll 3190 llpclk 5008 vt 480000000
03-21 14:37:20.015   545 23519 D mm-camera-sensor: sensor_get_frame_duration:3802fl_lines 3542
03-21 14:37:20.015   545 23519 D mm-camera-sensor: sensor_get_frame_duration:3813frame duration 36954864
03-21 14:37:20.015   545 23519 D mm-camera-sensor: sensor_fc_store:176type 9 future_frame_id 2270
03-21 14:37:20.015   545 23519 D mm-camera-sensor: sensor_fc_report_meta:670[store meta] frame 2270 frame_duration 36954864
03-21 14:37:20.015   545 23519 D mm-camera-sensor: sensor_process:4093sctrl 0xf4c7c500 event 20
03-21 14:37:20.015   545 23519 D mm-camera-sensor: sensor_get_exposure_time:3724sensor_get_exposure_time: line_length_pclk = 5008, current_linecount = 2875, vt_pixel_clk = 480000000
03-21 14:37:20.015   545 23519 D mm-camera-sensor: sensor_get_exposure_time:3732exp 29995832
03-21 14:37:20.015   545 23519 D mm-camera-sensor: sensor_fc_store:176type 8 future_frame_id 2270
03-21 14:37:20.015   545 23519 D mm-camera-sensor: sensor_fc_report_meta:689[store meta] frame 2270 exp time 29995832
03-21 14:37:20.015   545 23519 D mm-camera-sensor: sensor_fc_store:176type 6 future_frame_id 2270
03-21 14:37:20.015   545 23519 D mm-camera-sensor: sensor_fc_report_meta:704[store calcuate exposure timestamp] frame 2270 exp time 29995832
03-21 14:37:20.015   545 23519 D mm-camera-sensor: sensor_process:4093sctrl 0xf4c7c500 event 21
03-21 14:37:20.015   545 23519 D mm-camera-sensor: sensor_fc_store:176type 10 future_frame_id 2270
03-21 14:37:20.015   545 23519 D mm-camera-sensor: sensor_fc_report_meta:722[store meta] frame 2270 sensitivity 312
03-21 14:37:20.016   545 23519 D mm-camera-sensor: sensor_process:4093sctrl 0xf4c7c500 event 24
03-21 14:37:20.016   545 23519 D mm-camera-sensor: sensor_fc_store:176type 15 future_frame_id 2270
03-21 14:37:20.016   545 23482 E mm-camera: af_port_event:4560  af_port_event: Received AF port event type: 2, dir: 1
03-21 14:37:20.016   545 23482 E mm-camera: af_port_handle_module_event:2819  af_port_handle_module_event: Handle AF module event of type: 39
03-21 14:37:20.016   545 23482 E mm-camera: af_port_handle_module_event:3053  af_port_handle_module_event: Default. no action!
03-21 14:37:20.016   545 23482 E mm-camera: af_port_event:4610  af_port_event: X rc: 1
03-21 14:37:20.016   545 23519 D mm-camera-sensor: sensor_fc_report_meta:742[store meta] frame 2270 testpattern mode 0
03-21 14:37:20.018   545 23470 E mm-camera: af_port_event:4560  af_port_event: Received AF port event type: 2, dir: 1
03-21 14:37:20.018   545 23470 E mm-camera: af_port_handle_module_event:2819  af_port_handle_module_event: Handle AF module event of type: 103
03-21 14:37:20.018   545 23470 E mm-camera: af_port_handle_module_event:3018  af_port_handle_module_event: Handle gravity vector data update!
03-21 14:37:20.018   545 23470 E mm-camera: af_port_handle_gravity_update:2084  af_port_handle_gravity_update: af_port->gravity_vector_data =-7.293118,af_port->gravity_vector_data_applied =-7.304157,diff=0.011038 
03-21 14:37:20.018   545 23470 E mm-camera: af_port_event:4610  af_port_event: X rc: 1
03-21 14:37:20.018   545 23519 D mm-camera-sensor: sensor_util_traverse_port:579s_port=0xf4c78d00 event_func=0xf759dea1
03-21 14:37:20.018   545 23519 D mm-camera-sensor: sensor_util_unpack_identity:296session_id 1 stream id 15
03-21 14:37:20.019   545 23519 E mm-camera: af_port_event:4560  af_port_event: Received AF port event type: 1, dir: 1
03-21 14:37:20.019   545 23508 E AEC_PORT: aec_port_pack_update:696  aec_port_pack_update:sof:2269 capt:0 real_gain:6.258582 linecnt:2875 exp_idx:332 cur_luma:42 est_state:0 aec_state:2
03-21 14:37:20.019   545 23519 E mm-camera: af_port_handle_control_event:4382  af_port_handle_control_event: Handle Control event of type: 8
03-21 14:37:20.019   545 23508 D mm-camera-sensor: sensor_util_unpack_identity:296session_id 1 stream id 2
03-21 14:37:20.019   545 23508 D mm-camera-sensor: port_sensor_handle_upstream_module_event:834event id 11
03-21 14:37:20.019   545 23519 E mm-camera: af_port_event:4560  af_port_event: Received AF port event type: 2, dir: 0
