03-21 14:37:19.577   545 23508 E mm-camera: af_port_event:4610  af_port_event: X rc: 1
03-21 14:37:19.577   545 23519 E mm-camera: af_port_event:4560  af_port_event: Received AF port event type: 2, dir: 1
03-21 14:37:19.577   545 23519 E mm-camera: af_port_handle_module_event:2819  af_port_handle_module_event: Handle AF module event of type: 46
03-21 14:37:19.577   545 23519 E mm-camera: af_port_handle_module_event:2895  af_port_handle_module_event: Handle stream crop event
03-21 14:37:19.577   545 23519 E mm-camera: af_port_handle_stream_crop_event:2454  af_port_handle_stream_crop_event: pp_x: 0 pp_y: 0 pp_crop_out_x: 1440 pp_crop_out_y: 1080vfe_map_x: 23 vfe_map_y: 0 vfe_map_width: 4160 vfe_map_height: 3120
03-21 14:37:19.577   545 23519 E mm-camera: af_port_event:4610  af_port_event: X rc: 1
03-21 14:37:19.578   545 23470 E mm-camera: af_port_event:4560  af_port_event: Received AF port event type: 2, dir: 1
03-21 14:37:19.578   545 23470 E mm-camera: af_port_handle_module_event:2819  af_port_handle_module_event: Handle AF module event of type: 103
03-21 14:37:19.578   545 23470 E mm-camera: af_port_handle_module_event:3018  af_port_handle_module_event: Handle gravity vector data update!
03-21 14:37:19.578   545 23470 E mm-camera: af_port_handle_gravity_update:2084  af_port_handle_gravity_update: af_port->gravity_vector_data =-7.292854,af_port->gravity_vector_data_applied =-7.304157,diff=0.011302 
03-21 14:37:19.578   545 23470 E mm-camera: af_port_event:4610  af_port_event: X rc: 1
03-21 14:37:19.578   545 23509 E mm-camera-CORE: af_set_parameters:1009  af_set_parameters: Setting parameter: 27
03-21 14:37:19.578   545 23509 E mm-camera-CORE: af_set_parameters:1016  af_set_parameters: param=0xe47dd010 af_obj=0xebf8a000, type =27
03-21 14:37:19.579   545 23509 E mm-camera-CORE: af_util_update_output_data:1047  af_util_update_output_data: Update output data of type: 8192
03-21 14:37:19.579   545 23509 E mm-camera-CORE: af_util_update_output_data:1198  debug data not enabled
03-21 14:37:19.579   545 23509 E mm-camera: af_port_callback:1352  af_port_callback: AF port callback
03-21 14:37:19.579   545 23509 E mm-camera: af_port_handle_set_focus_mode_to_hal_type:1073  af_port_handle_set_focus_mode_to_hal_type mode 2
03-21 14:37:19.579   545 23509 E mm-camera: af_port_callback:1475  af_port_callback: x
03-21 14:37:19.579   545 23509 E mm-camera: af_port_callback:1352  af_port_callback: AF port callback
03-21 14:37:19.579   545 23509 E mm-camera: af_port_callback:1475  af_port_callback: x
03-21 14:37:19.579   545 23519 D mm-camera-sensor: sensor_util_unpack_identity:296session_id 1 stream id 15
03-21 14:37:19.579   545 23509 E mm-camera-CORE: af_set_parameters:1009  af_set_parameters: Setting parameter: 17
03-21 14:37:19.579   545 23519 D mm-camera-sensor: module_sensor_module_process_event:4863event type 17 current_frame_id 0 last_idx 2257
03-21 14:37:19.579   545 23509 E mm-camera-CORE: af_set_parameters:1016  af_set_parameters: param=0xe4723010 af_obj=0xebf8a000, type =17
03-21 14:37:19.579   545 23519 D mm-camera-sensor: sensor_util_traverse_port:579s_port=0xf4c78d00 event_func=0xf759dea1
03-21 14:37:19.579   545 23509 E mm-camera-CORE: af_util_update_output_data:1047  af_util_update_output_data: Update output data of type: 8192
03-21 14:37:19.579   545 23519 D mm-camera-sensor: sensor_util_unpack_identity:296session_id 1 stream id 15
03-21 14:37:19.579   545 23509 E mm-camera-CORE: af_util_update_output_data:1198  debug data not enabled
03-21 14:37:19.579   545 23519 E mm-camera: af_port_event:4560  af_port_event: Received AF port event type: 1, dir: 1
03-21 14:37:19.579   545 23509 E mm-camera: af_port_callback:1352  af_port_callback: AF port callback
03-21 14:37:19.579   545 23509 E mm-camera: af_port_handle_set_focus_mode_to_hal_type:1073  af_port_handle_set_focus_mode_to_hal_type mode 2
03-21 14:37:19.579   545 23519 E mm-camera: af_port_handle_control_event:4382  af_port_handle_control_event: Handle Control event of type: 17
03-21 14:37:19.579   545 23509 E mm-camera: af_port_callback:1475  af_port_callback: x
03-21 14:37:19.579   545 23519 E mm-camera: af_port_event:4610  af_port_event: X rc: 1
03-21 14:37:19.579   545 23509 E mm-camera-CORE: af_set_parameters:1009  af_set_parameters: Setting parameter: 21
03-21 14:37:19.579   545 23509 E mm-camera-CORE: af_set_parameters:1016  af_set_parameters: param=0xe47b3010 af_obj=0xebf8a000, type =21
03-21 14:37:19.579   545 23509 E mm-camera-CORE: af_util_update_output_data:1047  af_util_update_output_data: Update output data of type: 8192
03-21 14:37:19.579   545 23509 E mm-camera-CORE: af_util_update_output_data:1198  debug data not enabled
03-21 14:37:19.579   545 23509 E mm-camera: af_port_callback:1352  af_port_callback: AF port callback
03-21 14:37:19.579   545 23509 E mm-camera: af_port_handle_set_focus_mode_to_hal_type:1073  af_port_handle_set_focus_mode_to_hal_type mode 2
03-21 14:37:19.579   545 23509 E mm-camera: af_port_callback:1475  af_port_callback: x
03-21 14:37:19.582   545 23472 E mm-camera: af_port_event:4560  af_port_event: Received AF port event type: 2, dir: 1
03-21 14:37:19.582   545 23472 E mm-camera: af_port_handle_module_event:2819  af_port_handle_module_event: Handle AF module event of type: 26
03-21 14:37:19.583   545 23472 E mm-camera: af_port_handle_module_event:2869  af_port_handle_module_event: Handle stats event
03-21 14:37:19.583   545 23472 E mm-camera: af_port_handle_stats_event:2354  af_port_handle_stats_event: Stats mask: 900
03-21 14:37:19.583   545 23472 E mm-camera: af_port_handle_stats_event:2368  af_port_handle_stats_event: stats_buf: 0xf0f25000
03-21 14:37:19.583   545 23472 E mm-camera: af_port_handle_stats_event:2375  af_port_handle_stats_event: BF_SCALE stats_buf: 0xf0f48000
03-21 14:37:19.583   545 23472 E mm-camera: af_fdprio_process:550  af_fdprio_process: Processing frame 2257
03-21 14:37:19.583   545 23472 E mm-camera: af_fdprio_process_counters_int:151  af_fdprio_process_counters_int:151 Process counters
03-21 14:37:19.583   545 23472 E mm-camera: af_port_event:4610  af_port_event: X rc: 1
03-21 14:37:19.583   545 23509 E mm-camera-CORE: af_process:713  af_process: Process AF stats!
03-21 14:37:19.583   545 23509 E mm-camera-CORE: af_process:767  af_process: AF Inactive. Initialize first! Returning!
03-21 14:37:19.583   545 23509 E mm-camera: af_port_callback:1352  af_port_callback: AF port callback
03-21 14:37:19.583   545 23509 E mm-camera: af_port_callback:1475  af_port_callback: x
03-21 14:37:19.583   545 23509 E mm-camera: af_port_stats_done_callback:1318  af_port_stats_done_callback DONE AF STATS ACK back
03-21 14:37:19.583   545 23509 E mm-camera: af_port_event:4560  af_port_event: Received AF port event type: 2, dir: 0
03-21 14:37:19.583   545 23509 E mm-camera: af_port_event:4598  af_port_event: up event send to peer
03-21 14:37:19.583   545 23509 E mm-camera: af_port_event:4601  af_port_event: up event sent
03-21 14:37:19.583   545 23509 E mm-camera: af_port_event:4610  af_port_event: X rc: 1
03-21 14:37:19.598   545 23470 E mm-camera: af_port_event:4560  af_port_event: Received AF port event type: 2, dir: 1
03-21 14:37:19.598   545 23470 E mm-camera: af_port_handle_module_event:2819  af_port_handle_module_event: Handle AF module event of type: 24
03-21 14:37:19.598   545 23470 E mm-camera: af_port_handle_module_event:2946  af_port_handle_module_event: Handle gyro data update!
03-21 14:37:19.598   545 23470 E mm-camera: af_port_handle_gyro_update:1971  af_port_handle_gyro_update: i: 0 q16: 2 flt: 0.000031
03-21 14:37:19.598   545 23470 E mm-camera: af_port_handle_gyro_update:1971  af_port_handle_gyro_update: i: 1 q16: 249 flt: 0.003799
03-21 14:37:19.599   545 23470 E mm-camera: af_port_handle_gyro_update:1971  af_port_handle_gyro_update: i: 2 q16: -3 flt: -0.000046
03-21 14:37:19.599   545 23470 E mm-camera: af_port_event:4610  af_port_event: X rc: 1
03-21 14:37:19.599   545 23509 E mm-camera-CORE: af_set_parameters:1009  af_set_parameters: Setting parameter: 19
03-21 14:37:19.599   545 23509 E mm-camera-CORE: af_set_parameters:1016  af_set_parameters: param=0xe47f9010 af_obj=0xebf8a000, type =19
03-21 14:37:19.599   545 23509 E mm-camera-CORE: af_util_update_output_data:1047  af_util_update_output_data: Update output data of type: 8192
03-21 14:37:19.599   545 23509 E mm-camera-CORE: af_util_update_output_data:1198  debug data not enabled
03-21 14:37:19.599   545 23509 E mm-camera: af_port_callback:1352  af_port_callback: AF port callback
03-21 14:37:19.599   545 23509 E mm-camera: af_port_handle_set_focus_mode_to_hal_type:1073  af_port_handle_set_focus_mode_to_hal_type mode 2
03-21 14:37:19.599   545 23509 E mm-camera: af_port_callback:1475  af_port_callback: x
03-21 14:37:19.602   545 23472 E mm-camera: af_port_event:4560  af_port_event: Received AF port event type: 2, dir: 1
03-21 14:37:19.602   545 23472 E mm-camera: af_port_handle_module_event:2819  af_port_handle_module_event: Handle AF module event of type: 26
03-21 14:37:19.602   545 23472 E mm-camera: af_port_handle_module_event:2869  af_port_handle_module_event: Handle stats event
03-21 14:37:19.602   545 23472 E mm-camera: af_port_event:4610  af_port_event: X rc: 1
03-21 14:37:19.602   545 23511 E mm-camera: af_port_event:4560  af_port_event: Received AF port event type: 2, dir: 1
03-21 14:37:19.603   545 23511 E mm-camera: af_port_handle_module_event:2819  af_port_handle_module_event: Handle AF module event of type: 22
03-21 14:37:19.603   545 23511 E mm-camera: af_port_handle_module_event:3053  af_port_handle_module_event: Default. no action!
03-21 14:37:19.603   545 23511 E mm-camera: af_port_event:4610  af_port_event: X rc: 1
03-21 14:37:19.603   545 23511 E mm-camera: afd_port_stats_done_callback:100  afd_port_stats_done_callback DONE AFD stats ACK back
03-21 14:37:19.603   545 23508 E AEC_PORT: aec_port_stats_done_callback:868  aec_port_stats_done_callback DONE AEC STATS ACK back
03-21 14:37:19.605   545 23538 D mm-camera-sensor: sensor_util_unpack_identity:296session_id 1 stream id 2
03-21 14:37:19.605   545 23538 D mm-camera-sensor: port_sensor_handle_upstream_module_event:834event id 37
03-21 14:37:19.606   545 23538 D mm-camera-sensor: port_sensor_handle_upstream_module_event:1051MCT_EVENT_MODULE_SOF_NOTIFY
03-21 14:37:19.606   545 23519 D mm-camera-sensor: sensor_util_unpack_identity:296session_id 1 stream id 15
03-21 14:37:19.606   545 23519 D mm-camera-sensor: module_sensor_module_process_event:4863event type 8 current_frame_id 2258 last_idx 2257
03-21 14:37:19.606   545 23519 D mm-camera-sensor: module_sensor_handle_sof_notify:274identity=0x1000f, frame_id=2258
03-21 14:37:19.606   545 23519 D mm-camera-sensor: sensor_fc_process:321[process 2258] SENSOR_FRAME_CTRL_EXP_META
03-21 14:37:19.606   545 23519 D mm-camera-sensor: sensor_fc_process:339post g 6.258582 lc 2875 lux 313.626709 cur sof 2258
03-21 14:37:19.606   545 23519 D mm-camera-sensor: sensor_fc_process:384[process 2258] SENSOR_FRAME_CTRL_POST_FRAME_DURATION 36954864
03-21 14:37:19.606   545 23519 D mm-camera-sensor: sensor_fc_process:375[process 2258] SENSOR_FRAME_CTRL_POST_EXP_TIME 29995832
03-21 14:37:19.606   545 23519 D mm-camera-sensor: sensor_fc_process:454[process 2258] SENSOR_FRAME_CTRL_CALCULATE_EXP_START_TIMESTAMP
03-21 14:37:19.606   545 23519 D mm-camera-sensor: sensor_process:4093sctrl 0xf4c7c500 event 22
03-21 14:37:19.606   545 23519 D mm-camera-sensor: sensor_get_exposure_starttime:3979sof 4000792572000 exposure time 29995832 line_readout 9049 adc_readout 8346
03-21 14:37:19.606   545 23519 D mm-camera-sensor: sensor_get_exposure_starttime:3989exposure timestamp 4000762558773
03-21 14:37:19.606   545 23519 D mm-camera-sensor: sensor_get_exposure_starttime:3995frame readout time 28232880
03-21 14:37:19.606   545 23519 D mm-camera-sensor: calculate_exposure_start_timestamp:114exposure start time 4000762558773
03-21 14:37:19.606   545 23519 D mm-camera-sensor: calculate_exposure_start_timestamp:115frame readout time 28232880
03-21 14:37:19.607   545 23519 D mm-camera-sensor: calculate_exposure_start_timestamp:120[process 2258] report exposure timestamp meta
03-21 14:37:19.607   545 23519 D mm-camera-sensor: calculate_exposure_start_timestamp:125[process 2258] report rolling shutter skew meta
03-21 14:37:19.607   545 23519 D mm-camera-sensor: sensor_fc_process:393[process 2258] SENSOR_FRAME_CTRL_POST_SENSITIVITY 312
03-21 14:37:19.607   545 23519 D mm-camera-sensor: sensor_fc_process:495post frame 2258 test_pattern mode 0
03-21 14:37:19.607   545 23519 D mm-camera-sensor: sensor_process:4093sctrl 0xf4c7c500 event 38
03-21 14:37:19.607   545 23519 D mm-camera-sensor: sensor_set_vfe_sof:1023AE Bracketing not enabled
03-21 14:37:19.607   545 23519 D mm-camera-sensor: sensor_process:4093sctrl 0xf4c7c500 event 9
03-21 14:37:19.607   545 23519 D mm-camera-sensor: sensor_get_digital_gain:1361enter
03-21 14:37:19.607   545 23519 D mm-camera-sensor: sensor_get_digital_gain:1367digital gain 1.002351
03-21 14:37:19.607   545 23519 D mm-camera-sensor: sensor_get_digital_gain:1368exit
03-21 14:37:19.607   545 23519 D mm-camera-sensor: sensor_util_src_port_identity_find_func:362port=0xf4c78d00; required identity=0x1000f
03-21 14:37:19.607   545 23519 D mm-camera-sensor: sensor_util_find_stream_with_streamtype:887id1=10, id2=10
03-21 14:37:19.607   545 23519 D mm-camera-sensor: sensor_util_get_session_stream_identity:933session based identity 0x1000f
03-21 14:37:19.607   545 23519 D mm-camera-sensor: sensor_util_traverse_port:579s_port=0xf4c78d00 event_func=0xf759dea1
03-21 14:37:19.607   545 23519 D mm-camera-sensor: sensor_util_unpack_identity:296session_id 1 stream id 15
03-21 14:37:19.608   545 23519 E mm-camera: af_port_event:4560  af_port_event: Received AF port event type: 2, dir: 1
03-21 14:37:19.608   545 23519 E mm-camera: af_port_handle_module_event:2819  af_port_handle_module_event: Handle AF module event of type: 32
03-21 14:37:19.608   545 23519 E mm-camera: af_port_handle_module_event:3053  af_port_handle_module_event: Default. no action!
03-21 14:37:19.608   545 23519 E mm-camera: af_port_event:4610  af_port_event: X rc: 1
03-21 14:37:19.608   545 23519 D mm-camera-sensor: module_sensor_handle_sof_notify:346led_off_count: -1
03-21 14:37:19.608   545 23519 D mm-camera-sensor: sensor_util_post_bus_sensor_params:1514aperture 2.000000
03-21 14:37:19.609   545 23519 D mm-camera-sensor: sensor_fc_report_meta:634cur_sof 2258 apply_frame_id 2259 led_apply_frame_id 2258
03-21 14:37:19.609   545 23519 D mm-camera-sensor: post_meta_flash:54flash_mode 0 flash_state 2
03-21 14:37:19.609   545 23519 D mm-camera-sensor: sensor_process:4093sctrl 0xf4c7c500 event 18
03-21 14:37:19.609   545 23519 D mm-camera-sensor: sensor_get_frame_duration:3798cur_fps_div 1137 cur_lc 2875 fll 3190 llpclk 5008 vt 480000000
03-21 14:37:19.609   545 23519 D mm-camera-sensor: sensor_get_frame_duration:3802fl_lines 3542
03-21 14:37:19.609   545 23519 D mm-camera-sensor: sensor_get_frame_duration:3813frame duration 36954864
03-21 14:37:19.609   545 23519 D mm-camera-sensor: sensor_fc_store:176type 9 future_frame_id 2259
03-21 14:37:19.609   545 23519 D mm-camera-sensor: sensor_fc_report_meta:670[store meta] frame 2259 frame_duration 36954864
03-21 14:37:19.609   545 23519 D mm-camera-sensor: sensor_process:4093sctrl 0xf4c7c500 event 20
03-21 14:37:19.609   545 23519 D mm-camera-sensor: sensor_get_exposure_time:3724sensor_get_exposure_time: line_length_pclk = 5008, current_linecount = 2875, vt_pixel_clk = 480000000
03-21 14:37:19.609   545 23519 D mm-camera-sensor: sensor_get_exposure_time:3732exp 29995832
03-21 14:37:19.609   545 23470 E mm-camera: af_port_event:4560  af_port_event: Received AF port event type: 2, dir: 1
03-21 14:37:19.609   545 23519 D mm-camera-sensor: sensor_fc_store:176type 8 future_frame_id 2259
03-21 14:37:19.609   545 23470 E mm-camera: af_port_handle_module_event:2819  af_port_handle_module_event: Handle AF module event of type: 103
03-21 14:37:19.609   545 23519 D mm-camera-sensor: sensor_fc_report_meta:689[store meta] frame 2259 exp time 29995832
03-21 14:37:19.609   545 23470 E mm-camera: af_port_handle_module_event:3018  af_port_handle_module_event: Handle gravity vector data update!
03-21 14:37:19.609   545 23519 D mm-camera-sensor: sensor_fc_store:176type 6 future_frame_id 2259
03-21 14:37:19.610   545 23470 E mm-camera: af_port_handle_gravity_update:2084  af_port_handle_gravity_update: af_port->gravity_vector_data =-7.292748,af_port->gravity_vector_data_applied =-7.304157,diff=0.011409 
03-21 14:37:19.610   545 23519 D mm-camera-sensor: sensor_fc_report_meta:704[store calcuate exposure timestamp] frame 2259 exp time 29995832
03-21 14:37:19.610   545 23470 E mm-camera: af_port_event:4610  af_port_event: X rc: 1
03-21 14:37:19.610   545 23519 D mm-camera-sensor: sensor_process:4093sctrl 0xf4c7c500 event 21
03-21 14:37:19.610   545 23519 D mm-camera-sensor: sensor_fc_store:176type 10 future_frame_id 2259
03-21 14:37:19.610   545 23519 D mm-camera-sensor: sensor_fc_report_meta:722[store meta] frame 2259 sensitivity 312
03-21 14:37:19.610   545 23519 D mm-camera-sensor: sensor_process:4093sctrl 0xf4c7c500 event 24
03-21 14:37:19.610   545 23519 D mm-camera-sensor: sensor_fc_store:176type 15 future_frame_id 2259
03-21 14:37:19.610   545 23519 D mm-camera-sensor: sensor_fc_report_meta:742[store meta] frame 2259 testpattern mode 0
03-21 14:37:19.610   545 23519 D mm-camera-sensor: sensor_util_traverse_port:579s_port=0xf4c78d00 event_func=0xf759dea1
03-21 14:37:19.610   545 23519 D mm-camera-sensor: sensor_util_unpack_identity:296session_id 1 stream id 15
03-21 14:37:19.610   545 23482 E mm-camera: af_port_event:4560  af_port_event: Received AF port event type: 2, dir: 1
03-21 14:37:19.610   545 23482 E mm-camera: af_port_handle_module_event:2819  af_port_handle_module_event: Handle AF module event of type: 39
03-21 14:37:19.610   545 23519 E mm-camera: af_port_event:4560  af_port_event: Received AF port event type: 1, dir: 1
03-21 14:37:19.610   545 23482 E mm-camera: af_port_handle_module_event:3053  af_port_handle_module_event: Default. no action!
03-21 14:37:19.610   545 23519 E mm-camera: af_port_handle_control_event:4382  af_port_handle_control_event: Handle Control event of type: 8
03-21 14:37:19.610   545 23482 E mm-camera: af_port_event:4610  af_port_event: X rc: 1
03-21 14:37:19.610   545 23519 E mm-camera: af_port_event:4560  af_port_event: Received AF port event type: 2, dir: 0
03-21 14:37:19.610   545 23509 E mm-camera-CORE: af_set_parameters:1009  af_set_parameters: Setting parameter: 27
03-21 14:37:19.610   545 23519 E mm-camera: af_port_event:4598  af_port_event: up event send to peer
03-21 14:37:19.610   545 23509 E mm-camera-CORE: af_set_parameters:1016  af_set_parameters: param=0xe47a9010 af_obj=0xebf8a000, type =27
03-21 14:37:19.610   545 23519 E mm-camera: af_port_event:4601  af_port_event: up event sent
03-21 14:37:19.610   545 23509 E mm-camera-CORE: af_util_update_output_data:1047  af_util_update_output_data: Update output data of type: 8192
03-21 14:37:19.610   545 23519 E mm-camera: af_port_event:4610  af_port_event: X rc: 1
03-21 14:37:19.610   545 23509 E mm-camera-CORE: af_util_update_output_data:1198  debug data not enabled
03-21 14:37:19.610   545 23519 E mm-camera: af_port_event:4560  af_port_event: Received AF port event type: 2, dir: 0
03-21 14:37:19.610   545 23509 E mm-camera: af_port_callback:1352  af_port_callback: AF port callback
03-21 14:37:19.610   545 23519 E mm-camera: af_port_event:4598  af_port_event: up event send to peer
03-21 14:37:19.610   545 23509 E mm-camera: af_port_handle_set_focus_mode_to_hal_type:1073  af_port_handle_set_focus_mode_to_hal_type mode 2
03-21 14:37:19.611   545 23519 E mm-camera: af_port_event:4601  af_port_event: up event sent
03-21 14:37:19.611   545 23509 E mm-camera: af_port_callback:1475  af_port_callback: x
03-21 14:37:19.611   545 23519 E mm-camera: af_port_event:4610  af_port_event: X rc: 1
03-21 14:37:19.611   545 23519 E mm-camera: af_port_event:4610  af_port_event: X rc: 1
03-21 14:37:19.611   545 23519 D mm-camera-sensor: sensor_util_unpack_identity:296session_id 1 stream id 15
03-21 14:37:19.611   545 23519 D mm-camera-sensor: port_sensor_handle_upstream_module_event:834event id 30
03-21 14:37:19.611   545 23509 E mm-camera: af_port_callback:1352  af_port_callback: AF port callback
03-21 14:37:19.611   545 23519 D mm-camera-sensor: sensor_process:4093sctrl 0xf4c7c500 event 5
03-21 14:37:19.611   545 23509 E mm-camera: af_port_callback:1475  af_port_callback: x
03-21 14:37:19.611   545 23519 D mm-camera-sensor: sensor_get_cur_fps:514enter
03-21 14:37:19.611   545 23519 D mm-camera-sensor: sensor_get_cur_fps:534exit
03-21 14:37:19.612   545 23519 E mm-camera: af_port_event:4560  af_port_event: Received AF port event type: 2, dir: 1
03-21 14:37:19.612   545 23519 E mm-camera: af_port_handle_module_event:2819  af_port_handle_module_event: Handle AF module event of type: 46
03-21 14:37:19.612   545 23519 E mm-camera: af_port_handle_module_event:2895  af_port_handle_module_event: Handle stream crop event
03-21 14:37:19.612   545 23519 E mm-camera: af_port_handle_stream_crop_event:2454  af_port_handle_stream_crop_event: pp_x: 0 pp_y: 0 pp_crop_out_x: 1440 pp_crop_out_y: 1080vfe_map_x: 23 vfe_map_y: 0 vfe_map_width: 4160 vfe_map_height: 3120
03-21 14:37:19.619   545 23508 E mm-camera: awb_port_stats_done_callback:625  awb_port_stats_done_callback DONE AWB STATS ACK back
03-21 14:37:19.619   545 23508 E AEC_PORT: aec_port_pack_update:696  aec_port_pack_update:sof:2258 capt:0 real_gain:6.258582 linecnt:2875 exp_idx:332 cur_luma:42 est_state:0 aec_state:2
03-21 14:37:19.619   545 23472 E mm-camera: af_port_event:4560  af_port_event: Received AF port event type: 2, dir: 1
03-21 14:37:19.619   545 23508 D mm-camera-sensor: sensor_util_unpack_identity:296session_id 1 stream id 2
03-21 14:37:19.619   545 23472 E mm-camera: af_port_handle_module_event:2819  af_port_handle_module_event: Handle AF module event of type: 26
03-21 14:37:19.619   545 23508 D mm-camera-sensor: port_sensor_handle_upstream_module_event:834event id 11
03-21 14:37:19.619   545 23472 E mm-camera: af_port_handle_module_event:2869  af_port_handle_module_event: Handle stats event
03-21 14:37:19.619   545 23508 D mm-camera-sensor: port_sensor_handle_aec_update:430stats gain 0.000000 lnct 2875
03-21 14:37:19.619   545 23472 E mm-camera: af_port_handle_stats_event:2354  af_port_handle_stats_event: Stats mask: 900
03-21 14:37:19.619   545 23508 D mm-camera-sensor: port_sensor_handle_aec_update:432stats update aec
03-21 14:37:19.619   545 23472 E mm-camera: af_port_handle_stats_event:2368  af_port_handle_stats_event: stats_buf: 0xf0f25000
03-21 14:37:19.619   545 23508 D mm-camera-sensor: sensor_process:4093sctrl 0xf4c7c500 event 35
03-21 14:37:19.620   545 23472 E mm-camera: af_port_handle_stats_event:2375  af_port_handle_stats_event: BF_SCALE stats_buf: 0xf0f48000
03-21 14:37:19.620   545 23508 D mm-camera-sensor: sensor_set_exposure:234real_gain=6.258582 line_count=2875
03-21 14:37:19.620   545 23472 E mm-camera: af_fdprio_process:550  af_fdprio_process: Processing frame 2258
03-21 14:37:19.620   545 23508 D mm-camera-sensor: sensor_delay_in:126Enter
03-21 14:37:19.620   545 23472 E mm-camera: af_fdprio_process_counters_int:151  af_fdprio_process_counters_int:151 Process counters
03-21 14:37:19.620   545 23508 D mm-camera-sensor: sensor_delay_in:145Exit
03-21 14:37:19.620   545 23508 D mm-camera-sensor: sensor_delay_out:162Enter
03-21 14:37:19.620   545 23472 E mm-camera: af_port_event:4610  af_port_event: X rc: 1
03-21 14:37:19.620   545 23508 D mm-camera-sensor: sensor_delay_out:177Exit
03-21 14:37:19.620   545 23508 D mm-camera-sensor: sensor_set_exposure:257gain from aec:6.258582, sensor analog gain:6.243902, sensor digital gain:1.000000,ISP digital gain:1.002351, linecount:2875
03-21 14:37:19.620   545 23509 E mm-camera-CORE: af_process:713  af_process: Process AF stats!
03-21 14:37:19.620   545 23508 D mm-camera-sensor: sensor_process:4093sctrl 0xf4c7c500 event 9
03-21 14:37:19.620   545 23509 E mm-camera-CORE: af_process:767  af_process: AF Inactive. Initialize first! Returning!
03-21 14:37:19.620   545 23508 D mm-camera-sensor: sensor_get_digital_gain:1361enter
03-21 14:37:19.620   545 23509 E mm-camera: af_port_callback:1352  af_port_callback: AF port callback
03-21 14:37:19.620   545 23508 D mm-camera-sensor: sensor_get_digital_gain:1367digital gain 1.002351
03-21 14:37:19.620   545 23508 D mm-camera-sensor: sensor_get_digital_gain:1368exit
03-21 14:37:19.620   545 23509 E mm-camera: af_port_callback:1475  af_port_callback: x
03-21 14:37:19.620   545 23509 E mm-camera: af_port_stats_done_callback:1318  af_port_stats_done_callback DONE AF STATS ACK back
03-21 14:37:19.620   545 23509 E mm-camera: af_port_event:4560  af_port_event: Received AF port event type: 2, dir: 0
03-21 14:37:19.620   545 23508 E mm-camera: af_port_event:4560  af_port_event: Received AF port event type: 2, dir: 1
03-21 14:37:19.620   545 23508 E mm-camera: af_port_handle_module_event:2819  af_port_handle_module_event: Handle AF module event of type: 32
03-21 14:37:19.621   545 23508 E mm-camera: af_port_handle_module_event:3053  af_port_handle_module_event: Default. no action!
03-21 14:37:19.621   545 23508 E mm-camera: af_port_event:4610  af_port_event: X rc: 1
03-21 14:37:19.621   545 23508 D mm-camera-sensor: port_sensor_handle_aec_update:588[store meta] SENSOR_FRAME_CTRL_EXP_META future sof 2260
03-21 14:37:19.621   545 23508 D mm-camera-sensor: port_sensor_handle_aec_update:590stored data = g 6.258582 lux idx 313.624817
03-21 14:37:19.621   545 23508 D mm-camera-sensor: sensor_fc_store:176type 1 future_frame_id 2260
03-21 14:37:19.621   545 23508 E mm-camera: af_port_event:4560  af_port_event: Received AF port event type: 2, dir: 1
03-21 14:37:19.621   545 23508 E mm-camera: af_port_handle_module_event:2819  af_port_handle_module_event: Handle AF module event of type: 11
03-21 14:37:19.621   545 23508 E mm-camera: af_port_handle_module_event:2878  af_port_handle_module_event: Handle aec update
03-21 14:37:19.621   545 23508 E mm-camera: af_port_handle_aec_update:1924  af_port_handle_aec_update: preview_fps 27.000000, exp time 0.030042
03-21 14:37:19.621   545 23508 E mm-camera: af_port_handle_aec_update:1925  af_port_handle_aec_update: Bv_af: 0.543214
03-21 14:37:19.622   545 23508 E mm-camera: af_port_event:4610  af_port_event: X rc: 1
03-21 14:37:19.622   545 23508 D mm-camera-sensor: sensor_util_unpack_identity:296session_id 1 stream id 2
03-21 14:37:19.622   545 23508 D mm-camera-sensor: port_sensor_handle_upstream_module_event:834event id 12
03-21 14:37:19.622   545 23508 D mm-camera-sensor: port_sensor_handle_upstream_module_event:878stats update awb hdr
03-21 14:37:19.622   545 23508 D mm-camera-sensor: sensor_process:4093sctrl 0xf4c7c500 event 65
03-21 14:37:19.622   545 23508 E mm-camera: af_port_event:4560  af_port_event: Received AF port event type: 2, dir: 1
03-21 14:37:19.622   545 23508 E mm-camera: af_port_handle_module_event:2819  af_port_handle_module_event: Handle AF module event of type: 12
03-21 14:37:19.622   545 23508 E mm-camera: af_port_event:4610  af_port_event: X rc: 1
03-21 14:37:19.620   545 23509 E mm-camera: af_port_event:4598  af_port_event: up event send to peer
03-21 14:37:19.623   545 23509 E mm-camera: af_port_event:4601  af_port_event: up event sent
03-21 14:37:19.623   545 23509 E mm-camera: af_port_event:4610  af_port_event: X rc: 1
03-21 14:37:19.623   545 23509 E mm-camera-CORE: af_set_parameters:1009  af_set_parameters: Setting parameter: 17
03-21 14:37:19.623   545 23509 E mm-camera-CORE: af_set_parameters:1016  af_set_parameters: param=0xe47e7010 af_obj=0xebf8a000, type =17
03-21 14:37:19.623   545 23509 E mm-camera-CORE: af_util_update_output_data:1047  af_util_update_output_data: Update output data of type: 8192
03-21 14:37:19.623   545 23509 E mm-camera-CORE: af_util_update_output_data:1198  debug data not enabled
03-21 14:37:19.623   545 23509 E mm-camera: af_port_callback:1352  af_port_callback: AF port callback
03-21 14:37:19.629   545 23470 E mm-camera: af_port_event:4560  af_port_event: Received AF port event type: 2, dir: 1
03-21 14:37:19.629   545 23470 E mm-camera: af_port_handle_module_event:2819  af_port_handle_module_event: Handle AF module event of type: 24
03-21 14:37:19.629   545 23470 E mm-camera: af_port_handle_module_event:2946  af_port_handle_module_event: Handle gyro data update!
03-21 14:37:19.629   545 23470 E mm-camera: af_port_handle_gyro_update:1971  af_port_handle_gyro_update: i: 0 q16: -5 flt: -0.000076
03-21 14:37:19.629   545 23470 E mm-camera: af_port_handle_gyro_update:1971  af_port_handle_gyro_update: i: 1 q16: -135 flt: -0.002060
03-21 14:37:19.629   545 23470 E mm-camera: af_port_handle_gyro_update:1971  af_port_handle_gyro_update: i: 2 q16: 77 flt: 0.001175
03-21 14:37:19.629   545 23470 E mm-camera: af_port_event:4610  af_port_event: X rc: 1
03-21 14:37:19.629   545 23509 E mm-camera-CORE: af_set_parameters:1009  af_set_parameters: Setting parameter: 19
03-21 14:37:19.629   545 23509 E mm-camera-CORE: af_set_parameters:1016  af_set_parameters: param=0xe47ef010 af_obj=0xebf8a000, type =19
03-21 14:37:19.629   545 23509 E mm-camera-CORE: af_util_update_output_data:1047  af_util_update_output_data: Update output data of type: 8192
03-21 14:37:19.630   545 23509 E mm-camera-CORE: af_util_update_output_data:1198  debug data not enabled
03-21 14:37:19.630   545 23509 E mm-camera: af_port_callback:1352  af_port_callback: AF port callback
03-21 14:37:19.630   545 23509 E mm-camera: af_port_handle_set_focus_mode_to_hal_type:1073  af_port_handle_set_focus_mode_to_hal_type mode 2
03-21 14:37:19.630   545 23509 E mm-camera: af_port_callback:1475  af_port_callback: x
03-21 14:37:19.641   545 23472 E mm-camera: af_port_event:4560  af_port_event: Received AF port event type: 2, dir: 1
03-21 14:37:19.641   545 23472 E mm-camera: af_port_handle_module_event:2819  af_port_handle_module_event: Handle AF module event of type: 26
03-21 14:37:19.641   545 23472 E mm-camera: af_port_handle_module_event:2869  af_port_handle_module_event: Handle stats event
03-21 14:37:19.641   545 23472 E mm-camera: af_port_event:4610  af_port_event: X rc: 1
03-21 14:37:19.642   545 23511 E mm-camera: af_port_event:4560  af_port_event: Received AF port event type: 2, dir: 1
03-21 14:37:19.642   545 23508 E AEC_PORT: aec_port_stats_done_callback:868  aec_port_stats_done_callback DONE AEC STATS ACK back
03-21 14:37:19.643   545 23511 E mm-camera: af_port_handle_module_event:2819  af_port_handle_module_event: Handle AF module event of type: 22
03-21 14:37:19.642   545 23538 D mm-camera-sensor: sensor_util_unpack_identity:296session_id 1 stream id 2
03-21 14:37:19.643   545 23508 E mm-camera: awb_port_stats_done_callback:625  awb_port_stats_done_callback DONE AWB STATS ACK back
03-21 14:37:19.643   545 23511 E mm-camera: af_port_handle_module_event:3053  af_port_handle_module_event: Default. no action!
03-21 14:37:19.643   545 23538 D mm-camera-sensor: port_sensor_handle_upstream_module_event:834event id 37
03-21 14:37:19.643   545 23511 E mm-camera: af_port_event:4610  af_port_event: X rc: 1
03-21 14:37:19.643   545 23538 D mm-camera-sensor: port_sensor_handle_upstream_module_event:1051MCT_EVENT_MODULE_SOF_NOTIFY
03-21 14:37:19.643   545 23511 E mm-camera: afd_port_stats_done_callback:100  afd_port_stats_done_callback DONE AFD stats ACK back
03-21 14:37:19.643   545 23519 D mm-camera-sensor: sensor_util_unpack_identity:296session_id 1 stream id 15
03-21 14:37:19.643   545 23519 D mm-camera-sensor: module_sensor_module_process_event:4863event type 8 current_frame_id 2259 last_idx 2258
03-21 14:37:19.643   545 23519 D mm-camera-sensor: module_sensor_handle_sof_notify:274identity=0x1000f, frame_id=2259
03-21 14:37:19.643   545 23519 D mm-camera-sensor: sensor_fc_process:321[process 2259] SENSOR_FRAME_CTRL_EXP_META
03-21 14:37:19.643   545 23519 D mm-camera-sensor: sensor_fc_process:339post g 6.258582 lc 2875 lux 313.624817 cur sof 2259
03-21 14:37:19.643   545 23519 D mm-camera-sensor: sensor_fc_process:384[process 2259] SENSOR_FRAME_CTRL_POST_FRAME_DURATION 36954864
03-21 14:37:19.643   545 23519 D mm-camera-sensor: sensor_fc_process:375[process 2259] SENSOR_FRAME_CTRL_POST_EXP_TIME 29995832
03-21 14:37:19.643   545 23519 D mm-camera-sensor: sensor_fc_process:454[process 2259] SENSOR_FRAME_CTRL_CALCULATE_EXP_START_TIMESTAMP
03-21 14:37:19.643   545 23519 D mm-camera-sensor: sensor_process:4093sctrl 0xf4c7c500 event 22
03-21 14:37:19.643   545 23519 D mm-camera-sensor: sensor_get_exposure_starttime:3979sof 4000829523000 exposure time 29995832 line_readout 9049 adc_readout 8346
03-21 14:37:19.643   545 23519 D mm-camera-sensor: sensor_get_exposure_starttime:3989exposure timestamp 4000799509773
03-21 14:37:19.644   545 23519 D mm-camera-sensor: sensor_get_exposure_starttime:3995frame readout time 28232880
03-21 14:37:19.644   545 23519 D mm-camera-sensor: calculate_exposure_start_timestamp:114exposure start time 4000799509773
03-21 14:37:19.644   545 23519 D mm-camera-sensor: calculate_exposure_start_timestamp:115frame readout time 28232880
03-21 14:37:19.644   545 23519 D mm-camera-sensor: calculate_exposure_start_timestamp:120[process 2259] report exposure timestamp meta
03-21 14:37:19.644   545 23519 D mm-camera-sensor: calculate_exposure_start_timestamp:125[process 2259] report rolling shutter skew meta
03-21 14:37:19.644   545 23519 D mm-camera-sensor: sensor_fc_process:393[process 2259] SENSOR_FRAME_CTRL_POST_SENSITIVITY 312
03-21 14:37:19.644   545 23519 D mm-camera-sensor: sensor_fc_process:495post frame 2259 test_pattern mode 0
03-21 14:37:19.644   545 23519 D mm-camera-sensor: sensor_process:4093sctrl 0xf4c7c500 event 38
03-21 14:37:19.644   545 23519 D mm-camera-sensor: sensor_set_vfe_sof:1023AE Bracketing not enabled
03-21 14:37:19.644   545 23519 D mm-camera-sensor: sensor_process:4093sctrl 0xf4c7c500 event 9
03-21 14:37:19.644   545 23519 D mm-camera-sensor: sensor_get_digital_gain:1361enter
03-21 14:37:19.644   545 23519 D mm-camera-sensor: sensor_get_digital_gain:1367digital gain 1.002351
03-21 14:37:19.644   545 23519 D mm-camera-sensor: sensor_get_digital_gain:1368exit
03-21 14:37:19.644   545 23519 D mm-camera-sensor: sensor_util_src_port_identity_find_func:362port=0xf4c78d00; required identity=0x1000f
03-21 14:37:19.647   545 23519 E mm-camera: af_port_event:4560  af_port_event: Received AF port event type: 2, dir: 0
03-21 14:37:19.648   370 23531 D QCamera2HWI: [KPI Perf] void qcamera::QCamera2HardwareInterface::debugShowPreviewFPS(): PROFILE_PREVIEW_FRAMES_PER_SECOND : 26.8165 Cam ID = 0
03-21 14:37:19.651   545 23519 E mm-camera: af_port_event:4560  af_port_event: Received AF port event type: 2, dir: 1
03-21 14:37:19.668   545 23470 E mm-camera: af_port_event:4560  af_port_event: Received AF port event type: 2, dir: 1
03-21 14:37:19.668   545 23470 E mm-camera: af_port_handle_module_event:2819  af_port_handle_module_event: Handle AF module event of type: 24
03-21 14:37:19.676   545 23472 E mm-camera: af_port_event:4560  af_port_event: Received AF port event type: 2, dir: 1
03-21 14:37:19.678   545 23508 E AEC_PORT: aec_port_stats_done_callback:868  aec_port_stats_done_callback DONE AEC STATS ACK back
03-21 14:37:19.682   545 23470 E mm-camera: af_port_handle_module_event:3018  af_port_handle_module_event: Handle gravity vector data update!
03-21 14:37:19.685   545 23519 E mm-camera: af_port_event:4560  af_port_event: Received AF port event type: 2, dir: 0
03-21 14:37:19.689   545 23508 D mm-camera-sensor: sensor_process:4093sctrl 0xf4c7c500 event 65
03-21 14:37:19.708   545 23470 E mm-camera: af_port_event:4560  af_port_event: Received AF port event type: 2, dir: 1
03-21 14:37:19.708   545 23470 E mm-camera: af_port_handle_module_event:2819  af_port_handle_module_event: Handle AF module event of type: 103
03-21 14:37:19.710   545 23509 E mm-camera: af_port_callback:1352  af_port_callback: AF port callback
03-21 14:37:19.717   545 23519 D mm-camera-sensor: sensor_fc_process:495post frame 2261 test_pattern mode 0
03-21 14:37:19.722   545 23508 D mm-camera-sensor: sensor_util_unpack_identity:296session_id 1 stream id 2
03-21 14:37:19.738   545 23470 E mm-camera: af_port_event:4560  af_port_event: Received AF port event type: 2, dir: 1
03-21 14:37:19.748   545 23470 E mm-camera: af_port_event:4560  af_port_event: Received AF port event type: 2, dir: 1
03-21 14:37:19.753   545 23538 D mm-camera-sensor: sensor_util_unpack_identity:296session_id 1 stream id 2
03-21 14:37:19.753   545 23538 D mm-camera-sensor: port_sensor_handle_upstream_module_event:834event id 37
03-21 14:37:19.753   545 23538 D mm-camera-sensor: port_sensor_handle_upstream_module_event:1051MCT_EVENT_MODULE_SOF_NOTIFY
03-21 14:37:19.753   545 23519 D mm-camera-sensor: sensor_util_unpack_identity:296session_id 1 stream id 15
03-21 14:37:19.754   545 23519 D mm-camera-sensor: module_sensor_module_process_event:4863event type 8 current_frame_id 2262 last_idx 2261
03-21 14:37:19.754   545 23519 D mm-camera-sensor: module_sensor_handle_sof_notify:274identity=0x1000f, frame_id=2262
03-21 14:37:19.754   545 23519 D mm-camera-sensor: sensor_fc_process:321[process 2262] SENSOR_FRAME_CTRL_EXP_META
03-21 14:37:19.754   545 23519 D mm-camera-sensor: sensor_fc_process:339post g 6.258582 lc 2875 lux 313.615479 cur sof 2262
03-21 14:37:19.754   545 23519 D mm-camera-sensor: sensor_fc_process:384[process 2262] SENSOR_FRAME_CTRL_POST_FRAME_DURATION 36954864
03-21 14:37:19.754   545 23519 D mm-camera-sensor: sensor_fc_process:375[process 2262] SENSOR_FRAME_CTRL_POST_EXP_TIME 29995832
03-21 14:37:19.754   545 23519 D mm-camera-sensor: sensor_fc_process:454[process 2262] SENSOR_FRAME_CTRL_CALCULATE_EXP_START_TIMESTAMP
03-21 14:37:19.754   545 23519 D mm-camera-sensor: sensor_process:4093sctrl 0xf4c7c500 event 22
03-21 14:37:19.754   545 23519 D mm-camera-sensor: sensor_get_exposure_starttime:3979sof 4000940392000 exposure time 29995832 line_readout 9049 adc_readout 8346
03-21 14:37:19.754   545 23519 D mm-camera-sensor: sensor_get_exposure_starttime:3989exposure timestamp 4000910378773
03-21 14:37:19.754   545 23519 D mm-camera-sensor: sensor_get_exposure_starttime:3995frame readout time 28232880
03-21 14:37:19.754   545 23519 D mm-camera-sensor: calculate_exposure_start_timestamp:114exposure start time 4000910378773
03-21 14:37:19.754   545 23519 D mm-camera-sensor: calculate_exposure_start_timestamp:115frame readout time 28232880
03-21 14:37:19.754   545 23519 D mm-camera-sensor: calculate_exposure_start_timestamp:120[process 2262] report exposure timestamp meta
03-21 14:37:19.754   545 23519 D mm-camera-sensor: calculate_exposure_start_timestamp:125[process 2262] report rolling shutter skew meta
03-21 14:37:19.754   545 23519 D mm-camera-sensor: sensor_fc_process:393[process 2262] SENSOR_FRAME_CTRL_POST_SENSITIVITY 312
03-21 14:37:19.754   545 23519 D mm-camera-sensor: sensor_fc_process:495post frame 2262 test_pattern mode 0
03-21 14:37:19.755   545 23519 D mm-camera-sensor: sensor_process:4093sctrl 0xf4c7c500 event 38
03-21 14:37:19.755   545 23519 D mm-camera-sensor: sensor_set_vfe_sof:1023AE Bracketing not enabled
03-21 14:37:19.755   545 23519 D mm-camera-sensor: sensor_process:4093sctrl 0xf4c7c500 event 9
03-21 14:37:19.765   545 23519 E mm-camera: af_port_event:4560  af_port_event: Received AF port event type: 1, dir: 1
03-21 14:37:19.765   545 23519 E mm-camera: af_port_handle_control_event:4382  af_port_handle_control_event: Handle Control event of type: 17
03-21 14:37:19.765   545 23508 D mm-camera-sensor: sensor_util_unpack_identity:296session_id 1 stream id 2
03-21 14:37:19.765   545 23519 E mm-camera: af_port_event:4610  af_port_event: X rc: 1
03-21 14:37:19.765   545 23508 D mm-camera-sensor: port_sensor_handle_upstream_module_event:834event id 12
03-21 14:37:19.765   545 23508 D mm-camera-sensor: port_sensor_handle_upstream_module_event:878stats update awb hdr
03-21 14:37:19.765   545 23509 E mm-camera-CORE: af_set_parameters:1009  af_set_parameters: Setting parameter: 17
03-21 14:37:19.765   545 23508 D mm-camera-sensor: sensor_process:4093sctrl 0xf4c7c500 event 65
03-21 14:37:19.778   545 23470 E mm-camera: af_port_event:4560  af_port_event: Received AF port event type: 2, dir: 1
03-21 14:37:19.778   545 23470 E mm-camera: af_port_handle_module_event:2819  af_port_handle_module_event: Handle AF module event of type: 103
03-21 14:37:19.779   545 23470 E mm-camera: af_port_handle_module_event:3018  af_port_handle_module_event: Handle gravity vector data update!
03-21 14:37:19.779   545 23470 E mm-camera: af_port_handle_gravity_update:2084  af_port_handle_gravity_update: af_port->gravity_vector_data =-7.293729,af_port->gravity_vector_data_applied =-7.304157,diff=0.010428 
03-21 14:37:19.779   545 23470 E mm-camera: af_port_event:4610  af_port_event: X rc: 1
03-21 14:37:19.780   545 23470 E mm-camera: af_port_event:4560  af_port_event: Received AF port event type: 2, dir: 1
03-21 14:37:19.780   545 23470 E mm-camera: af_port_handle_module_event:2819  af_port_handle_module_event: Handle AF module event of type: 24
03-21 14:37:19.780   545 23470 E mm-camera: af_port_handle_module_event:2946  af_port_handle_module_event: Handle gyro data update!
03-21 14:37:19.780   545 23470 E mm-camera: af_port_handle_gyro_update:1971  af_port_handle_gyro_update: i: 0 q16: 67 flt: 0.001022
03-21 14:37:19.780   545 23470 E mm-camera: af_port_handle_gyro_update:1971  af_port_handle_gyro_update: i: 1 q16: 61 flt: 0.000931
03-21 14:37:19.780   545 23470 E mm-camera: af_port_handle_gyro_update:1971  af_port_handle_gyro_update: i: 2 q16: -75 flt: -0.001144
03-21 14:37:19.781   545 23470 E mm-camera: af_port_event:4610  af_port_event: X rc: 1
03-21 14:37:19.781   545 23509 E mm-camera-CORE: af_set_parameters:1009  af_set_parameters: Setting parameter: 19
03-21 14:37:19.781   545 23509 E mm-camera-CORE: af_set_parameters:1016  af_set_parameters: param=0xe47f7010 af_obj=0xebf8a000, type =19
03-21 14:37:19.781   545 23509 E mm-camera-CORE: af_util_update_output_data:1047  af_util_update_output_data: Update output data of type: 8192
03-21 14:37:19.781   545 23509 E mm-camera-CORE: af_util_update_output_data:1198  debug data not enabled
03-21 14:37:19.781   545 23509 E mm-camera: af_port_callback:1352  af_port_callback: AF port callback
03-21 14:37:19.781   545 23509 E mm-camera: af_port_handle_set_focus_mode_to_hal_type:1073  af_port_handle_set_focus_mode_to_hal_type mode 2
03-21 14:37:19.781   545 23509 E mm-camera: af_port_callback:1475  af_port_callback: x
03-21 14:37:19.787   545 23472 E mm-camera: af_port_event:4560  af_port_event: Received AF port event type: 2, dir: 1
03-21 14:37:19.787   545 23472 E mm-camera: af_port_handle_module_event:2819  af_port_handle_module_event: Handle AF module event of type: 26
03-21 14:37:19.787   545 23472 E mm-camera: af_port_handle_module_event:2869  af_port_handle_module_event: Handle stats event
03-21 14:37:19.787   545 23472 E mm-camera: af_port_event:4610  af_port_event: X rc: 1
03-21 14:37:19.787   545 23511 E mm-camera: af_port_event:4560  af_port_event: Received AF port event type: 2, dir: 1
03-21 14:37:19.787   545 23511 E mm-camera: af_port_handle_module_event:2819  af_port_handle_module_event: Handle AF module event of type: 22
03-21 14:37:19.787   545 23511 E mm-camera: af_port_handle_module_event:3053  af_port_handle_module_event: Default. no action!
03-21 14:37:19.787   545 23511 E mm-camera: af_port_event:4610  af_port_event: X rc: 1
03-21 14:37:19.787   545 23511 E mm-camera: afd_port_stats_done_callback:100  afd_port_stats_done_callback DONE AFD stats ACK back
03-21 14:37:19.789   545 23508 E AEC_PORT: aec_port_stats_done_callback:868  aec_port_stats_done_callback DONE AEC STATS ACK back
03-21 14:37:19.789   545 23508 E mm-camera: awb_port_stats_done_callback:625  awb_port_stats_done_callback DONE AWB STATS ACK back
03-21 14:37:19.792   545 23538 D mm-camera-sensor: sensor_util_unpack_identity:296session_id 1 stream id 2
03-21 14:37:19.792   545 23538 D mm-camera-sensor: port_sensor_handle_upstream_module_event:834event id 37
03-21 14:37:19.792   545 23538 D mm-camera-sensor: port_sensor_handle_upstream_module_event:1051MCT_EVENT_MODULE_SOF_NOTIFY
03-21 14:37:19.792   545 23519 D mm-camera-sensor: sensor_util_unpack_identity:296session_id 1 stream id 15
03-21 14:37:19.792   545 23519 D mm-camera-sensor: module_sensor_module_process_event:4863event type 8 current_frame_id 2263 last_idx 2262
03-21 14:37:19.792   545 23519 D mm-camera-sensor: module_sensor_handle_sof_notify:274identity=0x1000f, frame_id=2263
03-21 14:37:19.792   545 23519 D mm-camera-sensor: sensor_fc_process:321[process 2263] SENSOR_FRAME_CTRL_EXP_META
03-21 14:37:19.792   545 23519 D mm-camera-sensor: sensor_fc_process:339post g 6.258582 lc 2875 lux 313.604248 cur sof 2263
03-21 14:37:19.792   545 23519 D mm-camera-sensor: sensor_fc_process:384[process 2263] SENSOR_FRAME_CTRL_POST_FRAME_DURATION 36954864
03-21 14:37:19.792   545 23519 D mm-camera-sensor: sensor_fc_process:375[process 2263] SENSOR_FRAME_CTRL_POST_EXP_TIME 29995832
03-21 14:37:19.793   545 23519 D mm-camera-sensor: sensor_fc_process:454[process 2263] SENSOR_FRAME_CTRL_CALCULATE_EXP_START_TIMESTAMP
03-21 14:37:19.793   545 23519 D mm-camera-sensor: sensor_process:4093sctrl 0xf4c7c500 event 22
03-21 14:37:19.793   545 23519 D mm-camera-sensor: sensor_get_exposure_starttime:3979sof 4000977347000 exposure time 29995832 line_readout 9049 adc_readout 8346
03-21 14:37:19.793   545 23519 D mm-camera-sensor: sensor_get_exposure_starttime:3989exposure timestamp 4000947333773
03-21 14:37:19.793   545 23519 D mm-camera-sensor: sensor_get_exposure_starttime:3995frame readout time 28232880
03-21 14:37:19.793   545 23519 D mm-camera-sensor: calculate_exposure_start_timestamp:114exposure start time 4000947333773
03-21 14:37:19.793   545 23519 D mm-camera-sensor: calculate_exposure_start_timestamp:115frame readout time 28232880
03-21 14:37:19.793   545 23519 D mm-camera-sensor: calculate_exposure_start_timestamp:120[process 2263] report exposure timestamp meta
03-21 14:37:19.793   545 23519 D mm-camera-sensor: calculate_exposure_start_timestamp:125[process 2263] report rolling shutter skew meta
03-21 14:37:19.793   545 23519 D mm-camera-sensor: sensor_fc_process:393[process 2263] SENSOR_FRAME_CTRL_POST_SENSITIVITY 312
03-21 14:37:19.793   545 23519 D mm-camera-sensor: sensor_fc_process:495post frame 2263 test_pattern mode 0
03-21 14:37:19.793   545 23519 D mm-camera-sensor: sensor_process:4093sctrl 0xf4c7c500 event 38
03-21 14:37:19.793   545 23519 D mm-camera-sensor: sensor_set_vfe_sof:1023AE Bracketing not enabled
03-21 14:37:19.793   545 23519 D mm-camera-sensor: sensor_process:4093sctrl 0xf4c7c500 event 9
03-21 14:37:19.793   545 23519 D mm-camera-sensor: sensor_get_digital_gain:1361enter
03-21 14:37:19.793   545 23519 D mm-camera-sensor: sensor_get_digital_gain:1367digital gain 1.002351
03-21 14:37:19.793   545 23519 D mm-camera-sensor: sensor_get_digital_gain:1368exit
03-21 14:37:19.794   545 23519 D mm-camera-sensor: sensor_util_src_port_identity_find_func:362port=0xf4c78d00; required identity=0x1000f
03-21 14:37:19.794   545 23519 D mm-camera-sensor: sensor_util_find_stream_with_streamtype:887id1=10, id2=10
03-21 14:37:19.794   545 23519 D mm-camera-sensor: sensor_util_get_session_stream_identity:933session based identity 0x1000f
03-21 14:37:19.794   545 23519 D mm-camera-sensor: sensor_util_traverse_port:579s_port=0xf4c78d00 event_func=0xf759dea1
03-21 14:37:19.794   545 23519 D mm-camera-sensor: sensor_util_unpack_identity:296session_id 1 stream id 15
03-21 14:37:19.794   545 23482 E mm-camera: af_port_event:4560  af_port_event: Received AF port event type: 2, dir: 1
03-21 14:37:19.794   545 23482 E mm-camera: af_port_handle_module_event:2819  af_port_handle_module_event: Handle AF module event of type: 39
03-21 14:37:19.794   545 23482 E mm-camera: af_port_handle_module_event:3053  af_port_handle_module_event: Default. no action!
03-21 14:37:19.794   545 23482 E mm-camera: af_port_event:4610  af_port_event: X rc: 1
03-21 14:37:19.794   545 23519 E mm-camera: af_port_event:4560  af_port_event: Received AF port event type: 2, dir: 1
03-21 14:37:19.794   545 23519 E mm-camera: af_port_handle_module_event:2819  af_port_handle_module_event: Handle AF module event of type: 32
03-21 14:37:19.794   545 23519 E mm-camera: af_port_handle_module_event:3053  af_port_handle_module_event: Default. no action!
03-21 14:37:19.801   545 23509 E mm-camera-CORE: af_util_update_output_data:1047  af_util_update_output_data: Update output data of type: 8192
03-21 14:37:19.804   545 23472 E mm-camera: af_fdprio_process_counters_int:151  af_fdprio_process_counters_int:151 Process counters
03-21 14:37:19.804   545 23472 E mm-camera: af_port_event:4610  af_port_event: X rc: 1
03-21 14:37:19.804   545 23509 E mm-camera-CORE: af_process:713  af_process: Process AF stats!
03-21 14:37:19.804   545 23509 E mm-camera-CORE: af_process:767  af_process: AF Inactive. Initialize first! Returning!
03-21 14:37:19.805   545 23509 E mm-camera: af_port_callback:1352  af_port_callback: AF port callback
03-21 14:37:19.805   545 23509 E mm-camera: af_port_callback:1475  af_port_callback: x
03-21 14:37:19.805   545 23509 E mm-camera: af_port_stats_done_callback:1318  af_port_stats_done_callback DONE AF STATS ACK back
03-21 14:37:19.818   545 23470 E mm-camera: af_port_event:4560  af_port_event: Received AF port event type: 2, dir: 1
03-21 14:37:19.818   545 23470 E mm-camera: af_port_handle_module_event:2819  af_port_handle_module_event: Handle AF module event of type: 103
03-21 14:37:19.826   545 23472 E mm-camera: af_port_event:4560  af_port_event: Received AF port event type: 2, dir: 1
